 game

 Timestamp is 58f5207b (Mon Apr 17 22:07:23 2017)

 Preferred load address is 0000000180000000

 Start         Length     Name                   Class
 0001:00000000 0000bc70H .text$mn                CODE
 0001:0000bc70 00000020H .text$mn$00             CODE
 0001:0000bc90 000002b4H .text$x                 CODE
 0002:00000000 000002b8H .idata$5                DATA
 0002:000002b8 00000010H .00cfg                  DATA
 0002:000002c8 00000008H .CRT$XCA                DATA
 0002:000002d0 00000008H .CRT$XCZ                DATA
 0002:000002d8 00000008H .CRT$XIA                DATA
 0002:000002e0 00000008H .CRT$XIZ                DATA
 0002:000002e8 00000008H .CRT$XPA                DATA
 0002:000002f0 00000008H .CRT$XPZ                DATA
 0002:000002f8 00000008H .CRT$XTA                DATA
 0002:00000300 00000010H .CRT$XTZ                DATA
 0002:00000310 00000cd8H .rdata                  DATA
 0002:00000fe8 000001f4H .rdata$r                DATA
 0002:000011dc 000002c4H .rdata$zzzdbg           DATA
 0002:000014a0 00000008H .rtc$IAA                DATA
 0002:000014a8 00000008H .rtc$IZZ                DATA
 0002:000014b0 00000008H .rtc$TAA                DATA
 0002:000014b8 00000008H .rtc$TZZ                DATA
 0002:000014c0 00000928H .xdata                  DATA
 0002:00001de8 000000f8H .xdata$x                DATA
 0002:00001ee0 00000044H .edata                  DATA
 0002:00001f24 000000c8H .idata$2                DATA
 0002:00001fec 00000014H .idata$3                DATA
 0002:00002000 000002b8H .idata$4                DATA
 0002:000022b8 0000069aH .idata$6                DATA
 0003:00000000 00000788H .data                   DATA
 0003:00000788 000000b8H .data$r                 DATA
 0003:00000840 00001658H .bss                    DATA
 0004:00000000 00000b1cH .pdata                  DATA
 0005:00000000 0000002cH .gfids$y                DATA

  Address         Publics by Value              Rva+Base               Lib:Object

 0000:00000000       __dynamic_value_reloc_table 0000000000000000     <absolute>
 0000:00000000       __guard_longjmp_count      0000000000000000     <absolute>
 0000:00000000       __guard_fids_count         0000000000000000     <absolute>
 0000:00000000       __guard_longjmp_table      0000000000000000     <absolute>
 0000:00000000       ___safe_se_handler_table   0000000000000000     <absolute>
 0000:00000000       __guard_iat_table          0000000000000000     <absolute>
 0000:00000000       ___safe_se_handler_count   0000000000000000     <absolute>
 0000:00000000       __guard_iat_count          0000000000000000     <absolute>
 0000:00000000       __guard_fids_table         0000000000000000     <absolute>
 0000:00000100       __guard_flags              0000000000000100     <absolute>
 0000:00000000       __ImageBase                0000000180000000     <linker-defined>
 0001:00000000       stb_perlin_noise3          0000000180001000 f   game.obj
 0001:00000670       stb_perlin_ridge_noise3    0000000180001670 f   game.obj
 0001:00000810       stb_perlin_fbm_noise3      0000000180001810 f   game.obj
 0001:00000930       stb_perlin_turbulence_noise3 0000000180001930 f   game.obj
 0001:00000ba0       ?UpdateStub@@YAXNPEAUgame_state@@@Z 0000000180001ba0 f   game.obj
 0001:00000bc0       ?CharacterCallback@@YAXPEAUGLFWwindow@@I@Z 0000000180001bc0 f   game.obj
 0001:00000cd0       ?PlaySound@@YAXPEAUloaded_sound@@@Z 0000000180001cd0 f   game.obj
 0001:00000e20       ?PlaySoundOnce@@YAXPEAUloaded_sound@@@Z 0000000180001e20 f   game.obj
 0001:00000e80       ?PauseSound@@YAXPEAUloaded_sound@@@Z 0000000180001e80 f   game.obj
 0001:00000eb0       ?StopSound@@YAXPEAUloaded_sound@@@Z 0000000180001eb0 f   game.obj
 0001:00000ee0       ?ExecuteCommand@@YAXPEAUgame_state@@@Z 0000000180001ee0 f   game.obj
 0001:00001090       Update                     0000000180002090 f   game.obj
 0001:00001810       ??$?0AEBH$$Z$$V@?$pair@$$CBHI@std@@QEAA@Upiecewise_construct_t@1@V?$tuple@AEBH@1@V?$tuple@$$V@1@@Z 0000000180002810 f i game.obj
 0001:00001860       ??$?0AEBH$$Z$$V@?$pair@$$CBH_N@std@@QEAA@Upiecewise_construct_t@1@V?$tuple@AEBH@1@V?$tuple@$$V@1@@Z 0000000180002860 f i game.obj
 0001:000018b0       ??$?0AEBH$0A@@?$tuple@AEBH@std@@QEAA@AEBH@Z 00000001800028b0 f i game.obj
 0001:00001900       ??$?0AEBH@?$_Tuple_val@AEBH@std@@QEAA@AEBH@Z 0000000180002900 f i game.obj
 0001:00001930       ??$?0HHHH@?$tvec4@M$0A@@glm@@QEAA@HHHH@Z 0000000180002930 f i game.obj
 0001:00001990       ??$?0HHHM@?$tvec4@M$0A@@glm@@QEAA@HHHM@Z 0000000180002990 f i game.obj
 0001:000019f0       ??$?0HHM@?$tvec3@M$0A@@glm@@QEAA@HHM@Z 00000001800029f0 f i game.obj
 0001:00001a40       ??$?0HHMH@?$tvec4@M$0A@@glm@@QEAA@HHMH@Z 0000000180002a40 f i game.obj
 0001:00001aa0       ??$?0HMHH@?$tvec4@M$0A@@glm@@QEAA@HMHH@Z 0000000180002aa0 f i game.obj
 0001:00001b00       ??$?0M$0A@@?$tvec3@M$0A@@glm@@QEAA@AEBU?$tvec4@M$0A@@1@@Z 0000000180002b00 f i game.obj
 0001:00001b50       ??$?0MHHH@?$tvec4@M$0A@@glm@@QEAA@MHHH@Z 0000000180002b50 f i game.obj
 0001:00001bb0       ??$?0MM$0A@@?$tvec4@M$0A@@glm@@QEAA@AEBU?$tvec3@M$0A@@1@M@Z 0000000180002bb0 f i game.obj
 0001:00001c10       ??$?0MMH@?$tvec3@M$0A@@glm@@QEAA@MMH@Z 0000000180002c10 f i game.obj
 0001:00001c60       ??$?0NNH@?$tvec3@M$0A@@glm@@QEAA@NNH@Z 0000000180002c60 f i game.obj
 0001:00001cb0       ??$?0U_Exact_args_t@std@@$0A@@?$tuple@$$V@std@@QEAA@U_Exact_args_t@1@@Z 0000000180002cb0 f i game.obj
 0001:00001cc0       ??$?0V?$_Tree_iterator@V?$_Tree_val@U?$_Tree_simple_types@U?$pair@$$CBHI@std@@@std@@@std@@@std@@_NX$0A@@?$pair@V?$_Tree_iterator@V?$_Tree_val@U?$_Tree_simple_types@U?$pair@$$CBHI@std@@@std@@@std@@@std@@_N@std@@QEAA@$$QEAV?$_Tree_iterator@V?$_Tree_val@U?$_Tree_simple_types@U?$pair@$$CBHI@std@@@std@@@std@@@1@$$QEA_N@Z 0000000180002cc0 f i game.obj
 0001:00001cc0       ??$?0AEAV?$_Tree_iterator@V?$_Tree_val@U?$_Tree_simple_types@U?$pair@$$CBHI@std@@@std@@@std@@@std@@_NX$0A@@?$pair@V?$_Tree_iterator@V?$_Tree_val@U?$_Tree_simple_types@U?$pair@$$CBHI@std@@@std@@@std@@@std@@_N@std@@QEAA@AEAV?$_Tree_iterator@V?$_Tree_val@U?$_Tree_simple_types@U?$pair@$$CBHI@std@@@std@@@std@@@1@$$QEA_N@Z 0000000180002cc0 f i game.obj
 0001:00001cc0       ??$?0V?$_Tree_iterator@V?$_Tree_val@U?$_Tree_simple_types@U?$pair@$$CBH_N@std@@@std@@@std@@@std@@_NX$0A@@?$pair@V?$_Tree_iterator@V?$_Tree_val@U?$_Tree_simple_types@U?$pair@$$CBH_N@std@@@std@@@std@@@std@@_N@std@@QEAA@$$QEAV?$_Tree_iterator@V?$_Tree_val@U?$_Tree_simple_types@U?$pair@$$CBH_N@std@@@std@@@std@@@1@$$QEA_N@Z 0000000180002cc0 f i game.obj
 0001:00001cc0       ??$?0AEAV?$_Tree_iterator@V?$_Tree_val@U?$_Tree_simple_types@U?$pair@$$CBH_N@std@@@std@@@std@@@std@@_NX$0A@@?$pair@V?$_Tree_iterator@V?$_Tree_val@U?$_Tree_simple_types@U?$pair@$$CBH_N@std@@@std@@@std@@@std@@_N@std@@QEAA@AEAV?$_Tree_iterator@V?$_Tree_val@U?$_Tree_simple_types@U?$pair@$$CBH_N@std@@@std@@@std@@@1@$$QEA_N@Z 0000000180002cc0 f i game.obj
 0001:00001d10       ??$?0V?$tuple@AEBH@std@@V?$tuple@$$V@1@$0A@$$Z$S@?$pair@$$CBHI@std@@QEAA@AEAV?$tuple@AEBH@1@AEAV?$tuple@$$V@1@U?$integer_sequence@_K$0A@@1@U?$integer_sequence@_K$S@1@@Z 0000000180002d10 f i game.obj
 0001:00001d60       ??$?0V?$tuple@AEBH@std@@V?$tuple@$$V@1@$0A@$$Z$S@?$pair@$$CBH_N@std@@QEAA@AEAV?$tuple@AEBH@1@AEAV?$tuple@$$V@1@U?$integer_sequence@_K$0A@@1@U?$integer_sequence@_K$S@1@@Z 0000000180002d60 f i game.obj
 0001:00001db0       ??$?DM$0A@@glm@@YA?AU?$tmat4x4@M$0A@@0@AEBU10@0@Z 0000000180002db0 f i game.obj
 0001:00002400       ??$?DM$0A@@glm@@YA?AU?$tmat4x4@M$0A@@0@AEBU10@AEBM@Z 0000000180003400 f i game.obj
 0001:00002510       ??$?DM$0A@@glm@@YA?AU?$tvec2@M$0A@@0@AEBU10@0@Z 0000000180003510 f i game.obj
 0001:00002560       ??$?DM$0A@@glm@@YA?AU?$tvec2@M$0A@@0@AEBU10@M@Z 0000000180003560 f i game.obj
 0001:000025b0       ??$?DM$0A@@glm@@YA?AU?$tvec4@M$0A@@0@AEBU10@0@Z 00000001800035b0 f i game.obj
 0001:00002610       ??$?DM$0A@@glm@@YA?AU?$tvec4@M$0A@@0@AEBU10@M@Z 0000000180003610 f i game.obj
 0001:00002670       ??$?DM$0A@@glm@@YA?AU?$tvec4@M$0A@@0@AEBU?$tmat4x4@M$0A@@0@AEBU10@@Z 0000000180003670 f i game.obj
 0001:00002820       ??$?GM$0A@@glm@@YA?AU?$tvec2@M$0A@@0@AEBU10@0@Z 0000000180003820 f i game.obj
 0001:00002870       ??$?GM$0A@@glm@@YA?AU?$tvec4@M$0A@@0@AEBU10@0@Z 0000000180003870 f i game.obj
 0001:000028d0       ??$?GM$0A@@glm@@YA?AU?$tvec4@M$0A@@0@AEBU10@M@Z 00000001800038d0 f i game.obj
 0001:00002930       ??$?HM$0A@@glm@@YA?AU?$tvec4@M$0A@@0@AEBU10@0@Z 0000000180003930 f i game.obj
 0001:00002990       ??$?XM@?$tvec4@M$0A@@glm@@QEAAAEAU01@AEBU01@@Z 0000000180003990 f i game.obj
 0001:000029f0       ??$?XM@?$tvec4@M$0A@@glm@@QEAAAEAU01@M@Z 00000001800039f0 f i game.obj
 0001:00002a40       ??$?YM@?$tvec4@M$0A@@glm@@QEAAAEAU01@AEBU01@@Z 0000000180003a40 f i game.obj
 0001:00002aa0       ??$?ZM@?$tvec4@M$0A@@glm@@QEAAAEAU01@AEBU01@@Z 0000000180003aa0 f i game.obj
 0001:00002b00       ??$?ZM@?$tvec4@M$0A@@glm@@QEAAAEAU01@M@Z 0000000180003b00 f i game.obj
 0001:00002b50       ??$?_0M@?$tvec4@M$0A@@glm@@QEAAAEAU01@M@Z 0000000180003b50 f i game.obj
 0001:00002ba0       ??$_Buynode@AEBUpiecewise_construct_t@std@@V?$tuple@AEBH@2@V?$tuple@$$V@2@@?$_Tree_comp_alloc@V?$_Tmap_traits@HIU?$less@H@std@@V?$allocator@U?$pair@$$CBHI@std@@@2@$0A@@std@@@std@@QEAAPEAU?$_Tree_node@U?$pair@$$CBHI@std@@PEAX@1@AEBUpiecewise_construct_t@1@$$QEAV?$tuple@AEBH@1@$$QEAV?$tuple@$$V@1@@Z 0000000180003ba0 f i game.obj
 0001:00002c90       ??$_Buynode@AEBUpiecewise_construct_t@std@@V?$tuple@AEBH@2@V?$tuple@$$V@2@@?$_Tree_comp_alloc@V?$_Tmap_traits@H_NU?$less@H@std@@V?$allocator@U?$pair@$$CBH_N@std@@@2@$0A@@std@@@std@@QEAAPEAU?$_Tree_node@U?$pair@$$CBH_N@std@@PEAX@1@AEBUpiecewise_construct_t@1@$$QEAV?$tuple@AEBH@1@$$QEAV?$tuple@$$V@1@@Z 0000000180003c90 f i game.obj
 0001:00002d80       ??$_Buynode_if_nil@AEAU?$pair@$$CBHI@std@@@?$_Tree@V?$_Tmap_traits@HIU?$less@H@std@@V?$allocator@U?$pair@$$CBHI@std@@@2@$0A@@std@@@std@@IEAAPEAU?$_Tree_node@U?$pair@$$CBHI@std@@PEAX@1@PEAU21@AEAU?$pair@$$CBHI@1@@Z 0000000180003d80 f i game.obj
 0001:00002d80       ??$_Buynode_if_nil@AEAU?$pair@$$CBH_N@std@@@?$_Tree@V?$_Tmap_traits@H_NU?$less@H@std@@V?$allocator@U?$pair@$$CBH_N@std@@@2@$0A@@std@@@std@@IEAAPEAU?$_Tree_node@U?$pair@$$CBH_N@std@@PEAX@1@PEAU21@AEAU?$pair@$$CBH_N@1@@Z 0000000180003d80 f i game.obj
 0001:00002da0       ??$_Insert_at@AEAU?$pair@$$CBHI@std@@PEAU?$_Tree_node@U?$pair@$$CBHI@std@@PEAX@2@@?$_Tree@V?$_Tmap_traits@HIU?$less@H@std@@V?$allocator@U?$pair@$$CBHI@std@@@2@$0A@@std@@@std@@IEAA?AV?$_Tree_iterator@V?$_Tree_val@U?$_Tree_simple_types@U?$pair@$$CBHI@std@@@std@@@std@@@1@_NPEAU?$_Tree_node@U?$pair@$$CBHI@std@@PEAX@1@AEAU?$pair@$$CBHI@1@1@Z 0000000180003da0 f i game.obj
 0001:00002da0       ??$_Insert_at@AEAU?$pair@$$CBH_N@std@@PEAU?$_Tree_node@U?$pair@$$CBH_N@std@@PEAX@2@@?$_Tree@V?$_Tmap_traits@H_NU?$less@H@std@@V?$allocator@U?$pair@$$CBH_N@std@@@2@$0A@@std@@@std@@IEAA?AV?$_Tree_iterator@V?$_Tree_val@U?$_Tree_simple_types@U?$pair@$$CBH_N@std@@@std@@@std@@@1@_NPEAU?$_Tree_node@U?$pair@$$CBH_N@std@@PEAX@1@AEAU?$pair@$$CBH_N@1@1@Z 0000000180003da0 f i game.obj
 0001:00003200       ??$_Insert_hint@AEAU?$pair@$$CBHI@std@@PEAU?$_Tree_node@U?$pair@$$CBHI@std@@PEAX@2@@?$_Tree@V?$_Tmap_traits@HIU?$less@H@std@@V?$allocator@U?$pair@$$CBHI@std@@@2@$0A@@std@@@std@@IEAA?AV?$_Tree_iterator@V?$_Tree_val@U?$_Tree_simple_types@U?$pair@$$CBHI@std@@@std@@@std@@@1@V?$_Tree_const_iterator@V?$_Tree_val@U?$_Tree_simple_types@U?$pair@$$CBHI@std@@@std@@@std@@@1@AEAU?$pair@$$CBHI@1@PEAU?$_Tree_node@U?$pair@$$CBHI@std@@PEAX@1@@Z 0000000180004200 f i game.obj
 0001:000040e0       ??$_Insert_hint@AEAU?$pair@$$CBH_N@std@@PEAU?$_Tree_node@U?$pair@$$CBH_N@std@@PEAX@2@@?$_Tree@V?$_Tmap_traits@H_NU?$less@H@std@@V?$allocator@U?$pair@$$CBH_N@std@@@2@$0A@@std@@@std@@IEAA?AV?$_Tree_iterator@V?$_Tree_val@U?$_Tree_simple_types@U?$pair@$$CBH_N@std@@@std@@@std@@@1@V?$_Tree_const_iterator@V?$_Tree_val@U?$_Tree_simple_types@U?$pair@$$CBH_N@std@@@std@@@std@@@1@AEAU?$pair@$$CBH_N@1@PEAU?$_Tree_node@U?$pair@$$CBH_N@std@@PEAX@1@@Z 00000001800050e0 f i game.obj
 0001:00004fc0       ??$_Insert_nohint@AEAU?$pair@$$CBHI@std@@PEAU?$_Tree_node@U?$pair@$$CBHI@std@@PEAX@2@@?$_Tree@V?$_Tmap_traits@HIU?$less@H@std@@V?$allocator@U?$pair@$$CBHI@std@@@2@$0A@@std@@@std@@IEAA?AU?$pair@V?$_Tree_iterator@V?$_Tree_val@U?$_Tree_simple_types@U?$pair@$$CBHI@std@@@std@@@std@@@std@@_N@1@_NAEAU?$pair@$$CBHI@1@PEAU?$_Tree_node@U?$pair@$$CBHI@std@@PEAX@1@@Z 0000000180005fc0 f i game.obj
 0001:00005430       ??$_Insert_nohint@AEAU?$pair@$$CBH_N@std@@PEAU?$_Tree_node@U?$pair@$$CBH_N@std@@PEAX@2@@?$_Tree@V?$_Tmap_traits@H_NU?$less@H@std@@V?$allocator@U?$pair@$$CBH_N@std@@@2@$0A@@std@@@std@@IEAA?AU?$pair@V?$_Tree_iterator@V?$_Tree_val@U?$_Tree_simple_types@U?$pair@$$CBH_N@std@@@std@@@std@@@std@@_N@1@_NAEAU?$pair@$$CBH_N@1@PEAU?$_Tree_node@U?$pair@$$CBH_N@std@@PEAX@1@@Z 0000000180006430 f i game.obj
 0001:000058a0       ??$_Lbound@H@?$_Tree@V?$_Tmap_traits@HIU?$less@H@std@@V?$allocator@U?$pair@$$CBHI@std@@@2@$0A@@std@@@std@@IEBAPEAU?$_Tree_node@U?$pair@$$CBHI@std@@PEAX@1@AEBH@Z 00000001800068a0 f i game.obj
 0001:000058a0       ??$_Lbound@H@?$_Tree@V?$_Tmap_traits@H_NU?$less@H@std@@V?$allocator@U?$pair@$$CBH_N@std@@@2@$0A@@std@@@std@@IEBAPEAU?$_Tree_node@U?$pair@$$CBH_N@std@@PEAX@1@AEBH@Z 00000001800068a0 f i game.obj
 0001:00005950       ??$_Try_emplace@AEBH$$V@?$map@HIU?$less@H@std@@V?$allocator@U?$pair@$$CBHI@std@@@2@@std@@QEAA?AU?$pair@V?$_Tree_iterator@V?$_Tree_val@U?$_Tree_simple_types@U?$pair@$$CBHI@std@@@std@@@std@@@std@@_N@1@AEBH@Z 0000000180006950 f i game.obj
 0001:00005ab0       ??$_Try_emplace@AEBH$$V@?$map@H_NU?$less@H@std@@V?$allocator@U?$pair@$$CBH_N@std@@@2@@std@@QEAA?AU?$pair@V?$_Tree_iterator@V?$_Tree_val@U?$_Tree_simple_types@U?$pair@$$CBH_N@std@@@std@@@std@@@std@@_N@1@AEBH@Z 0000000180006ab0 f i game.obj
 0001:00005c10       ??$construct@PEAU?$_Tree_node@U?$pair@$$CBHI@std@@PEAX@std@@AEAPEAU12@@?$_Wrap_alloc@V?$allocator@U?$_Tree_node@U?$pair@$$CBHI@std@@PEAX@std@@@std@@@std@@QEAAXPEAPEAU?$_Tree_node@U?$pair@$$CBHI@std@@PEAX@1@AEAPEAU21@@Z 0000000180006c10 f i game.obj
 0001:00005c10       ??$construct@PEAU?$_Tree_node@U?$pair@$$CBH_N@std@@PEAX@std@@AEAPEAU12@@?$_Wrap_alloc@V?$allocator@U?$_Tree_node@U?$pair@$$CBH_N@std@@PEAX@std@@@std@@@std@@QEAAXPEAPEAU?$_Tree_node@U?$pair@$$CBH_N@std@@PEAX@1@AEAPEAU21@@Z 0000000180006c10 f i game.obj
 0001:00005c50       ??$construct@PEAU?$_Tree_node@U?$pair@$$CBHI@std@@PEAX@std@@AEAPEAU12@@?$allocator@U?$_Tree_node@U?$pair@$$CBHI@std@@PEAX@std@@@std@@QEAAXPEAPEAU?$_Tree_node@U?$pair@$$CBHI@std@@PEAX@1@AEAPEAU21@@Z 0000000180006c50 f i game.obj
 0001:00005c50       ??$construct@PEAU?$_Tree_node@U?$pair@$$CBH_N@std@@PEAX@std@@AEAPEAU12@@?$allocator@U?$_Tree_node@U?$pair@$$CBH_N@std@@PEAX@std@@@std@@QEAAXPEAPEAU?$_Tree_node@U?$pair@$$CBH_N@std@@PEAX@1@AEAPEAU21@@Z 0000000180006c50 f i game.obj
 0001:00005cb0       ??$construct@PEAU?$_Tree_node@U?$pair@$$CBHI@std@@PEAX@std@@AEAPEAU12@@?$allocator_traits@V?$allocator@U?$_Tree_node@U?$pair@$$CBHI@std@@PEAX@std@@@std@@@std@@SAXAEAV?$allocator@U?$_Tree_node@U?$pair@$$CBHI@std@@PEAX@std@@@1@PEAPEAU?$_Tree_node@U?$pair@$$CBHI@std@@PEAX@1@AEAPEAU31@@Z 0000000180006cb0 f i game.obj
 0001:00005cb0       ??$construct@PEAU?$_Tree_node@U?$pair@$$CBH_N@std@@PEAX@std@@AEAPEAU12@@?$allocator_traits@V?$allocator@U?$_Tree_node@U?$pair@$$CBH_N@std@@PEAX@std@@@std@@@std@@SAXAEAV?$allocator@U?$_Tree_node@U?$pair@$$CBH_N@std@@PEAX@std@@@1@PEAPEAU?$_Tree_node@U?$pair@$$CBH_N@std@@PEAX@1@AEAPEAU31@@Z 0000000180006cb0 f i game.obj
 0001:00005cf0       ??$construct@U?$pair@$$CBHI@std@@AEBUpiecewise_construct_t@2@V?$tuple@AEBH@2@V?$tuple@$$V@2@@?$_Wrap_alloc@V?$allocator@U?$_Tree_node@U?$pair@$$CBHI@std@@PEAX@std@@@std@@@std@@QEAAXPEAU?$pair@$$CBHI@1@AEBUpiecewise_construct_t@1@$$QEAV?$tuple@AEBH@1@$$QEAV?$tuple@$$V@1@@Z 0000000180006cf0 f i game.obj
 0001:00005d60       ??$construct@U?$pair@$$CBHI@std@@AEBUpiecewise_construct_t@2@V?$tuple@AEBH@2@V?$tuple@$$V@2@@?$allocator@U?$_Tree_node@U?$pair@$$CBHI@std@@PEAX@std@@@std@@QEAAXPEAU?$pair@$$CBHI@1@AEBUpiecewise_construct_t@1@$$QEAV?$tuple@AEBH@1@$$QEAV?$tuple@$$V@1@@Z 0000000180006d60 f i game.obj
 0001:00005e40       ??$construct@U?$pair@$$CBHI@std@@AEBUpiecewise_construct_t@2@V?$tuple@AEBH@2@V?$tuple@$$V@2@@?$allocator_traits@V?$allocator@U?$_Tree_node@U?$pair@$$CBHI@std@@PEAX@std@@@std@@@std@@SAXAEAV?$allocator@U?$_Tree_node@U?$pair@$$CBHI@std@@PEAX@std@@@1@PEAU?$pair@$$CBHI@1@AEBUpiecewise_construct_t@1@$$QEAV?$tuple@AEBH@1@$$QEAV?$tuple@$$V@1@@Z 0000000180006e40 f i game.obj
 0001:00005eb0       ??$construct@U?$pair@$$CBH_N@std@@AEBUpiecewise_construct_t@2@V?$tuple@AEBH@2@V?$tuple@$$V@2@@?$_Wrap_alloc@V?$allocator@U?$_Tree_node@U?$pair@$$CBH_N@std@@PEAX@std@@@std@@@std@@QEAAXPEAU?$pair@$$CBH_N@1@AEBUpiecewise_construct_t@1@$$QEAV?$tuple@AEBH@1@$$QEAV?$tuple@$$V@1@@Z 0000000180006eb0 f i game.obj
 0001:00005f20       ??$construct@U?$pair@$$CBH_N@std@@AEBUpiecewise_construct_t@2@V?$tuple@AEBH@2@V?$tuple@$$V@2@@?$allocator@U?$_Tree_node@U?$pair@$$CBH_N@std@@PEAX@std@@@std@@QEAAXPEAU?$pair@$$CBH_N@1@AEBUpiecewise_construct_t@1@$$QEAV?$tuple@AEBH@1@$$QEAV?$tuple@$$V@1@@Z 0000000180006f20 f i game.obj
 0001:00006000       ??$construct@U?$pair@$$CBH_N@std@@AEBUpiecewise_construct_t@2@V?$tuple@AEBH@2@V?$tuple@$$V@2@@?$allocator_traits@V?$allocator@U?$_Tree_node@U?$pair@$$CBH_N@std@@PEAX@std@@@std@@@std@@SAXAEAV?$allocator@U?$_Tree_node@U?$pair@$$CBH_N@std@@PEAX@std@@@1@PEAU?$pair@$$CBH_N@1@AEBUpiecewise_construct_t@1@$$QEAV?$tuple@AEBH@1@$$QEAV?$tuple@$$V@1@@Z 0000000180007000 f i game.obj
 0001:00006070       ??$destroy@PEAU?$_Tree_node@U?$pair@$$CBHI@std@@PEAX@std@@@?$_Wrap_alloc@V?$allocator@U?$_Tree_node@U?$pair@$$CBHI@std@@PEAX@std@@@std@@@std@@QEAAXPEAPEAU?$_Tree_node@U?$pair@$$CBHI@std@@PEAX@1@@Z 0000000180007070 f i game.obj
 0001:00006070       ??$destroy@U?$pair@$$CBHI@std@@@?$_Wrap_alloc@V?$allocator@U?$_Tree_node@U?$pair@$$CBHI@std@@PEAX@std@@@std@@@std@@QEAAXPEAU?$pair@$$CBHI@1@@Z 0000000180007070 f i game.obj
 0001:00006070       ??$destroy@PEAU?$_Tree_node@U?$pair@$$CBH_N@std@@PEAX@std@@@?$_Wrap_alloc@V?$allocator@U?$_Tree_node@U?$pair@$$CBH_N@std@@PEAX@std@@@std@@@std@@QEAAXPEAPEAU?$_Tree_node@U?$pair@$$CBH_N@std@@PEAX@1@@Z 0000000180007070 f i game.obj
 0001:00006070       ??$destroy@U?$pair@$$CBH_N@std@@@?$_Wrap_alloc@V?$allocator@U?$_Tree_node@U?$pair@$$CBH_N@std@@PEAX@std@@@std@@@std@@QEAAXPEAU?$pair@$$CBH_N@1@@Z 0000000180007070 f i game.obj
 0001:000060a0       ??3@YAXPEAX0@Z             00000001800070a0 f i game.obj
 0001:000060a0       ??$destroy@U?$pair@$$CBHI@std@@@?$allocator@U?$_Tree_node@U?$pair@$$CBHI@std@@PEAX@std@@@std@@QEAAXPEAU?$pair@$$CBHI@1@@Z 00000001800070a0 f i game.obj
 0001:000060a0       ?_Adopt@_Iterator_base0@std@@QEAAXPEBX@Z 00000001800070a0 f i game.obj
 0001:000060a0       ??$destroy@PEAU?$_Tree_node@U?$pair@$$CBHI@std@@PEAX@std@@@?$allocator@U?$_Tree_node@U?$pair@$$CBHI@std@@PEAX@std@@@std@@QEAAXPEAPEAU?$_Tree_node@U?$pair@$$CBHI@std@@PEAX@1@@Z 00000001800070a0 f i game.obj
 0001:000060a0       ??$destroy@U?$pair@$$CBH_N@std@@@?$allocator@U?$_Tree_node@U?$pair@$$CBH_N@std@@PEAX@std@@@std@@QEAAXPEAU?$pair@$$CBH_N@1@@Z 00000001800070a0 f i game.obj
 0001:000060a0       ??$destroy@PEAU?$_Tree_node@U?$pair@$$CBH_N@std@@PEAX@std@@@?$allocator@U?$_Tree_node@U?$pair@$$CBH_N@std@@PEAX@std@@@std@@QEAAXPEAPEAU?$_Tree_node@U?$pair@$$CBH_N@std@@PEAX@1@@Z 00000001800070a0 f i game.obj
 0001:000060b0       ??$destroy@U?$pair@$$CBH_N@std@@@?$allocator_traits@V?$allocator@U?$_Tree_node@U?$pair@$$CBH_N@std@@PEAX@std@@@std@@@std@@SAXAEAV?$allocator@U?$_Tree_node@U?$pair@$$CBH_N@std@@PEAX@std@@@1@PEAU?$pair@$$CBH_N@1@@Z 00000001800070b0 f i game.obj
 0001:000060b0       ??$destroy@PEAU?$_Tree_node@U?$pair@$$CBHI@std@@PEAX@std@@@?$allocator_traits@V?$allocator@U?$_Tree_node@U?$pair@$$CBHI@std@@PEAX@std@@@std@@@std@@SAXAEAV?$allocator@U?$_Tree_node@U?$pair@$$CBHI@std@@PEAX@std@@@1@PEAPEAU?$_Tree_node@U?$pair@$$CBHI@std@@PEAX@1@@Z 00000001800070b0 f i game.obj
 0001:000060b0       ??$destroy@U?$pair@$$CBHI@std@@@?$allocator_traits@V?$allocator@U?$_Tree_node@U?$pair@$$CBHI@std@@PEAX@std@@@std@@@std@@SAXAEAV?$allocator@U?$_Tree_node@U?$pair@$$CBHI@std@@PEAX@std@@@1@PEAU?$pair@$$CBHI@1@@Z 00000001800070b0 f i game.obj
 0001:000060b0       ??$destroy@PEAU?$_Tree_node@U?$pair@$$CBH_N@std@@PEAX@std@@@?$allocator_traits@V?$allocator@U?$_Tree_node@U?$pair@$$CBH_N@std@@PEAX@std@@@std@@@std@@SAXAEAV?$allocator@U?$_Tree_node@U?$pair@$$CBH_N@std@@PEAX@std@@@1@PEAPEAU?$_Tree_node@U?$pair@$$CBH_N@std@@PEAX@1@@Z 00000001800070b0 f i game.obj
 0001:000060e0       ??$dot@M$0A@Utvec2@glm@@@glm@@YAMAEBU?$tvec2@M$0A@@0@0@Z 00000001800070e0 f i game.obj
 0001:00006110       ??$emplace_hint@AEBUpiecewise_construct_t@std@@V?$tuple@AEBH@2@V?$tuple@$$V@2@@?$_Tree@V?$_Tmap_traits@HIU?$less@H@std@@V?$allocator@U?$pair@$$CBHI@std@@@2@$0A@@std@@@std@@QEAA?AV?$_Tree_iterator@V?$_Tree_val@U?$_Tree_simple_types@U?$pair@$$CBHI@std@@@std@@@std@@@1@V?$_Tree_const_iterator@V?$_Tree_val@U?$_Tree_simple_types@U?$pair@$$CBHI@std@@@std@@@std@@@1@AEBUpiecewise_construct_t@1@$$QEAV?$tuple@AEBH@1@$$QEAV?$tuple@$$V@1@@Z 0000000180007110 f i game.obj
 0001:000061b0       ??$emplace_hint@AEBUpiecewise_construct_t@std@@V?$tuple@AEBH@2@V?$tuple@$$V@2@@?$_Tree@V?$_Tmap_traits@H_NU?$less@H@std@@V?$allocator@U?$pair@$$CBH_N@std@@@2@$0A@@std@@@std@@QEAA?AV?$_Tree_iterator@V?$_Tree_val@U?$_Tree_simple_types@U?$pair@$$CBH_N@std@@@std@@@std@@@1@V?$_Tree_const_iterator@V?$_Tree_val@U?$_Tree_simple_types@U?$pair@$$CBH_N@std@@@std@@@std@@@1@AEBUpiecewise_construct_t@1@$$QEAV?$tuple@AEBH@1@$$QEAV?$tuple@$$V@1@@Z 00000001800071b0 f i game.obj
 0001:00006250       ??$forward_as_tuple@$$V@std@@YA?AV?$tuple@$$V@0@XZ 0000000180007250 f i game.obj
 0001:00006270       ??$forward_as_tuple@AEBH@std@@YA?AV?$tuple@AEBH@0@AEBH@Z 0000000180007270 f i game.obj
 0001:000062b0       ??$get@$0A@AEBH@std@@YAAEBH$$QEAV?$tuple@AEBH@0@@Z 00000001800072b0 f i game.obj
 0001:000062d0       ??$inverse@M$0A@Utmat4x4@glm@@@glm@@YA?AU?$tmat4x4@M$0A@@0@AEBU10@@Z 00000001800072d0 f i game.obj
 0001:00006300       ??$inversesqrt@M@glm@@YAMM@Z 0000000180007300 f i game.obj
 0001:00006330       ??$normalize@M$0A@Utvec2@glm@@@glm@@YA?AU?$tvec2@M$0A@@0@AEBU10@@Z 0000000180007330 f i game.obj
 0001:00006360       ??$ortho@M@glm@@YA?AU?$tmat4x4@M$0A@@0@MMMMMM@Z 0000000180007360 f i game.obj
 0001:000063d0       ??$orthoRH@M@glm@@YA?AU?$tmat4x4@M$0A@@0@MMMMMM@Z 00000001800073d0 f i game.obj
 0001:00006650       ??$translate@M$0A@@glm@@YA?AU?$tmat4x4@M$0A@@0@AEBU10@AEBU?$tvec3@M$0A@@0@@Z 0000000180007650 f i game.obj
 0001:00006820       ??$try_emplace@$$V@?$map@HIU?$less@H@std@@V?$allocator@U?$pair@$$CBHI@std@@@2@@std@@QEAA?AU?$pair@V?$_Tree_iterator@V?$_Tree_val@U?$_Tree_simple_types@U?$pair@$$CBHI@std@@@std@@@std@@@std@@_N@1@AEBH@Z 0000000180007820 f i game.obj
 0001:00006860       ??$try_emplace@$$V@?$map@H_NU?$less@H@std@@V?$allocator@U?$pair@$$CBH_N@std@@@2@@std@@QEAA?AU?$pair@V?$_Tree_iterator@V?$_Tree_val@U?$_Tree_simple_types@U?$pair@$$CBH_N@std@@@std@@@std@@@std@@_N@1@AEBH@Z 0000000180007860 f i game.obj
 0001:000068a0       ??$unProject@MM$0A@@glm@@YA?AU?$tvec3@M$0A@@0@AEBU10@AEBU?$tmat4x4@M$0A@@0@1AEBU?$tvec4@M$0A@@0@@Z 00000001800078a0 f i game.obj
 0001:00006a30       ??0?$_Tree_const_iterator@V?$_Tree_val@U?$_Tree_simple_types@U?$pair@$$CBHI@std@@@std@@@std@@@std@@QEAA@PEAU?$_Tree_node@U?$pair@$$CBHI@std@@PEAX@1@PEBV?$_Tree_val@U?$_Tree_simple_types@U?$pair@$$CBHI@std@@@std@@@1@@Z 0000000180007a30 f i game.obj
 0001:00006a30       ??0?$_Tree_const_iterator@V?$_Tree_val@U?$_Tree_simple_types@U?$pair@$$CBH_N@std@@@std@@@std@@@std@@QEAA@PEAU?$_Tree_node@U?$pair@$$CBH_N@std@@PEAX@1@PEBV?$_Tree_val@U?$_Tree_simple_types@U?$pair@$$CBH_N@std@@@std@@@1@@Z 0000000180007a30 f i game.obj
 0001:00006a70       ??0?$_Tree_const_iterator@V?$_Tree_val@U?$_Tree_simple_types@U?$pair@$$CBHI@std@@@std@@@std@@@std@@QEAA@XZ 0000000180007a70 f i game.obj
 0001:00006a70       ??0?$_Tree_const_iterator@V?$_Tree_val@U?$_Tree_simple_types@U?$pair@$$CBH_N@std@@@std@@@std@@@std@@QEAA@XZ 0000000180007a70 f i game.obj
 0001:00006a90       ??0?$_Tree_iterator@V?$_Tree_val@U?$_Tree_simple_types@U?$pair@$$CBH_N@std@@@std@@@std@@@std@@QEAA@PEAU?$_Tree_node@U?$pair@$$CBH_N@std@@PEAX@1@PEBV?$_Tree_val@U?$_Tree_simple_types@U?$pair@$$CBH_N@std@@@std@@@1@@Z 0000000180007a90 f i game.obj
 0001:00006a90       ??0?$_Tree_iterator@V?$_Tree_val@U?$_Tree_simple_types@U?$pair@$$CBHI@std@@@std@@@std@@@std@@QEAA@PEAU?$_Tree_node@U?$pair@$$CBHI@std@@PEAX@1@PEBV?$_Tree_val@U?$_Tree_simple_types@U?$pair@$$CBHI@std@@@std@@@1@@Z 0000000180007a90 f i game.obj
 0001:00006ad0       ??0?$_Tree_unchecked_const_iterator@V?$_Tree_val@U?$_Tree_simple_types@U?$pair@$$CBHI@std@@@std@@@std@@U_Iterator_base0@2@@std@@QEAA@PEAU?$_Tree_node@U?$pair@$$CBHI@std@@PEAX@1@PEBV?$_Tree_val@U?$_Tree_simple_types@U?$pair@$$CBHI@std@@@std@@@1@@Z 0000000180007ad0 f i game.obj
 0001:00006ad0       ??0?$_Tree_unchecked_const_iterator@V?$_Tree_val@U?$_Tree_simple_types@U?$pair@$$CBH_N@std@@@std@@@std@@U_Iterator_base0@2@@std@@QEAA@PEAU?$_Tree_node@U?$pair@$$CBH_N@std@@PEAX@1@PEBV?$_Tree_val@U?$_Tree_simple_types@U?$pair@$$CBH_N@std@@@std@@@1@@Z 0000000180007ad0 f i game.obj
 0001:00006b10       ??0?$_Tree_unchecked_const_iterator@V?$_Tree_val@U?$_Tree_simple_types@U?$pair@$$CBH_N@std@@@std@@@std@@U_Iterator_base0@2@@std@@QEAA@XZ 0000000180007b10 f i game.obj
 0001:00006b10       ??0?$_Tree_unchecked_const_iterator@V?$_Tree_val@U?$_Tree_simple_types@U?$pair@$$CBHI@std@@@std@@@std@@U_Iterator_base0@2@@std@@QEAA@XZ 0000000180007b10 f i game.obj
 0001:00006b30       ??0?$tmat4x4@M$0A@@glm@@QEAA@AEBM@Z 0000000180007b30 f i game.obj
 0001:00006c80       ??0?$tmat4x4@M$0A@@glm@@QEAA@AEBU?$tvec4@M$0A@@1@000@Z 0000000180007c80 f i game.obj
 0001:00006d40       ??0?$tmat4x4@M$0A@@glm@@QEAA@W4ctor@1@@Z 0000000180007d40 f i game.obj
 0001:00006d80       ??0?$tuple@$$V@std@@QEAA@AEBV01@@Z 0000000180007d80 f i game.obj
 0001:00006d90       ??0?$tuple@AEBH@std@@QEAA@$$QEAV01@@Z 0000000180007d90 f i game.obj
 0001:00006dd0       ??0?$tvec2@M$0A@@glm@@QEAA@MM@Z 0000000180007dd0 f i game.obj
 0001:00006e10       ??0?$tvec4@M$0A@@glm@@QEAA@M@Z 0000000180007e10 f i game.obj
 0001:00006e60       ??0?$tvec4@M$0A@@glm@@QEAA@MMMM@Z 0000000180007e60 f i game.obj
 0001:00006ec0       ??0?$tvec4@M$0A@@glm@@QEAA@XZ 0000000180007ec0 f i game.obj
 0001:00006f00       ??2@YAPEAX_KPEAX@Z         0000000180007f00 f i game.obj
 0001:00006f10       ??8?$_Tree_const_iterator@V?$_Tree_val@U?$_Tree_simple_types@U?$pair@$$CBH_N@std@@@std@@@std@@@std@@QEBA_NAEBV01@@Z 0000000180007f10 f i game.obj
 0001:00006f10       ??8?$_Tree_const_iterator@V?$_Tree_val@U?$_Tree_simple_types@U?$pair@$$CBHI@std@@@std@@@std@@@std@@QEBA_NAEBV01@@Z 0000000180007f10 f i game.obj
 0001:00006f50       ??A?$map@HIU?$less@H@std@@V?$allocator@U?$pair@$$CBHI@std@@@2@@std@@QEAAAEAIAEBH@Z 0000000180007f50 f i game.obj
 0001:00006f90       ??A?$map@H_NU?$less@H@std@@V?$allocator@U?$pair@$$CBH_N@std@@@2@@std@@QEAAAEA_NAEBH@Z 0000000180007f90 f i game.obj
 0001:00006fd0       ??A?$tmat4x4@M$0A@@glm@@QEAAAEAU?$tvec4@M$0A@@1@H@Z 0000000180007fd0 f i game.obj
 0001:00007020       ??A?$tmat4x4@M$0A@@glm@@QEBAAEBU?$tvec4@M$0A@@1@H@Z 0000000180008020 f i game.obj
 0001:00007070       ??A?$tvec3@M$0A@@glm@@QEBAAEBMH@Z 0000000180008070 f i game.obj
 0001:000070c0       ??A?$tvec4@M$0A@@glm@@QEAAAEAMH@Z 00000001800080c0 f i game.obj
 0001:00007110       ??A?$tvec4@M$0A@@glm@@QEBAAEBMH@Z 0000000180008110 f i game.obj
 0001:00007160       ??C?$_Tree_iterator@V?$_Tree_val@U?$_Tree_simple_types@U?$pair@$$CBH_N@std@@@std@@@std@@@std@@QEBAPEAU?$pair@$$CBH_N@1@XZ 0000000180008160 f i game.obj
 0001:00007160       ??C?$_Tree_iterator@V?$_Tree_val@U?$_Tree_simple_types@U?$pair@$$CBHI@std@@@std@@@std@@@std@@QEBAPEAU?$pair@$$CBHI@1@XZ 0000000180008160 f i game.obj
 0001:00007180       ??D?$_Tree_const_iterator@V?$_Tree_val@U?$_Tree_simple_types@U?$pair@$$CBH_N@std@@@std@@@std@@@std@@QEBAAEBU?$pair@$$CBH_N@1@XZ 0000000180008180 f i game.obj
 0001:00007180       ??D?$_Tree_const_iterator@V?$_Tree_val@U?$_Tree_simple_types@U?$pair@$$CBHI@std@@@std@@@std@@@std@@QEBAAEBU?$pair@$$CBHI@1@XZ 0000000180008180 f i game.obj
 0001:000071a0       ??D?$_Tree_iterator@V?$_Tree_val@U?$_Tree_simple_types@U?$pair@$$CBH_N@std@@@std@@@std@@@std@@QEBAAEAU?$pair@$$CBH_N@1@XZ 00000001800081a0 f i game.obj
 0001:000071a0       ??D?$_Tree_iterator@V?$_Tree_val@U?$_Tree_simple_types@U?$pair@$$CBHI@std@@@std@@@std@@@std@@QEBAAEAU?$pair@$$CBHI@1@XZ 00000001800081a0 f i game.obj
 0001:000071c0       ??E?$_Tree_const_iterator@V?$_Tree_val@U?$_Tree_simple_types@U?$pair@$$CBH_N@std@@@std@@@std@@@std@@QEAAAEAV01@XZ 00000001800081c0 f i game.obj
 0001:000071c0       ??E?$_Tree_const_iterator@V?$_Tree_val@U?$_Tree_simple_types@U?$pair@$$CBHI@std@@@std@@@std@@@std@@QEAAAEAV01@XZ 00000001800081c0 f i game.obj
 0001:000071e0       ??E?$_Tree_unchecked_const_iterator@V?$_Tree_val@U?$_Tree_simple_types@U?$pair@$$CBH_N@std@@@std@@@std@@U_Iterator_base0@2@@std@@QEAAAEAV01@XZ 00000001800081e0 f i game.obj
 0001:000071e0       ??E?$_Tree_unchecked_const_iterator@V?$_Tree_val@U?$_Tree_simple_types@U?$pair@$$CBHI@std@@@std@@@std@@U_Iterator_base0@2@@std@@QEAAAEAV01@XZ 00000001800081e0 f i game.obj
 0001:000072a0       ??F?$_Tree_const_iterator@V?$_Tree_val@U?$_Tree_simple_types@U?$pair@$$CBHI@std@@@std@@@std@@@std@@QEAAAEAV01@XZ 00000001800082a0 f i game.obj
 0001:000072a0       ??F?$_Tree_const_iterator@V?$_Tree_val@U?$_Tree_simple_types@U?$pair@$$CBH_N@std@@@std@@@std@@@std@@QEAAAEAV01@XZ 00000001800082a0 f i game.obj
 0001:000072c0       ??F?$_Tree_iterator@V?$_Tree_val@U?$_Tree_simple_types@U?$pair@$$CBHI@std@@@std@@@std@@@std@@QEAAAEAV01@XZ 00000001800082c0 f i game.obj
 0001:000072c0       ??F?$_Tree_iterator@V?$_Tree_val@U?$_Tree_simple_types@U?$pair@$$CBH_N@std@@@std@@@std@@@std@@QEAAAEAV01@XZ 00000001800082c0 f i game.obj
 0001:000072e0       ??F?$_Tree_unchecked_const_iterator@V?$_Tree_val@U?$_Tree_simple_types@U?$pair@$$CBHI@std@@@std@@@std@@U_Iterator_base0@2@@std@@QEAAAEAV01@XZ 00000001800082e0 f i game.obj
 0001:000072e0       ??F?$_Tree_unchecked_const_iterator@V?$_Tree_val@U?$_Tree_simple_types@U?$pair@$$CBH_N@std@@@std@@@std@@U_Iterator_base0@2@@std@@QEAAAEAV01@XZ 00000001800082e0 f i game.obj
 0001:000073d0       ??R?$less@H@std@@QEBA_NAEBH0@Z 00000001800083d0 f i game.obj
 0001:00007410       ??_H@YAXPEAX_K1P6APEAX0@Z@Z 0000000180008410 f i game.obj
 0001:00007470       ?_Allocate@std@@YAPEAX_K0_N@Z 0000000180008470 f i game.obj
 0001:00007570       ?_Buynode0@?$_Tree_comp_alloc@V?$_Tmap_traits@HIU?$less@H@std@@V?$allocator@U?$pair@$$CBHI@std@@@2@$0A@@std@@@std@@QEAAPEAU?$_Tree_node@U?$pair@$$CBHI@std@@PEAX@2@XZ 0000000180008570 f i game.obj
 0001:000076c0       ?_Buynode0@?$_Tree_comp_alloc@V?$_Tmap_traits@H_NU?$less@H@std@@V?$allocator@U?$pair@$$CBH_N@std@@@2@$0A@@std@@@std@@QEAAPEAU?$_Tree_node@U?$pair@$$CBH_N@std@@PEAX@2@XZ 00000001800086c0 f i game.obj
 0001:00007810       ?_Color@?$_Tree_comp_alloc@V?$_Tmap_traits@H_NU?$less@H@std@@V?$allocator@U?$pair@$$CBH_N@std@@@2@$0A@@std@@@std@@SAAEADPEAU?$_Tree_node@U?$pair@$$CBH_N@std@@PEAX@2@@Z 0000000180008810 f i game.obj
 0001:00007810       ?_Color@?$_Tree_comp_alloc@V?$_Tmap_traits@HIU?$less@H@std@@V?$allocator@U?$pair@$$CBHI@std@@@2@$0A@@std@@@std@@SAAEADPEAU?$_Tree_node@U?$pair@$$CBHI@std@@PEAX@2@@Z 0000000180008810 f i game.obj
 0001:00007830       ?_Color@?$_Tree_val@U?$_Tree_simple_types@U?$pair@$$CBH_N@std@@@std@@@std@@SAAEADPEAU?$_Tree_node@U?$pair@$$CBH_N@std@@PEAX@2@@Z 0000000180008830 f i game.obj
 0001:00007830       ?_Color@?$_Tree_val@U?$_Tree_simple_types@U?$pair@$$CBHI@std@@@std@@@std@@SAAEADPEAU?$_Tree_node@U?$pair@$$CBHI@std@@PEAX@2@@Z 0000000180008830 f i game.obj
 0001:00007840       ?_Compare@?$_Tree@V?$_Tmap_traits@HIU?$less@H@std@@V?$allocator@U?$pair@$$CBHI@std@@@2@$0A@@std@@@std@@IEBA_NAEBH0@Z 0000000180008840 f i game.obj
 0001:00007840       ?_Compare@?$_Tree@V?$_Tmap_traits@H_NU?$less@H@std@@V?$allocator@U?$pair@$$CBH_N@std@@@2@$0A@@std@@@std@@IEBA_NAEBH0@Z 0000000180008840 f i game.obj
 0001:00007880       ?_Deallocate@std@@YAXPEAX_K1@Z 0000000180008880 f i game.obj
 0001:00007970       ?_Destroy_if_not_nil@?$_Tree@V?$_Tmap_traits@HIU?$less@H@std@@V?$allocator@U?$pair@$$CBHI@std@@@2@$0A@@std@@@std@@IEAAXPEAU?$_Tree_node@U?$pair@$$CBHI@std@@PEAX@2@@Z 0000000180008970 f i game.obj
 0001:00007970       ?_Destroy_if_not_nil@?$_Tree@V?$_Tmap_traits@H_NU?$less@H@std@@V?$allocator@U?$pair@$$CBH_N@std@@@2@$0A@@std@@@std@@IEAAXPEAU?$_Tree_node@U?$pair@$$CBH_N@std@@PEAX@2@@Z 0000000180008970 f i game.obj
 0001:000079e0       ?_Freenode0@?$_Tree_comp_alloc@V?$_Tmap_traits@HIU?$less@H@std@@V?$allocator@U?$pair@$$CBHI@std@@@2@$0A@@std@@@std@@QEAAXPEAU?$_Tree_node@U?$pair@$$CBHI@std@@PEAX@2@@Z 00000001800089e0 f i game.obj
 0001:000079e0       ?_Freenode0@?$_Tree_comp_alloc@V?$_Tmap_traits@H_NU?$less@H@std@@V?$allocator@U?$pair@$$CBH_N@std@@@2@$0A@@std@@@std@@QEAAXPEAU?$_Tree_node@U?$pair@$$CBH_N@std@@PEAX@2@@Z 00000001800089e0 f i game.obj
 0001:00007ab0       ?_Get_second@?$_Compressed_pair@U?$less@H@std@@V?$_Compressed_pair@U?$_Wrap_alloc@V?$allocator@U?$_Tree_node@U?$pair@$$CBH_N@std@@PEAX@std@@@std@@@std@@V?$_Tree_val@U?$_Tree_simple_types@U?$pair@$$CBH_N@std@@@std@@@2@$00@2@$00@std@@QEAAAEAV?$_Compressed_pair@U?$_Wrap_alloc@V?$allocator@U?$_Tree_node@U?$pair@$$CBH_N@std@@PEAX@std@@@std@@@std@@V?$_Tree_val@U?$_Tree_simple_types@U?$pair@$$CBH_N@std@@@std@@@2@$00@2@XZ 0000000180008ab0 f i game.obj
 0001:00007ab0       ??$_Kfn@$$CBH_N@?$_Tmap_traits@H_NU?$less@H@std@@V?$allocator@U?$pair@$$CBH_N@std@@@2@$0A@@std@@SAAEBHAEBU?$pair@$$CBH_N@1@@Z 0000000180008ab0 f i game.obj
 0001:00007ab0       ??$forward@AEAU?$pair@$$CBH_N@std@@@std@@YAAEAU?$pair@$$CBH_N@0@AEAU10@@Z 0000000180008ab0 f i game.obj
 0001:00007ab0       ??$forward@AEAV?$_Tree_iterator@V?$_Tree_val@U?$_Tree_simple_types@U?$pair@$$CBH_N@std@@@std@@@std@@@std@@@std@@YAAEAV?$_Tree_iterator@V?$_Tree_val@U?$_Tree_simple_types@U?$pair@$$CBH_N@std@@@std@@@std@@@0@AEAV10@@Z 0000000180008ab0 f i game.obj
 0001:00007ab0       ?_Get_first@?$_Compressed_pair@U?$less@H@std@@V?$_Compressed_pair@U?$_Wrap_alloc@V?$allocator@U?$_Tree_node@U?$pair@$$CBHI@std@@PEAX@std@@@std@@@std@@V?$_Tree_val@U?$_Tree_simple_types@U?$pair@$$CBHI@std@@@std@@@2@$00@2@$00@std@@QEBAAEBU?$less@H@2@XZ 0000000180008ab0 f i game.obj
 0001:00007ab0       ?_Get_second@?$_Compressed_pair@U?$less@H@std@@V?$_Compressed_pair@U?$_Wrap_alloc@V?$allocator@U?$_Tree_node@U?$pair@$$CBH_N@std@@PEAX@std@@@std@@@std@@V?$_Tree_val@U?$_Tree_simple_types@U?$pair@$$CBH_N@std@@@std@@@2@$00@2@$00@std@@QEBAAEBV?$_Compressed_pair@U?$_Wrap_alloc@V?$allocator@U?$_Tree_node@U?$pair@$$CBH_N@std@@PEAX@std@@@std@@@std@@V?$_Tree_val@U?$_Tree_simple_types@U?$pair@$$CBH_N@std@@@std@@@2@$00@2@XZ 0000000180008ab0 f i game.obj
 0001:00007ab0       ?_Get_second@?$_Compressed_pair@U?$_Wrap_alloc@V?$allocator@U?$_Tree_node@U?$pair@$$CBHI@std@@PEAX@std@@@std@@@std@@V?$_Tree_val@U?$_Tree_simple_types@U?$pair@$$CBHI@std@@@std@@@2@$00@std@@QEBAAEBV?$_Tree_val@U?$_Tree_simple_types@U?$pair@$$CBHI@std@@@std@@@2@XZ 0000000180008ab0 f i game.obj
 0001:00007ab0       ??$forward@V?$_Tree_iterator@V?$_Tree_val@U?$_Tree_simple_types@U?$pair@$$CBHI@std@@@std@@@std@@@std@@@std@@YA$$QEAV?$_Tree_iterator@V?$_Tree_val@U?$_Tree_simple_types@U?$pair@$$CBHI@std@@@std@@@std@@@0@AEAV10@@Z 0000000180008ab0 f i game.obj
 0001:00007ab0       ?_Get_first@?$_Compressed_pair@U?$less@H@std@@V?$_Compressed_pair@U?$_Wrap_alloc@V?$allocator@U?$_Tree_node@U?$pair@$$CBH_N@std@@PEAX@std@@@std@@@std@@V?$_Tree_val@U?$_Tree_simple_types@U?$pair@$$CBH_N@std@@@std@@@2@$00@2@$00@std@@QEAAAEAU?$less@H@2@XZ 0000000180008ab0 f i game.obj
 0001:00007ab0       ??$addressof@PEAU?$_Tree_node@U?$pair@$$CBHI@std@@PEAX@std@@@std@@YAPEAPEAU?$_Tree_node@U?$pair@$$CBHI@std@@PEAX@0@AEAPEAU10@@Z 0000000180008ab0 f i game.obj
 0001:00007ab0       ?_Get_second@?$_Compressed_pair@U?$less@H@std@@V?$_Compressed_pair@U?$_Wrap_alloc@V?$allocator@U?$_Tree_node@U?$pair@$$CBHI@std@@PEAX@std@@@std@@@std@@V?$_Tree_val@U?$_Tree_simple_types@U?$pair@$$CBHI@std@@@std@@@2@$00@2@$00@std@@QEAAAEAV?$_Compressed_pair@U?$_Wrap_alloc@V?$allocator@U?$_Tree_node@U?$pair@$$CBHI@std@@PEAX@std@@@std@@@std@@V?$_Tree_val@U?$_Tree_simple_types@U?$pair@$$CBHI@std@@@std@@@2@$00@2@XZ 0000000180008ab0 f i game.obj
 0001:00007ab0       ??$_Kfn@$$CBHI@?$_Tmap_traits@HIU?$less@H@std@@V?$allocator@U?$pair@$$CBHI@std@@@2@$0A@@std@@SAAEBHAEBU?$pair@$$CBHI@1@@Z 0000000180008ab0 f i game.obj
 0001:00007ab0       ??$forward@V?$tuple@$$V@std@@@std@@YA$$QEAV?$tuple@$$V@0@AEAV10@@Z 0000000180008ab0 f i game.obj
 0001:00007ab0       ??$forward@V?$_Tree_iterator@V?$_Tree_val@U?$_Tree_simple_types@U?$pair@$$CBH_N@std@@@std@@@std@@@std@@@std@@YA$$QEAV?$_Tree_iterator@V?$_Tree_val@U?$_Tree_simple_types@U?$pair@$$CBH_N@std@@@std@@@std@@@0@AEAV10@@Z 0000000180008ab0 f i game.obj
 0001:00007ab0       ?_Get_second@?$_Compressed_pair@U?$_Wrap_alloc@V?$allocator@U?$_Tree_node@U?$pair@$$CBHI@std@@PEAX@std@@@std@@@std@@V?$_Tree_val@U?$_Tree_simple_types@U?$pair@$$CBHI@std@@@std@@@2@$00@std@@QEAAAEAV?$_Tree_val@U?$_Tree_simple_types@U?$pair@$$CBHI@std@@@std@@@2@XZ 0000000180008ab0 f i game.obj
 0001:00007ab0       ?_Left@?$_Tree_val@U?$_Tree_simple_types@U?$pair@$$CBH_N@std@@@std@@@std@@SAAEAPEAU?$_Tree_node@U?$pair@$$CBH_N@std@@PEAX@2@PEAU32@@Z 0000000180008ab0 f i game.obj
 0001:00007ab0       ?_Left@?$_Tree_val@U?$_Tree_simple_types@U?$pair@$$CBHI@std@@@std@@@std@@SAAEAPEAU?$_Tree_node@U?$pair@$$CBHI@std@@PEAX@2@PEAU32@@Z 0000000180008ab0 f i game.obj
 0001:00007ab0       ?_Get_second@?$_Compressed_pair@U?$_Wrap_alloc@V?$allocator@U?$_Tree_node@U?$pair@$$CBH_N@std@@PEAX@std@@@std@@@std@@V?$_Tree_val@U?$_Tree_simple_types@U?$pair@$$CBH_N@std@@@std@@@2@$00@std@@QEBAAEBV?$_Tree_val@U?$_Tree_simple_types@U?$pair@$$CBH_N@std@@@std@@@2@XZ 0000000180008ab0 f i game.obj
 0001:00007ab0       ??$forward@AEAPEAU?$_Tree_node@U?$pair@$$CBH_N@std@@PEAX@std@@@std@@YAAEAPEAU?$_Tree_node@U?$pair@$$CBH_N@std@@PEAX@0@AEAPEAU10@@Z 0000000180008ab0 f i game.obj
 0001:00007ab0       ??$forward@AEAU?$pair@$$CBHI@std@@@std@@YAAEAU?$pair@$$CBHI@0@AEAU10@@Z 0000000180008ab0 f i game.obj
 0001:00007ab0       ??$forward@AEAPEAU?$_Tree_node@U?$pair@$$CBHI@std@@PEAX@std@@@std@@YAAEAPEAU?$_Tree_node@U?$pair@$$CBHI@std@@PEAX@0@AEAPEAU10@@Z 0000000180008ab0 f i game.obj
 0001:00007ab0       ??$forward@AEBUpiecewise_construct_t@std@@@std@@YAAEBUpiecewise_construct_t@0@AEBU10@@Z 0000000180008ab0 f i game.obj
 0001:00007ab0       ??$addressof@U?$pair@$$CBHI@std@@@std@@YAPEAU?$pair@$$CBHI@0@AEAU10@@Z 0000000180008ab0 f i game.obj
 0001:00007ab0       ??$forward@AEBH@std@@YAAEBHAEBH@Z 0000000180008ab0 f i game.obj
 0001:00007ab0       ??$addressof@PEAU?$_Tree_node@U?$pair@$$CBH_N@std@@PEAX@std@@@std@@YAPEAPEAU?$_Tree_node@U?$pair@$$CBH_N@std@@PEAX@0@AEAPEAU10@@Z 0000000180008ab0 f i game.obj
 0001:00007ab0       ?_Get_first@?$_Compressed_pair@U?$_Wrap_alloc@V?$allocator@U?$_Tree_node@U?$pair@$$CBH_N@std@@PEAX@std@@@std@@@std@@V?$_Tree_val@U?$_Tree_simple_types@U?$pair@$$CBH_N@std@@@std@@@2@$00@std@@QEBAAEBU?$_Wrap_alloc@V?$allocator@U?$_Tree_node@U?$pair@$$CBH_N@std@@PEAX@std@@@std@@@2@XZ 0000000180008ab0 f i game.obj
 0001:00007ab0       ??$forward@_N@std@@YA$$QEA_NAEA_N@Z 0000000180008ab0 f i game.obj
 0001:00007ab0       ?_Get_first@?$_Compressed_pair@U?$_Wrap_alloc@V?$allocator@U?$_Tree_node@U?$pair@$$CBHI@std@@PEAX@std@@@std@@@std@@V?$_Tree_val@U?$_Tree_simple_types@U?$pair@$$CBHI@std@@@std@@@2@$00@std@@QEAAAEAU?$_Wrap_alloc@V?$allocator@U?$_Tree_node@U?$pair@$$CBHI@std@@PEAX@std@@@std@@@2@XZ 0000000180008ab0 f i game.obj
 0001:00007ab0       ?_Get_first@?$_Compressed_pair@U?$_Wrap_alloc@V?$allocator@U?$_Tree_node@U?$pair@$$CBHI@std@@PEAX@std@@@std@@@std@@V?$_Tree_val@U?$_Tree_simple_types@U?$pair@$$CBHI@std@@@std@@@2@$00@std@@QEBAAEBU?$_Wrap_alloc@V?$allocator@U?$_Tree_node@U?$pair@$$CBHI@std@@PEAX@std@@@std@@@2@XZ 0000000180008ab0 f i game.obj
 0001:00007ab0       ??$forward@V?$tuple@AEBH@std@@@std@@YA$$QEAV?$tuple@AEBH@0@AEAV10@@Z 0000000180008ab0 f i game.obj
 0001:00007ab0       ?_Get_first@?$_Compressed_pair@U?$less@H@std@@V?$_Compressed_pair@U?$_Wrap_alloc@V?$allocator@U?$_Tree_node@U?$pair@$$CBH_N@std@@PEAX@std@@@std@@@std@@V?$_Tree_val@U?$_Tree_simple_types@U?$pair@$$CBH_N@std@@@std@@@2@$00@2@$00@std@@QEBAAEBU?$less@H@2@XZ 0000000180008ab0 f i game.obj
 0001:00007ab0       ?_Get_first@?$_Compressed_pair@U?$_Wrap_alloc@V?$allocator@U?$_Tree_node@U?$pair@$$CBH_N@std@@PEAX@std@@@std@@@std@@V?$_Tree_val@U?$_Tree_simple_types@U?$pair@$$CBH_N@std@@@std@@@2@$00@std@@QEAAAEAU?$_Wrap_alloc@V?$allocator@U?$_Tree_node@U?$pair@$$CBH_N@std@@PEAX@std@@@std@@@2@XZ 0000000180008ab0 f i game.obj
 0001:00007ab0       ??$move@AEAV?$tuple@AEBH@std@@@std@@YA$$QEAV?$tuple@AEBH@0@AEAV10@@Z 0000000180008ab0 f i game.obj
 0001:00007ab0       ?_Get_second@?$_Compressed_pair@U?$_Wrap_alloc@V?$allocator@U?$_Tree_node@U?$pair@$$CBH_N@std@@PEAX@std@@@std@@@std@@V?$_Tree_val@U?$_Tree_simple_types@U?$pair@$$CBH_N@std@@@std@@@2@$00@std@@QEAAAEAV?$_Tree_val@U?$_Tree_simple_types@U?$pair@$$CBH_N@std@@@std@@@2@XZ 0000000180008ab0 f i game.obj
 0001:00007ab0       ??$addressof@U?$pair@$$CBH_N@std@@@std@@YAPEAU?$pair@$$CBH_N@0@AEAU10@@Z 0000000180008ab0 f i game.obj
 0001:00007ab0       ?_Get_first@?$_Compressed_pair@U?$less@H@std@@V?$_Compressed_pair@U?$_Wrap_alloc@V?$allocator@U?$_Tree_node@U?$pair@$$CBHI@std@@PEAX@std@@@std@@@std@@V?$_Tree_val@U?$_Tree_simple_types@U?$pair@$$CBHI@std@@@std@@@2@$00@2@$00@std@@QEAAAEAU?$less@H@2@XZ 0000000180008ab0 f i game.obj
 0001:00007ab0       ??0?$tuple@$$V@std@@QEAA@XZ 0000000180008ab0 f i game.obj
 0001:00007ab0       ?_Get_second@?$_Compressed_pair@U?$less@H@std@@V?$_Compressed_pair@U?$_Wrap_alloc@V?$allocator@U?$_Tree_node@U?$pair@$$CBHI@std@@PEAX@std@@@std@@@std@@V?$_Tree_val@U?$_Tree_simple_types@U?$pair@$$CBHI@std@@@std@@@2@$00@2@$00@std@@QEBAAEBV?$_Compressed_pair@U?$_Wrap_alloc@V?$allocator@U?$_Tree_node@U?$pair@$$CBHI@std@@PEAX@std@@@std@@@std@@V?$_Tree_val@U?$_Tree_simple_types@U?$pair@$$CBHI@std@@@std@@@2@$00@2@XZ 0000000180008ab0 f i game.obj
 0001:00007ab0       ??$forward@AEAV?$_Tree_iterator@V?$_Tree_val@U?$_Tree_simple_types@U?$pair@$$CBHI@std@@@std@@@std@@@std@@@std@@YAAEAV?$_Tree_iterator@V?$_Tree_val@U?$_Tree_simple_types@U?$pair@$$CBHI@std@@@std@@@std@@@0@AEAV10@@Z 0000000180008ab0 f i game.obj
 0001:00007ac0       ?_Get_data@?$_Tree_comp_alloc@V?$_Tmap_traits@H_NU?$less@H@std@@V?$allocator@U?$pair@$$CBH_N@std@@@2@$0A@@std@@@std@@QEAAAEAV?$_Tree_val@U?$_Tree_simple_types@U?$pair@$$CBH_N@std@@@std@@@2@XZ 0000000180008ac0 f i game.obj
 0001:00007ac0       ?_Getal@?$_Tree_comp_alloc@V?$_Tmap_traits@HIU?$less@H@std@@V?$allocator@U?$pair@$$CBHI@std@@@2@$0A@@std@@@std@@QEBAAEBU?$_Wrap_alloc@V?$allocator@U?$_Tree_node@U?$pair@$$CBHI@std@@PEAX@std@@@std@@@2@XZ 0000000180008ac0 f i game.obj
 0001:00007ac0       ?_Get_data@?$_Tree_comp_alloc@V?$_Tmap_traits@H_NU?$less@H@std@@V?$allocator@U?$pair@$$CBH_N@std@@@2@$0A@@std@@@std@@QEBAAEBV?$_Tree_val@U?$_Tree_simple_types@U?$pair@$$CBH_N@std@@@std@@@2@XZ 0000000180008ac0 f i game.obj
 0001:00007ac0       ?_Get_data@?$_Tree_comp_alloc@V?$_Tmap_traits@HIU?$less@H@std@@V?$allocator@U?$pair@$$CBHI@std@@@2@$0A@@std@@@std@@QEBAAEBV?$_Tree_val@U?$_Tree_simple_types@U?$pair@$$CBHI@std@@@std@@@2@XZ 0000000180008ac0 f i game.obj
 0001:00007ac0       ?_Getal@?$_Tree_comp_alloc@V?$_Tmap_traits@H_NU?$less@H@std@@V?$allocator@U?$pair@$$CBH_N@std@@@2@$0A@@std@@@std@@QEAAAEAU?$_Wrap_alloc@V?$allocator@U?$_Tree_node@U?$pair@$$CBH_N@std@@PEAX@std@@@std@@@2@XZ 0000000180008ac0 f i game.obj
 0001:00007ac0       ?_Get_data@?$_Tree_comp_alloc@V?$_Tmap_traits@HIU?$less@H@std@@V?$allocator@U?$pair@$$CBHI@std@@@2@$0A@@std@@@std@@QEAAAEAV?$_Tree_val@U?$_Tree_simple_types@U?$pair@$$CBHI@std@@@std@@@2@XZ 0000000180008ac0 f i game.obj
 0001:00007ac0       ?_Getal@?$_Tree_comp_alloc@V?$_Tmap_traits@HIU?$less@H@std@@V?$allocator@U?$pair@$$CBHI@std@@@2@$0A@@std@@@std@@QEAAAEAU?$_Wrap_alloc@V?$allocator@U?$_Tree_node@U?$pair@$$CBHI@std@@PEAX@std@@@std@@@2@XZ 0000000180008ac0 f i game.obj
 0001:00007ac0       ?_Getal@?$_Tree_comp_alloc@V?$_Tmap_traits@H_NU?$less@H@std@@V?$allocator@U?$pair@$$CBH_N@std@@@2@$0A@@std@@@std@@QEBAAEBU?$_Wrap_alloc@V?$allocator@U?$_Tree_node@U?$pair@$$CBH_N@std@@PEAX@std@@@std@@@2@XZ 0000000180008ac0 f i game.obj
 0001:00007af0       ?_Getcomp@?$_Tree_comp_alloc@V?$_Tmap_traits@H_NU?$less@H@std@@V?$allocator@U?$pair@$$CBH_N@std@@@2@$0A@@std@@@std@@QEBAAEBU?$less@H@2@XZ 0000000180008af0 f i game.obj
 0001:00007af0       ?_Getcomp@?$_Tree_comp_alloc@V?$_Tmap_traits@HIU?$less@H@std@@V?$allocator@U?$pair@$$CBHI@std@@@2@$0A@@std@@@std@@QEAAAEAU?$less@H@2@XZ 0000000180008af0 f i game.obj
 0001:00007af0       ?_Getcomp@?$_Tree_comp_alloc@V?$_Tmap_traits@HIU?$less@H@std@@V?$allocator@U?$pair@$$CBHI@std@@@2@$0A@@std@@@std@@QEBAAEBU?$less@H@2@XZ 0000000180008af0 f i game.obj
 0001:00007af0       ?_Getcomp@?$_Tree_comp_alloc@V?$_Tmap_traits@H_NU?$less@H@std@@V?$allocator@U?$pair@$$CBH_N@std@@@2@$0A@@std@@@std@@QEAAAEAU?$less@H@2@XZ 0000000180008af0 f i game.obj
 0001:00007b10       ?_Isnil@?$_Tree_comp_alloc@V?$_Tmap_traits@HIU?$less@H@std@@V?$allocator@U?$pair@$$CBHI@std@@@2@$0A@@std@@@std@@SAAEADPEAU?$_Tree_node@U?$pair@$$CBHI@std@@PEAX@2@@Z 0000000180008b10 f i game.obj
 0001:00007b10       ?_Isnil@?$_Tree_comp_alloc@V?$_Tmap_traits@H_NU?$less@H@std@@V?$allocator@U?$pair@$$CBH_N@std@@@2@$0A@@std@@@std@@SAAEADPEAU?$_Tree_node@U?$pair@$$CBH_N@std@@PEAX@2@@Z 0000000180008b10 f i game.obj
 0001:00007b30       ?_Isnil@?$_Tree_val@U?$_Tree_simple_types@U?$pair@$$CBHI@std@@@std@@@std@@SAAEADPEAU?$_Tree_node@U?$pair@$$CBHI@std@@PEAX@2@@Z 0000000180008b30 f i game.obj
 0001:00007b30       ?_Isnil@?$_Tree_val@U?$_Tree_simple_types@U?$pair@$$CBH_N@std@@@std@@@std@@SAAEADPEAU?$_Tree_node@U?$pair@$$CBH_N@std@@PEAX@2@@Z 0000000180008b30 f i game.obj
 0001:00007b40       ?_Key@?$_Tree@V?$_Tmap_traits@HIU?$less@H@std@@V?$allocator@U?$pair@$$CBHI@std@@@2@$0A@@std@@@std@@IEBAAEBHPEAU?$_Tree_node@U?$pair@$$CBHI@std@@PEAX@2@@Z 0000000180008b40 f i game.obj
 0001:00007b40       ?_Key@?$_Tree@V?$_Tmap_traits@H_NU?$less@H@std@@V?$allocator@U?$pair@$$CBH_N@std@@@2@$0A@@std@@@std@@IEBAAEBHPEAU?$_Tree_node@U?$pair@$$CBH_N@std@@PEAX@2@@Z 0000000180008b40 f i game.obj
 0001:00007b70       ?_Kfn@?$_Tree@V?$_Tmap_traits@HIU?$less@H@std@@V?$allocator@U?$pair@$$CBHI@std@@@2@$0A@@std@@@std@@IEBAAEBHAEBU?$pair@$$CBHI@2@@Z 0000000180008b70 f i game.obj
 0001:00007b70       ?_Kfn@?$_Tree@V?$_Tmap_traits@H_NU?$less@H@std@@V?$allocator@U?$pair@$$CBH_N@std@@@2@$0A@@std@@@std@@IEBAAEBHAEBU?$pair@$$CBH_N@2@@Z 0000000180008b70 f i game.obj
 0001:00007b90       ?_Lmost@?$_Tree@V?$_Tmap_traits@H_NU?$less@H@std@@V?$allocator@U?$pair@$$CBH_N@std@@@2@$0A@@std@@@std@@IEBAAEAPEAU?$_Tree_node@U?$pair@$$CBH_N@std@@PEAX@2@XZ 0000000180008b90 f i game.obj
 0001:00007b90       ?_Lmost@?$_Tree@V?$_Tmap_traits@HIU?$less@H@std@@V?$allocator@U?$pair@$$CBHI@std@@@2@$0A@@std@@@std@@IEBAAEAPEAU?$_Tree_node@U?$pair@$$CBHI@std@@PEAX@2@XZ 0000000180008b90 f i game.obj
 0001:00007bb0       ?_Lrotate@?$_Tree@V?$_Tmap_traits@H_NU?$less@H@std@@V?$allocator@U?$pair@$$CBH_N@std@@@2@$0A@@std@@@std@@IEAAXPEAU?$_Tree_node@U?$pair@$$CBH_N@std@@PEAX@2@@Z 0000000180008bb0 f i game.obj
 0001:00007bb0       ?_Lrotate@?$_Tree@V?$_Tmap_traits@HIU?$less@H@std@@V?$allocator@U?$pair@$$CBHI@std@@@2@$0A@@std@@@std@@IEAAXPEAU?$_Tree_node@U?$pair@$$CBHI@std@@PEAX@2@@Z 0000000180008bb0 f i game.obj
 0001:00007cf0       ?_Max@?$_Tree_val@U?$_Tree_simple_types@U?$pair@$$CBHI@std@@@std@@@std@@SAPEAU?$_Tree_node@U?$pair@$$CBHI@std@@PEAX@2@PEAU32@@Z 0000000180008cf0 f i game.obj
 0001:00007cf0       ?_Max@?$_Tree_val@U?$_Tree_simple_types@U?$pair@$$CBH_N@std@@@std@@@std@@SAPEAU?$_Tree_node@U?$pair@$$CBH_N@std@@PEAX@2@PEAU32@@Z 0000000180008cf0 f i game.obj
 0001:00007d30       ?_Min@?$_Tree_val@U?$_Tree_simple_types@U?$pair@$$CBH_N@std@@@std@@@std@@SAPEAU?$_Tree_node@U?$pair@$$CBH_N@std@@PEAX@2@PEAU32@@Z 0000000180008d30 f i game.obj
 0001:00007d30       ?_Min@?$_Tree_val@U?$_Tree_simple_types@U?$pair@$$CBHI@std@@@std@@@std@@SAPEAU?$_Tree_node@U?$pair@$$CBHI@std@@PEAX@2@PEAU32@@Z 0000000180008d30 f i game.obj
 0001:00007d70       ?_Myhead@?$_Tree_comp_alloc@V?$_Tmap_traits@H_NU?$less@H@std@@V?$allocator@U?$pair@$$CBH_N@std@@@2@$0A@@std@@@std@@QEBAAEBQEAU?$_Tree_node@U?$pair@$$CBH_N@std@@PEAX@2@XZ 0000000180008d70 f i game.obj
 0001:00007d70       ?_Myhead@?$_Tree_comp_alloc@V?$_Tmap_traits@H_NU?$less@H@std@@V?$allocator@U?$pair@$$CBH_N@std@@@2@$0A@@std@@@std@@QEAAAEAPEAU?$_Tree_node@U?$pair@$$CBH_N@std@@PEAX@2@XZ 0000000180008d70 f i game.obj
 0001:00007d70       ?_Myhead@?$_Tree_comp_alloc@V?$_Tmap_traits@HIU?$less@H@std@@V?$allocator@U?$pair@$$CBHI@std@@@2@$0A@@std@@@std@@QEBAAEBQEAU?$_Tree_node@U?$pair@$$CBHI@std@@PEAX@2@XZ 0000000180008d70 f i game.obj
 0001:00007d70       ?_Myhead@?$_Tree_comp_alloc@V?$_Tmap_traits@HIU?$less@H@std@@V?$allocator@U?$pair@$$CBHI@std@@@2@$0A@@std@@@std@@QEAAAEAPEAU?$_Tree_node@U?$pair@$$CBHI@std@@PEAX@2@XZ 0000000180008d70 f i game.obj
 0001:00007d90       ?_Mynode@?$_Tree_unchecked_const_iterator@V?$_Tree_val@U?$_Tree_simple_types@U?$pair@$$CBHI@std@@@std@@@std@@U_Iterator_base0@2@@std@@QEBAPEAU?$_Tree_node@U?$pair@$$CBHI@std@@PEAX@2@XZ 0000000180008d90 f i game.obj
 0001:00007d90       ?_Mynode@?$_Tree_unchecked_const_iterator@V?$_Tree_val@U?$_Tree_simple_types@U?$pair@$$CBH_N@std@@@std@@@std@@U_Iterator_base0@2@@std@@QEBAPEAU?$_Tree_node@U?$pair@$$CBH_N@std@@PEAX@2@XZ 0000000180008d90 f i game.obj
 0001:00007da0       ?_Mysize@?$_Tree_comp_alloc@V?$_Tmap_traits@HIU?$less@H@std@@V?$allocator@U?$pair@$$CBHI@std@@@2@$0A@@std@@@std@@QEAAAEA_KXZ 0000000180008da0 f i game.obj
 0001:00007da0       ?_Mysize@?$_Tree_comp_alloc@V?$_Tmap_traits@HIU?$less@H@std@@V?$allocator@U?$pair@$$CBHI@std@@@2@$0A@@std@@@std@@QEBAAEB_KXZ 0000000180008da0 f i game.obj
 0001:00007da0       ?_Mysize@?$_Tree_comp_alloc@V?$_Tmap_traits@H_NU?$less@H@std@@V?$allocator@U?$pair@$$CBH_N@std@@@2@$0A@@std@@@std@@QEBAAEB_KXZ 0000000180008da0 f i game.obj
 0001:00007da0       ?_Mysize@?$_Tree_comp_alloc@V?$_Tmap_traits@H_NU?$less@H@std@@V?$allocator@U?$pair@$$CBH_N@std@@@2@$0A@@std@@@std@@QEAAAEA_KXZ 0000000180008da0 f i game.obj
 0001:00007dc0       ?_Myval@?$_Tree_comp_alloc@V?$_Tmap_traits@HIU?$less@H@std@@V?$allocator@U?$pair@$$CBHI@std@@@2@$0A@@std@@@std@@SAAEAU?$pair@$$CBHI@2@PEAU?$_Tree_node@U?$pair@$$CBHI@std@@PEAX@2@@Z 0000000180008dc0 f i game.obj
 0001:00007dc0       ?_Myval@?$_Tree_comp_alloc@V?$_Tmap_traits@H_NU?$less@H@std@@V?$allocator@U?$pair@$$CBH_N@std@@@2@$0A@@std@@@std@@SAAEAU?$pair@$$CBH_N@2@PEAU?$_Tree_node@U?$pair@$$CBH_N@std@@PEAX@2@@Z 0000000180008dc0 f i game.obj
 0001:00007de0       ?_Myval@?$_Tree_val@U?$_Tree_simple_types@U?$pair@$$CBH_N@std@@@std@@@std@@SAAEAU?$pair@$$CBH_N@2@PEAU?$_Tree_node@U?$pair@$$CBH_N@std@@PEAX@2@@Z 0000000180008de0 f i game.obj
 0001:00007de0       ?_Myval@?$_Tree_val@U?$_Tree_simple_types@U?$pair@$$CBHI@std@@@std@@@std@@SAAEAU?$pair@$$CBHI@2@PEAU?$_Tree_node@U?$pair@$$CBHI@std@@PEAX@2@@Z 0000000180008de0 f i game.obj
 0001:00007df0       ?_Parent@?$_Tree_comp_alloc@V?$_Tmap_traits@HIU?$less@H@std@@V?$allocator@U?$pair@$$CBHI@std@@@2@$0A@@std@@@std@@SAAEAPEAU?$_Tree_node@U?$pair@$$CBHI@std@@PEAX@2@PEAU32@@Z 0000000180008df0 f i game.obj
 0001:00007df0       ?_Parent@?$_Tree_comp_alloc@V?$_Tmap_traits@H_NU?$less@H@std@@V?$allocator@U?$pair@$$CBH_N@std@@@2@$0A@@std@@@std@@SAAEAPEAU?$_Tree_node@U?$pair@$$CBH_N@std@@PEAX@2@PEAU32@@Z 0000000180008df0 f i game.obj
 0001:00007e10       ?_Parent@?$_Tree_val@U?$_Tree_simple_types@U?$pair@$$CBH_N@std@@@std@@@std@@SAAEAPEAU?$_Tree_node@U?$pair@$$CBH_N@std@@PEAX@2@PEAU32@@Z 0000000180008e10 f i game.obj
 0001:00007e10       ?_Parent@?$_Tree_val@U?$_Tree_simple_types@U?$pair@$$CBHI@std@@@std@@@std@@SAAEAPEAU?$_Tree_node@U?$pair@$$CBHI@std@@PEAX@2@PEAU32@@Z 0000000180008e10 f i game.obj
 0001:00007e20       ?_Right@?$_Tree_comp_alloc@V?$_Tmap_traits@H_NU?$less@H@std@@V?$allocator@U?$pair@$$CBH_N@std@@@2@$0A@@std@@@std@@SAAEAPEAU?$_Tree_node@U?$pair@$$CBH_N@std@@PEAX@2@PEAU32@@Z 0000000180008e20 f i game.obj
 0001:00007e20       ?_Right@?$_Tree_comp_alloc@V?$_Tmap_traits@HIU?$less@H@std@@V?$allocator@U?$pair@$$CBHI@std@@@2@$0A@@std@@@std@@SAAEAPEAU?$_Tree_node@U?$pair@$$CBHI@std@@PEAX@2@PEAU32@@Z 0000000180008e20 f i game.obj
 0001:00007e40       ?_Right@?$_Tree_val@U?$_Tree_simple_types@U?$pair@$$CBH_N@std@@@std@@@std@@SAAEAPEAU?$_Tree_node@U?$pair@$$CBH_N@std@@PEAX@2@PEAU32@@Z 0000000180008e40 f i game.obj
 0001:00007e40       ?_Right@?$_Tree_val@U?$_Tree_simple_types@U?$pair@$$CBHI@std@@@std@@@std@@SAAEAPEAU?$_Tree_node@U?$pair@$$CBHI@std@@PEAX@2@PEAU32@@Z 0000000180008e40 f i game.obj
 0001:00007e50       ?_Rmost@?$_Tree@V?$_Tmap_traits@HIU?$less@H@std@@V?$allocator@U?$pair@$$CBHI@std@@@2@$0A@@std@@@std@@IEBAAEAPEAU?$_Tree_node@U?$pair@$$CBHI@std@@PEAX@2@XZ 0000000180008e50 f i game.obj
 0001:00007e50       ?_Rmost@?$_Tree@V?$_Tmap_traits@H_NU?$less@H@std@@V?$allocator@U?$pair@$$CBH_N@std@@@2@$0A@@std@@@std@@IEBAAEAPEAU?$_Tree_node@U?$pair@$$CBH_N@std@@PEAX@2@XZ 0000000180008e50 f i game.obj
 0001:00007e70       ?_Root@?$_Tree@V?$_Tmap_traits@H_NU?$less@H@std@@V?$allocator@U?$pair@$$CBH_N@std@@@2@$0A@@std@@@std@@IEBAAEAPEAU?$_Tree_node@U?$pair@$$CBH_N@std@@PEAX@2@XZ 0000000180008e70 f i game.obj
 0001:00007e70       ?_Root@?$_Tree@V?$_Tmap_traits@HIU?$less@H@std@@V?$allocator@U?$pair@$$CBHI@std@@@2@$0A@@std@@@std@@IEBAAEAPEAU?$_Tree_node@U?$pair@$$CBHI@std@@PEAX@2@XZ 0000000180008e70 f i game.obj
 0001:00007e90       ?_Rrotate@?$_Tree@V?$_Tmap_traits@H_NU?$less@H@std@@V?$allocator@U?$pair@$$CBH_N@std@@@2@$0A@@std@@@std@@IEAAXPEAU?$_Tree_node@U?$pair@$$CBH_N@std@@PEAX@2@@Z 0000000180008e90 f i game.obj
 0001:00007e90       ?_Rrotate@?$_Tree@V?$_Tmap_traits@HIU?$less@H@std@@V?$allocator@U?$pair@$$CBHI@std@@@2@$0A@@std@@@std@@IEAAXPEAU?$_Tree_node@U?$pair@$$CBHI@std@@PEAX@2@@Z 0000000180008e90 f i game.obj
 0001:00007fd0       ?allocate@?$_Wrap_alloc@V?$allocator@U?$_Tree_node@U?$pair@$$CBHI@std@@PEAX@std@@@std@@@std@@QEAAPEAU?$_Tree_node@U?$pair@$$CBHI@std@@PEAX@2@_K@Z 0000000180008fd0 f i game.obj
 0001:00007fd0       ?allocate@?$_Wrap_alloc@V?$allocator@U?$_Tree_node@U?$pair@$$CBH_N@std@@PEAX@std@@@std@@@std@@QEAAPEAU?$_Tree_node@U?$pair@$$CBH_N@std@@PEAX@2@_K@Z 0000000180008fd0 f i game.obj
 0001:00008000       ?allocate@?$allocator@U?$_Tree_node@U?$pair@$$CBHI@std@@PEAX@std@@@std@@QEAAPEAU?$_Tree_node@U?$pair@$$CBHI@std@@PEAX@2@_K@Z 0000000180009000 f i game.obj
 0001:00008000       ?allocate@?$allocator@U?$_Tree_node@U?$pair@$$CBH_N@std@@PEAX@std@@@std@@QEAAPEAU?$_Tree_node@U?$pair@$$CBH_N@std@@PEAX@2@_K@Z 0000000180009000 f i game.obj
 0001:00008030       ?atan2@@YAMMM@Z            0000000180009030 f i game.obj
 0001:00008060       ?begin@?$_Tree@V?$_Tmap_traits@HIU?$less@H@std@@V?$allocator@U?$pair@$$CBHI@std@@@2@$0A@@std@@@std@@QEAA?AV?$_Tree_iterator@V?$_Tree_val@U?$_Tree_simple_types@U?$pair@$$CBHI@std@@@std@@@std@@@2@XZ 0000000180009060 f i game.obj
 0001:000080c0       ?begin@?$_Tree@V?$_Tmap_traits@H_NU?$less@H@std@@V?$allocator@U?$pair@$$CBH_N@std@@@2@$0A@@std@@@std@@QEAA?AV?$_Tree_iterator@V?$_Tree_val@U?$_Tree_simple_types@U?$pair@$$CBH_N@std@@@std@@@std@@@2@XZ 00000001800090c0 f i game.obj
 0001:00008120       ?call@?$compute_dot@Utvec2@glm@@M$0A@$0A@@detail@glm@@SAMAEBU?$tvec2@M$0A@@3@0@Z 0000000180009120 f i game.obj
 0001:00008160       ?call@?$compute_inverse@Utmat4x4@glm@@M$0A@$0A@@detail@glm@@SA?AU?$tmat4x4@M$0A@@3@AEBU43@@Z 0000000180009160 f i game.obj
 0001:00009890       ?call@?$compute_normalize@M$0A@Utvec2@glm@@$0A@@detail@glm@@SA?AU?$tvec2@M$0A@@3@AEBU43@@Z 000000018000a890 f i game.obj
 0001:000098d0       ?call@?$compute_vec4_add@M$0A@$0A@@detail@glm@@SA?AU?$tvec4@M$0A@@3@AEBU43@0@Z 000000018000a8d0 f i game.obj
 0001:00009960       ?call@?$compute_vec4_div@M$0A@$0A@@detail@glm@@SA?AU?$tvec4@M$0A@@3@AEBU43@0@Z 000000018000a960 f i game.obj
 0001:000099f0       ?call@?$compute_vec4_mul@M$0A@$0A@@detail@glm@@SA?AU?$tvec4@M$0A@@3@AEBU43@0@Z 000000018000a9f0 f i game.obj
 0001:00009a80       ?call@?$compute_vec4_sub@M$0A@$0A@@detail@glm@@SA?AU?$tvec4@M$0A@@3@AEBU43@0@Z 000000018000aa80 f i game.obj
 0001:00009b10       ?deallocate@?$_Wrap_alloc@V?$allocator@U?$_Tree_node@U?$pair@$$CBH_N@std@@PEAX@std@@@std@@@std@@QEAAXPEAU?$_Tree_node@U?$pair@$$CBH_N@std@@PEAX@2@_K@Z 000000018000ab10 f i game.obj
 0001:00009b10       ?deallocate@?$_Wrap_alloc@V?$allocator@U?$_Tree_node@U?$pair@$$CBHI@std@@PEAX@std@@@std@@@std@@QEAAXPEAU?$_Tree_node@U?$pair@$$CBHI@std@@PEAX@2@_K@Z 000000018000ab10 f i game.obj
 0001:00009b40       ?deallocate@?$allocator@U?$_Tree_node@U?$pair@$$CBHI@std@@PEAX@std@@@std@@QEAAXPEAU?$_Tree_node@U?$pair@$$CBHI@std@@PEAX@2@_K@Z 000000018000ab40 f i game.obj
 0001:00009b40       ?deallocate@?$allocator@U?$_Tree_node@U?$pair@$$CBH_N@std@@PEAX@std@@@std@@QEAAXPEAU?$_Tree_node@U?$pair@$$CBH_N@std@@PEAX@2@_K@Z 000000018000ab40 f i game.obj
 0001:00009b70       ?end@?$_Tree@V?$_Tmap_traits@HIU?$less@H@std@@V?$allocator@U?$pair@$$CBHI@std@@@2@$0A@@std@@@std@@QEAA?AV?$_Tree_iterator@V?$_Tree_val@U?$_Tree_simple_types@U?$pair@$$CBHI@std@@@std@@@std@@@2@XZ 000000018000ab70 f i game.obj
 0001:00009bd0       ?end@?$_Tree@V?$_Tmap_traits@H_NU?$less@H@std@@V?$allocator@U?$pair@$$CBH_N@std@@@2@$0A@@std@@@std@@QEAA?AV?$_Tree_iterator@V?$_Tree_val@U?$_Tree_simple_types@U?$pair@$$CBH_N@std@@@std@@@std@@@2@XZ 000000018000abd0 f i game.obj
 0001:00009c30       ?length@?$tvec4@M$0A@@glm@@SAHXZ 000000018000ac30 f i game.obj
 0001:00009c30       ?length@?$tmat4x4@M$0A@@glm@@SAHXZ 000000018000ac30 f i game.obj
 0001:00009c40       ?length@?$tvec3@M$0A@@glm@@SAHXZ 000000018000ac40 f i game.obj
 0001:00009c50       ?lower_bound@?$_Tree@V?$_Tmap_traits@HIU?$less@H@std@@V?$allocator@U?$pair@$$CBHI@std@@@2@$0A@@std@@@std@@QEAA?AV?$_Tree_iterator@V?$_Tree_val@U?$_Tree_simple_types@U?$pair@$$CBHI@std@@@std@@@std@@@2@AEBH@Z 000000018000ac50 f i game.obj
 0001:00009c50       ?lower_bound@?$_Tree@V?$_Tmap_traits@H_NU?$less@H@std@@V?$allocator@U?$pair@$$CBH_N@std@@@2@$0A@@std@@@std@@QEAA?AV?$_Tree_iterator@V?$_Tree_val@U?$_Tree_simple_types@U?$pair@$$CBH_N@std@@@std@@@std@@@2@AEBH@Z 000000018000ac50 f i game.obj
 0001:00009ca0       ?max_size@?$_Tree@V?$_Tmap_traits@H_NU?$less@H@std@@V?$allocator@U?$pair@$$CBH_N@std@@@2@$0A@@std@@@std@@QEBA_KXZ 000000018000aca0 f i game.obj
 0001:00009ca0       ?max_size@?$_Tree@V?$_Tmap_traits@HIU?$less@H@std@@V?$allocator@U?$pair@$$CBHI@std@@@2@$0A@@std@@@std@@QEBA_KXZ 000000018000aca0 f i game.obj
 0001:00009cd0       ?max_size@?$_Wrap_alloc@V?$allocator@U?$_Tree_node@U?$pair@$$CBHI@std@@PEAX@std@@@std@@@std@@QEBA_KU_Nil@2@@Z 000000018000acd0 f i game.obj
 0001:00009cd0       ?max_size@?$_Wrap_alloc@V?$allocator@U?$_Tree_node@U?$pair@$$CBH_N@std@@PEAX@std@@@std@@@std@@QEBA_KU_Nil@2@@Z 000000018000acd0 f i game.obj
 0001:00009cf0       ?max_size@?$allocator@U?$_Tree_node@U?$pair@$$CBHI@std@@PEAX@std@@@std@@QEBA_KXZ 000000018000acf0 f i game.obj
 0001:00009cf0       ?max_size@?$allocator@U?$_Tree_node@U?$pair@$$CBH_N@std@@PEAX@std@@@std@@QEBA_KXZ 000000018000acf0 f i game.obj
 0001:00009d00       ?max_size@?$allocator_traits@V?$allocator@U?$_Tree_node@U?$pair@$$CBHI@std@@PEAX@std@@@std@@@std@@SA_KAEBV?$allocator@U?$_Tree_node@U?$pair@$$CBHI@std@@PEAX@std@@@2@@Z 000000018000ad00 f i game.obj
 0001:00009d00       ?max_size@?$allocator_traits@V?$allocator@U?$_Tree_node@U?$pair@$$CBH_N@std@@PEAX@std@@@std@@@std@@SA_KAEBV?$allocator@U?$_Tree_node@U?$pair@$$CBH_N@std@@PEAX@std@@@2@@Z 000000018000ad00 f i game.obj
 0001:00009d20       ?_Left@?$_Tree_comp_alloc@V?$_Tmap_traits@HIU?$less@H@std@@V?$allocator@U?$pair@$$CBHI@std@@@2@$0A@@std@@@std@@SAAEAPEAU?$_Tree_node@U?$pair@$$CBHI@std@@PEAX@2@PEAU32@@Z 000000018000ad20 f i game.obj
 0001:00009d20       ?pointer_to@?$pointer_traits@PEAU?$pair@$$CBHI@std@@@std@@SAPEAU?$pair@$$CBHI@2@AEAU32@@Z 000000018000ad20 f i game.obj
 0001:00009d20       ?pointer_to@?$pointer_traits@PEAU?$pair@$$CBH_N@std@@@std@@SAPEAU?$pair@$$CBH_N@2@AEAU32@@Z 000000018000ad20 f i game.obj
 0001:00009d20       ?_Left@?$_Tree_comp_alloc@V?$_Tmap_traits@H_NU?$less@H@std@@V?$allocator@U?$pair@$$CBH_N@std@@@2@$0A@@std@@@std@@SAAEAPEAU?$_Tree_node@U?$pair@$$CBH_N@std@@PEAX@2@PEAU32@@Z 000000018000ad20 f i game.obj
 0001:00009d40       ?size@?$_Tree@V?$_Tmap_traits@H_NU?$less@H@std@@V?$allocator@U?$pair@$$CBH_N@std@@@2@$0A@@std@@@std@@QEBA_KXZ 000000018000ad40 f i game.obj
 0001:00009d40       ?size@?$_Tree@V?$_Tmap_traits@HIU?$less@H@std@@V?$allocator@U?$pair@$$CBHI@std@@@2@$0A@@std@@@std@@QEBA_KXZ 000000018000ad40 f i game.obj
 0001:00009d60       ?sqrt@@YAMM@Z              000000018000ad60 f i game.obj
 0001:00009d80       __local_stdio_printf_options 000000018000ad80 f i glfw3:init.c.obj
 0001:00009d90       _glfwInputError            000000018000ad90 f   glfw3:init.c.obj
 0001:00009f20       glfwTerminate              000000018000af20 f   glfw3:init.c.obj
 0001:0000a030       glfwDestroyWindow          000000018000b030 f   glfw3:window.c.obj
 0001:0000a0c0       glfwGetFramebufferSize     000000018000b0c0 f   glfw3:window.c.obj
 0001:0000a0f0       glfwGetWindowUserPointer   000000018000b0f0 f   glfw3:window.c.obj
 0001:0000a120       _glfwInputJoystickChange   000000018000b120 f   glfw3:input.c.obj
 0001:0000a130       glfwDestroyCursor          000000018000b130 f   glfw3:input.c.obj
 0001:0000a1f0       _glfwPlatformTerminate     000000018000b1f0 f   glfw3:win32_init.c.obj
 0001:0000a2d0       _glfwPlatformSetGammaRamp  000000018000b2d0 f   glfw3:win32_monitor.c.obj
 0001:0000a4b0       _glfwRestoreVideoModeWin32 000000018000b4b0 f   glfw3:win32_monitor.c.obj
 0001:0000a4f0       _glfwFreeMonitors          000000018000b4f0 f   glfw3:monitor.c.obj
 0001:0000a5d0       _glfwInputMonitorWindowChange 000000018000b5d0 f   glfw3:monitor.c.obj
 0001:0000a5e0       _glfwTerminateVulkan       000000018000b5e0 f   glfw3:vulkan.c.obj
 0001:0000a640       __local_stdio_scanf_options 000000018000b640 f i glfw3:context.c.obj
 0001:0000a650       glfwMakeContextCurrent     000000018000b650 f   glfw3:context.c.obj
 0001:0000a6e0       _glfwPlatformDestroyCursor 000000018000b6e0 f   glfw3:win32_window.c.obj
 0001:0000a700       _glfwPlatformDestroyWindow 000000018000b700 f   glfw3:win32_window.c.obj
 0001:0000a7b0       _glfwPlatformGetFramebufferSize 000000018000b7b0 f   glfw3:win32_window.c.obj
 0001:0000a810       _glfwPlatformSetCursor     000000018000b810 f   glfw3:win32_window.c.obj
 0001:0000a880       _glfwUnregisterWindowClassWin32 000000018000b880 f   glfw3:win32_window.c.obj
 0001:0000a970       _glfwPlatformGetCurrentContext 000000018000b970 f   glfw3:win32_tls.c.obj
 0001:0000a980       _glfwTerminateThreadLocalStorageWin32 000000018000b980 f   glfw3:win32_tls.c.obj
 0001:0000a9a0       _glfwTerminateJoysticksWin32 000000018000b9a0 f   glfw3:win32_joystick.c.obj
 0001:0000aa70       _glfwTerminateWGL          000000018000ba70 f   glfw3:wgl_context.c.obj
 0001:0000aa90       _glfwTerminateEGL          000000018000ba90 f   glfw3:egl_context.c.obj
 0001:0000aad4       ??2@YAPEAX_K@Z             000000018000bad4 f   MSVCRT:new_scalar.obj
 0001:0000ab10       ??3@YAXPEAX@Z              000000018000bb10 f   MSVCRT:delete_scalar.obj
 0001:0000ab18       __GSHandlerCheck           000000018000bb18 f   MSVCRT:_gshandler_.obj
 0001:0000ab38       __GSHandlerCheckCommon     000000018000bb38 f   MSVCRT:_gshandler_.obj
 0001:0000abb0       __security_check_cookie    000000018000bbb0 f   MSVCRT:_amdsecgs_.obj
 0001:0000af20       _DllMainCRTStartup         000000018000bf20 f   MSVCRT:dll_dllmain.obj
 0001:0000af70       _alloca_probe              000000018000bf70 f   MSVCRT:_chkstk_.obj
 0001:0000af70       __chkstk                   000000018000bf70 f   MSVCRT:_chkstk_.obj
 0001:0000afc4       ??0bad_alloc@std@@QEAA@AEBV01@@Z 000000018000bfc4 f i MSVCRT:throw_bad_alloc.obj
 0001:0000b004       ??0bad_alloc@std@@QEAA@XZ  000000018000c004 f i MSVCRT:throw_bad_alloc.obj
 0001:0000b024       ??0bad_array_new_length@std@@QEAA@AEBV01@@Z 000000018000c024 f i MSVCRT:throw_bad_alloc.obj
 0001:0000b064       ??0bad_array_new_length@std@@QEAA@XZ 000000018000c064 f i MSVCRT:throw_bad_alloc.obj
 0001:0000b084       ??0exception@std@@QEAA@AEBV01@@Z 000000018000c084 f i MSVCRT:throw_bad_alloc.obj
 0001:0000b0bc       ??1bad_array_new_length@std@@UEAA@XZ 000000018000c0bc f i MSVCRT:throw_bad_alloc.obj
 0001:0000b0bc       ??1bad_alloc@std@@UEAA@XZ  000000018000c0bc f i MSVCRT:throw_bad_alloc.obj
 0001:0000b0d0       ??_Ebad_array_new_length@std@@UEAAPEAXI@Z 000000018000c0d0 f i MSVCRT:throw_bad_alloc.obj
 0001:0000b0d0       ??_Gbad_alloc@std@@UEAAPEAXI@Z 000000018000c0d0 f i MSVCRT:throw_bad_alloc.obj
 0001:0000b0d0       ??_Gbad_array_new_length@std@@UEAAPEAXI@Z 000000018000c0d0 f i MSVCRT:throw_bad_alloc.obj
 0001:0000b0d0       ??_Ebad_alloc@std@@UEAAPEAXI@Z 000000018000c0d0 f i MSVCRT:throw_bad_alloc.obj
 0001:0000b0d0       ??_Eexception@std@@UEAAPEAXI@Z 000000018000c0d0 f i MSVCRT:throw_bad_alloc.obj
 0001:0000b0d0       ??_Gexception@std@@UEAAPEAXI@Z 000000018000c0d0 f i MSVCRT:throw_bad_alloc.obj
 0001:0000b114       ?__scrt_throw_std_bad_alloc@@YAXXZ 000000018000c114 f   MSVCRT:throw_bad_alloc.obj
 0001:0000b134       ?__scrt_throw_std_bad_array_new_length@@YAXXZ 000000018000c134 f   MSVCRT:throw_bad_alloc.obj
 0001:0000b154       ?what@exception@std@@UEBAPEBDXZ 000000018000c154 f i MSVCRT:throw_bad_alloc.obj
 0001:0000b168       __raise_securityfailure    000000018000c168 f   MSVCRT:gs_report.obj
 0001:0000b19c       __report_gsfailure         000000018000c19c f   MSVCRT:gs_report.obj
 0001:0000b2e4       __scrt_acquire_startup_lock 000000018000c2e4 f   MSVCRT:utility.obj
 0001:0000b320       __scrt_dllmain_after_initialize_c 000000018000c320 f   MSVCRT:utility.obj
 0001:0000b354       __scrt_dllmain_before_initialize_c 000000018000c354 f   MSVCRT:utility.obj
 0001:0000b36c       __scrt_dllmain_crt_thread_attach 000000018000c36c f   MSVCRT:utility.obj
 0001:0000b394       __scrt_dllmain_crt_thread_detach 000000018000c394 f   MSVCRT:utility.obj
 0001:0000b3ac       __scrt_dllmain_exception_filter 000000018000c3ac f   MSVCRT:utility.obj
 0001:0000b410       __scrt_dllmain_uninitialize_c 000000018000c410 f   MSVCRT:utility.obj
 0001:0000b440       __scrt_dllmain_uninitialize_critical 000000018000c440 f   MSVCRT:utility.obj
 0001:0000b454       __scrt_initialize_crt      000000018000c454 f   MSVCRT:utility.obj
 0001:0000b4a0       __scrt_initialize_onexit_tables 000000018000c4a0 f   MSVCRT:utility.obj
 0001:0000b56c       __scrt_is_nonwritable_in_current_image 000000018000c56c f   MSVCRT:utility.obj
 0001:0000b608       __scrt_release_startup_lock 000000018000c608 f   MSVCRT:utility.obj
 0001:0000b62c       __scrt_uninitialize_crt    000000018000c62c f   MSVCRT:utility.obj
 0001:0000b658       _onexit                    000000018000c658 f   MSVCRT:utility.obj
 0001:0000b6a8       atexit                     000000018000c6a8 f   MSVCRT:utility.obj
 0001:0000b6c0       __security_init_cookie     000000018000c6c0 f   MSVCRT:gs_support.obj
 0001:0000b76c       DllMain                    000000018000c76c f   MSVCRT:dll_dllmain_stub.obj
 0001:0000b790       ?__scrt_initialize_type_info@@YAXXZ 000000018000c790 f   MSVCRT:tncleanup.obj
 0001:0000b7a0       ?__scrt_uninitialize_type_info@@YAXXZ 000000018000c7a0 f   MSVCRT:tncleanup.obj
 0001:0000b7ac       __scrt_initialize_default_local_stdio_options 000000018000c7ac f   MSVCRT:default_local_stdio_options.obj
 0001:0000b7c8       __scrt_get_dyn_tls_init_callback 000000018000c7c8 f   MSVCRT:dyn_tls_init.obj
 0001:0000b7d0       __scrt_fastfail            000000018000c7d0 f   MSVCRT:utility_desktop.obj
 0001:0000b918       _RTC_Initialize            000000018000c918 f   MSVCRT:_initsect_.obj
 0001:0000b964       _RTC_Terminate             000000018000c964 f   MSVCRT:_initsect_.obj
 0001:0000b9b0       _guard_check_icall         000000018000c9b0 f i MSVCRT:checkcfg.obj
 0001:0000b9b8       ??3@YAXPEAX_K@Z            000000018000c9b8 f   MSVCRT:delete_scalar_size.obj
 0001:0000b9c0       ??_Gtype_info@@UEAAPEAXI@Z 000000018000c9c0 f i MSVCRT:std_type_info_static.obj
 0001:0000b9c0       ??_Etype_info@@UEAAPEAXI@Z 000000018000c9c0 f i MSVCRT:std_type_info_static.obj
 0001:0000b9ec       __isa_available_init       000000018000c9ec f   MSVCRT:_cpu_disp_.obj
 0001:0000bbb4       _get_startup_argv_mode     000000018000cbb4 f   MSVCRT:argv_mode.obj
 0001:0000bbbc       __scrt_is_ucrt_dll_in_use  000000018000cbbc f   MSVCRT:ucrt_detection.obj
 0001:0000bbc8       _guard_check_icall_nop     000000018000cbc8 f i MSVCRT:guard_support.obj
 0001:0000bbd0       _CxxThrowException         000000018000cbd0 f   vcruntime:VCRUNTIME140.dll
 0001:0000bbd6       __CxxFrameHandler3         000000018000cbd6 f   vcruntime:VCRUNTIME140.dll
 0001:0000bbdc       memset                     000000018000cbdc f   vcruntime:VCRUNTIME140.dll
 0001:0000bbe2       __C_specific_handler       000000018000cbe2 f   vcruntime:VCRUNTIME140.dll
 0001:0000bbe8       __std_exception_copy       000000018000cbe8 f   vcruntime:VCRUNTIME140.dll
 0001:0000bbee       __std_exception_destroy    000000018000cbee f   vcruntime:VCRUNTIME140.dll
 0001:0000bbf4       __std_type_info_destroy_list 000000018000cbf4 f   vcruntime:VCRUNTIME140.dll
 0001:0000bbfa       atan2f                     000000018000cbfa f   ucrt:api-ms-win-crt-math-l1-1-0.dll
 0001:0000bc00       sqrtf                      000000018000cc00 f   ucrt:api-ms-win-crt-math-l1-1-0.dll
 0001:0000bc06       free                       000000018000cc06 f   ucrt:api-ms-win-crt-heap-l1-1-0.dll
 0001:0000bc0c       _callnewh                  000000018000cc0c f   ucrt:api-ms-win-crt-heap-l1-1-0.dll
 0001:0000bc12       malloc                     000000018000cc12 f   ucrt:api-ms-win-crt-heap-l1-1-0.dll
 0001:0000bc18       _initterm                  000000018000cc18 f   ucrt:api-ms-win-crt-runtime-l1-1-0.dll
 0001:0000bc1e       _initterm_e                000000018000cc1e f   ucrt:api-ms-win-crt-runtime-l1-1-0.dll
 0001:0000bc24       _seh_filter_dll            000000018000cc24 f   ucrt:api-ms-win-crt-runtime-l1-1-0.dll
 0001:0000bc2a       _configure_narrow_argv     000000018000cc2a f   ucrt:api-ms-win-crt-runtime-l1-1-0.dll
 0001:0000bc30       _initialize_narrow_environment 000000018000cc30 f   ucrt:api-ms-win-crt-runtime-l1-1-0.dll
 0001:0000bc36       _initialize_onexit_table   000000018000cc36 f   ucrt:api-ms-win-crt-runtime-l1-1-0.dll
 0001:0000bc3c       _register_onexit_function  000000018000cc3c f   ucrt:api-ms-win-crt-runtime-l1-1-0.dll
 0001:0000bc42       _execute_onexit_table      000000018000cc42 f   ucrt:api-ms-win-crt-runtime-l1-1-0.dll
 0001:0000bc48       _crt_atexit                000000018000cc48 f   ucrt:api-ms-win-crt-runtime-l1-1-0.dll
 0001:0000bc4e       _cexit                     000000018000cc4e f   ucrt:api-ms-win-crt-runtime-l1-1-0.dll
 0001:0000bc54       IsProcessorFeaturePresent  000000018000cc54 f   kernel32:KERNEL32.dll
 0001:0000bc5c       __acrt_thread_detach       000000018000cc5c f   MSVCRT:ucrt_stubs.obj
 0001:0000bc5c       __vcrt_thread_detach       000000018000cc5c f   MSVCRT:ucrt_stubs.obj
 0001:0000bc5c       __scrt_stub_for_acrt_uninitialize 000000018000cc5c f   MSVCRT:ucrt_stubs.obj
 0001:0000bc5c       __acrt_uninitialize        000000018000cc5c f   MSVCRT:ucrt_stubs.obj
 0001:0000bc5c       __vcrt_uninitialize        000000018000cc5c f   MSVCRT:ucrt_stubs.obj
 0001:0000bc5c       __vcrt_initialize          000000018000cc5c f   MSVCRT:ucrt_stubs.obj
 0001:0000bc5c       __vcrt_thread_attach       000000018000cc5c f   MSVCRT:ucrt_stubs.obj
 0001:0000bc5c       __scrt_stub_for_acrt_thread_detach 000000018000cc5c f   MSVCRT:ucrt_stubs.obj
 0001:0000bc5c       __acrt_uninitialize_critical 000000018000cc5c f   MSVCRT:ucrt_stubs.obj
 0001:0000bc5c       __vcrt_uninitialize_critical 000000018000cc5c f   MSVCRT:ucrt_stubs.obj
 0001:0000bc5c       __acrt_thread_attach       000000018000cc5c f   MSVCRT:ucrt_stubs.obj
 0001:0000bc5c       __scrt_stub_for_acrt_uninitialize_critical 000000018000cc5c f   MSVCRT:ucrt_stubs.obj
 0001:0000bc5c       __scrt_stub_for_acrt_initialize 000000018000cc5c f   MSVCRT:ucrt_stubs.obj
 0001:0000bc5c       __acrt_initialize          000000018000cc5c f   MSVCRT:ucrt_stubs.obj
 0001:0000bc5c       __scrt_stub_for_acrt_thread_attach 000000018000cc5c f   MSVCRT:ucrt_stubs.obj
 0001:0000bc60       _is_c_termination_complete 000000018000cc60 f   MSVCRT:ucrt_stubs.obj
 0001:0000bc60       __scrt_stub_for_is_c_termination_complete 000000018000cc60 f   MSVCRT:ucrt_stubs.obj
 0001:0000bc80       _guard_dispatch_icall_nop  000000018000cc80 f   MSVCRT:_guard_dispatch_.obj
 0002:00000000       __imp_CreateDCW            000000018000d000     gdi32:GDI32.dll
 0002:00000008       __imp_SetDeviceGammaRamp   000000018000d008     gdi32:GDI32.dll
 0002:00000010       __imp_DeleteDC             000000018000d010     gdi32:GDI32.dll
 0002:00000018       \177GDI32_NULL_THUNK_DATA  000000018000d018     gdi32:GDI32.dll
 0002:00000020       __imp_TlsGetValue          000000018000d020     kernel32:KERNEL32.dll
 0002:00000028       __imp_TlsFree              000000018000d028     kernel32:KERNEL32.dll
 0002:00000030       __imp_QueryPerformanceCounter 000000018000d030     kernel32:KERNEL32.dll
 0002:00000038       __imp_GetModuleHandleW     000000018000d038     kernel32:KERNEL32.dll
 0002:00000040       __imp_InitializeSListHead  000000018000d040     kernel32:KERNEL32.dll
 0002:00000048       __imp_IsDebuggerPresent    000000018000d048     kernel32:KERNEL32.dll
 0002:00000050       __imp_RtlCaptureContext    000000018000d050     kernel32:KERNEL32.dll
 0002:00000058       __imp_DisableThreadLibraryCalls 000000018000d058     kernel32:KERNEL32.dll
 0002:00000060       __imp_GetSystemTimeAsFileTime 000000018000d060     kernel32:KERNEL32.dll
 0002:00000068       __imp_GetCurrentThreadId   000000018000d068     kernel32:KERNEL32.dll
 0002:00000070       __imp_GetCurrentProcessId  000000018000d070     kernel32:KERNEL32.dll
 0002:00000078       __imp_IsProcessorFeaturePresent 000000018000d078     kernel32:KERNEL32.dll
 0002:00000080       __imp_TerminateProcess     000000018000d080     kernel32:KERNEL32.dll
 0002:00000088       __imp_GetCurrentProcess    000000018000d088     kernel32:KERNEL32.dll
 0002:00000090       __imp_SetUnhandledExceptionFilter 000000018000d090     kernel32:KERNEL32.dll
 0002:00000098       __imp_UnhandledExceptionFilter 000000018000d098     kernel32:KERNEL32.dll
 0002:000000a0       __imp_RtlVirtualUnwind     000000018000d0a0     kernel32:KERNEL32.dll
 0002:000000a8       __imp_RtlLookupFunctionEntry 000000018000d0a8     kernel32:KERNEL32.dll
 0002:000000b0       __imp_FreeLibrary          000000018000d0b0     kernel32:KERNEL32.dll
 0002:000000b8       \177KERNEL32_NULL_THUNK_DATA 000000018000d0b8     kernel32:KERNEL32.dll
 0002:000000c0       __imp_?_Xlength_error@std@@YAXPEBD@Z 000000018000d0c0     msvcprt:MSVCP140.dll
 0002:000000c8       __imp_?_Xbad_alloc@std@@YAXXZ 000000018000d0c8     msvcprt:MSVCP140.dll
 0002:000000d0       \177MSVCP140_NULL_THUNK_DATA 000000018000d0d0     msvcprt:MSVCP140.dll
 0002:000000d8       __imp_alcCloseDevice       000000018000d0d8     OpenAL32:OpenAL32.dll
 0002:000000e0       __imp_alcGetContextsDevice 000000018000d0e0     OpenAL32:OpenAL32.dll
 0002:000000e8       __imp_alcDestroyContext    000000018000d0e8     OpenAL32:OpenAL32.dll
 0002:000000f0       __imp_alcMakeContextCurrent 000000018000d0f0     OpenAL32:OpenAL32.dll
 0002:000000f8       __imp_alDeleteBuffers      000000018000d0f8     OpenAL32:OpenAL32.dll
 0002:00000100       __imp_alSourcePause        000000018000d100     OpenAL32:OpenAL32.dll
 0002:00000108       __imp_alSourceStop         000000018000d108     OpenAL32:OpenAL32.dll
 0002:00000110       __imp_alSourcePlay         000000018000d110     OpenAL32:OpenAL32.dll
 0002:00000118       __imp_alGetSourcei         000000018000d118     OpenAL32:OpenAL32.dll
 0002:00000120       __imp_alSourcei            000000018000d120     OpenAL32:OpenAL32.dll
 0002:00000128       __imp_alSource3f           000000018000d128     OpenAL32:OpenAL32.dll
 0002:00000130       __imp_alSourcef            000000018000d130     OpenAL32:OpenAL32.dll
 0002:00000138       __imp_alDeleteSources      000000018000d138     OpenAL32:OpenAL32.dll
 0002:00000140       \177OpenAL32_NULL_THUNK_DATA 000000018000d140     OpenAL32:OpenAL32.dll
 0002:00000148       __imp_DestroyIcon          000000018000d148     user32:USER32.dll
 0002:00000150       __imp_LoadCursorW          000000018000d150     user32:USER32.dll
 0002:00000158       __imp_PtInRect             000000018000d158     user32:USER32.dll
 0002:00000160       __imp_WindowFromPoint      000000018000d160     user32:USER32.dll
 0002:00000168       __imp_ClientToScreen       000000018000d168     user32:USER32.dll
 0002:00000170       __imp_GetCursorPos         000000018000d170     user32:USER32.dll
 0002:00000178       __imp_SetCursor            000000018000d178     user32:USER32.dll
 0002:00000180       __imp_GetClientRect        000000018000d180     user32:USER32.dll
 0002:00000188       __imp_RemovePropW          000000018000d188     user32:USER32.dll
 0002:00000190       __imp_DestroyWindow        000000018000d190     user32:USER32.dll
 0002:00000198       __imp_SystemParametersInfoW 000000018000d198     user32:USER32.dll
 0002:000001a0       __imp_ChangeDisplaySettingsExW 000000018000d1a0     user32:USER32.dll
 0002:000001a8       __imp_UnregisterClassW     000000018000d1a8     user32:USER32.dll
 0002:000001b0       \177USER32_NULL_THUNK_DATA 000000018000d1b0     user32:USER32.dll
 0002:000001b8       __imp___C_specific_handler 000000018000d1b8     vcruntime:VCRUNTIME140.dll
 0002:000001c0       __imp___std_type_info_destroy_list 000000018000d1c0     vcruntime:VCRUNTIME140.dll
 0002:000001c8       __imp___std_exception_destroy 000000018000d1c8     vcruntime:VCRUNTIME140.dll
 0002:000001d0       __imp___std_exception_copy 000000018000d1d0     vcruntime:VCRUNTIME140.dll
 0002:000001d8       __imp_memset               000000018000d1d8     vcruntime:VCRUNTIME140.dll
 0002:000001e0       __imp___CxxFrameHandler3   000000018000d1e0     vcruntime:VCRUNTIME140.dll
 0002:000001e8       __imp__CxxThrowException   000000018000d1e8     vcruntime:VCRUNTIME140.dll
 0002:000001f0       \177VCRUNTIME140_NULL_THUNK_DATA 000000018000d1f0     vcruntime:VCRUNTIME140.dll
 0002:000001f8       __imp_free                 000000018000d1f8     ucrt:api-ms-win-crt-heap-l1-1-0.dll
 0002:00000200       __imp__callnewh            000000018000d200     ucrt:api-ms-win-crt-heap-l1-1-0.dll
 0002:00000208       __imp_malloc               000000018000d208     ucrt:api-ms-win-crt-heap-l1-1-0.dll
 0002:00000210       \177api-ms-win-crt-heap-l1-1-0_NULL_THUNK_DATA 000000018000d210     ucrt:api-ms-win-crt-heap-l1-1-0.dll
 0002:00000218       __imp_sqrtf                000000018000d218     ucrt:api-ms-win-crt-math-l1-1-0.dll
 0002:00000220       __imp_atan2f               000000018000d220     ucrt:api-ms-win-crt-math-l1-1-0.dll
 0002:00000228       \177api-ms-win-crt-math-l1-1-0_NULL_THUNK_DATA 000000018000d228     ucrt:api-ms-win-crt-math-l1-1-0.dll
 0002:00000230       __imp__initialize_onexit_table 000000018000d230     ucrt:api-ms-win-crt-runtime-l1-1-0.dll
 0002:00000238       __imp__register_onexit_function 000000018000d238     ucrt:api-ms-win-crt-runtime-l1-1-0.dll
 0002:00000240       __imp__execute_onexit_table 000000018000d240     ucrt:api-ms-win-crt-runtime-l1-1-0.dll
[...]
 0004:000005c4       $pdata$?_Rmost@?$_Tree@V?$_Tmap_traits@HIU?$less@H@std@@V?$allocator@U?$pair@$$CBHI@std@@@2@$0A@@std@@@std@@IEBAAEAPEAU?$_Tree_node@U?$pair@$$CBHI@std@@PEAX@2@XZ 00000001800125c4     game.obj
 0004:000005d0       $pdata$?_Root@?$_Tree@V?$_Tmap_traits@HIU?$less@H@std@@V?$allocator@U?$pair@$$CBHI@std@@@2@$0A@@std@@@std@@IEBAAEAPEAU?$_Tree_node@U?$pair@$$CBHI@std@@PEAX@2@XZ 00000001800125d0     game.obj
 0004:000005d0       $pdata$?_Root@?$_Tree@V?$_Tmap_traits@H_NU?$less@H@std@@V?$allocator@U?$pair@$$CBH_N@std@@@2@$0A@@std@@@std@@IEBAAEAPEAU?$_Tree_node@U?$pair@$$CBH_N@std@@PEAX@2@XZ 00000001800125d0     game.obj
 0004:000005dc       $pdata$?_Rrotate@?$_Tree@V?$_Tmap_traits@HIU?$less@H@std@@V?$allocator@U?$pair@$$CBHI@std@@@2@$0A@@std@@@std@@IEAAXPEAU?$_Tree_node@U?$pair@$$CBHI@std@@PEAX@2@@Z 00000001800125dc     game.obj
 0004:000005dc       $pdata$?_Rrotate@?$_Tree@V?$_Tmap_traits@H_NU?$less@H@std@@V?$allocator@U?$pair@$$CBH_N@std@@@2@$0A@@std@@@std@@IEAAXPEAU?$_Tree_node@U?$pair@$$CBH_N@std@@PEAX@2@@Z 00000001800125dc     game.obj
 0004:000005e8       $pdata$?allocate@?$_Wrap_alloc@V?$allocator@U?$_Tree_node@U?$pair@$$CBHI@std@@PEAX@std@@@std@@@std@@QEAAPEAU?$_Tree_node@U?$pair@$$CBHI@std@@PEAX@2@_K@Z 00000001800125e8     game.obj
 0004:000005e8       $pdata$?allocate@?$_Wrap_alloc@V?$allocator@U?$_Tree_node@U?$pair@$$CBH_N@std@@PEAX@std@@@std@@@std@@QEAAPEAU?$_Tree_node@U?$pair@$$CBH_N@std@@PEAX@2@_K@Z 00000001800125e8     game.obj
 0004:000005f4       $pdata$?allocate@?$allocator@U?$_Tree_node@U?$pair@$$CBH_N@std@@PEAX@std@@@std@@QEAAPEAU?$_Tree_node@U?$pair@$$CBH_N@std@@PEAX@2@_K@Z 00000001800125f4     game.obj
 0004:000005f4       $pdata$?allocate@?$allocator@U?$_Tree_node@U?$pair@$$CBHI@std@@PEAX@std@@@std@@QEAAPEAU?$_Tree_node@U?$pair@$$CBHI@std@@PEAX@2@_K@Z 00000001800125f4     game.obj
 0004:00000600       $pdata$?atan2@@YAMMM@Z     0000000180012600     game.obj
 0004:0000060c       $pdata$?begin@?$_Tree@V?$_Tmap_traits@HIU?$less@H@std@@V?$allocator@U?$pair@$$CBHI@std@@@2@$0A@@std@@@std@@QEAA?AV?$_Tree_iterator@V?$_Tree_val@U?$_Tree_simple_types@U?$pair@$$CBHI@std@@@std@@@std@@@2@XZ 000000018001260c     game.obj
 0004:00000618       $pdata$?begin@?$_Tree@V?$_Tmap_traits@H_NU?$less@H@std@@V?$allocator@U?$pair@$$CBH_N@std@@@2@$0A@@std@@@std@@QEAA?AV?$_Tree_iterator@V?$_Tree_val@U?$_Tree_simple_types@U?$pair@$$CBH_N@std@@@std@@@std@@@2@XZ 0000000180012618     game.obj
 0004:00000624       $pdata$?call@?$compute_dot@Utvec2@glm@@M$0A@$0A@@detail@glm@@SAMAEBU?$tvec2@M$0A@@3@0@Z 0000000180012624     game.obj
 0004:00000630       $pdata$?call@?$compute_inverse@Utmat4x4@glm@@M$0A@$0A@@detail@glm@@SA?AU?$tmat4x4@M$0A@@3@AEBU43@@Z 0000000180012630     game.obj
 0004:0000063c       $pdata$?call@?$compute_normalize@M$0A@Utvec2@glm@@$0A@@detail@glm@@SA?AU?$tvec2@M$0A@@3@AEBU43@@Z 000000018001263c     game.obj
 0004:00000648       $pdata$?call@?$compute_vec4_add@M$0A@$0A@@detail@glm@@SA?AU?$tvec4@M$0A@@3@AEBU43@0@Z 0000000180012648     game.obj
 0004:00000654       $pdata$?call@?$compute_vec4_div@M$0A@$0A@@detail@glm@@SA?AU?$tvec4@M$0A@@3@AEBU43@0@Z 0000000180012654     game.obj
 0004:00000660       $pdata$?call@?$compute_vec4_mul@M$0A@$0A@@detail@glm@@SA?AU?$tvec4@M$0A@@3@AEBU43@0@Z 0000000180012660     game.obj
 0004:0000066c       $pdata$?call@?$compute_vec4_sub@M$0A@$0A@@detail@glm@@SA?AU?$tvec4@M$0A@@3@AEBU43@0@Z 000000018001266c     game.obj
 0004:00000678       $pdata$?deallocate@?$_Wrap_alloc@V?$allocator@U?$_Tree_node@U?$pair@$$CBH_N@std@@PEAX@std@@@std@@@std@@QEAAXPEAU?$_Tree_node@U?$pair@$$CBH_N@std@@PEAX@2@_K@Z 0000000180012678     game.obj
 0004:00000678       $pdata$?deallocate@?$_Wrap_alloc@V?$allocator@U?$_Tree_node@U?$pair@$$CBHI@std@@PEAX@std@@@std@@@std@@QEAAXPEAU?$_Tree_node@U?$pair@$$CBHI@std@@PEAX@2@_K@Z 0000000180012678     game.obj
 0004:00000684       $pdata$?deallocate@?$allocator@U?$_Tree_node@U?$pair@$$CBH_N@std@@PEAX@std@@@std@@QEAAXPEAU?$_Tree_node@U?$pair@$$CBH_N@std@@PEAX@2@_K@Z 0000000180012684     game.obj
 0004:00000684       $pdata$?deallocate@?$allocator@U?$_Tree_node@U?$pair@$$CBHI@std@@PEAX@std@@@std@@QEAAXPEAU?$_Tree_node@U?$pair@$$CBHI@std@@PEAX@2@_K@Z 0000000180012684     game.obj
 0004:00000690       $pdata$?end@?$_Tree@V?$_Tmap_traits@HIU?$less@H@std@@V?$allocator@U?$pair@$$CBHI@std@@@2@$0A@@std@@@std@@QEAA?AV?$_Tree_iterator@V?$_Tree_val@U?$_Tree_simple_types@U?$pair@$$CBHI@std@@@std@@@std@@@2@XZ 0000000180012690     game.obj
 0004:0000069c       $pdata$?end@?$_Tree@V?$_Tmap_traits@H_NU?$less@H@std@@V?$allocator@U?$pair@$$CBH_N@std@@@2@$0A@@std@@@std@@QEAA?AV?$_Tree_iterator@V?$_Tree_val@U?$_Tree_simple_types@U?$pair@$$CBH_N@std@@@std@@@std@@@2@XZ 000000018001269c     game.obj
 0004:000006a8       $pdata$?lower_bound@?$_Tree@V?$_Tmap_traits@HIU?$less@H@std@@V?$allocator@U?$pair@$$CBHI@std@@@2@$0A@@std@@@std@@QEAA?AV?$_Tree_iterator@V?$_Tree_val@U?$_Tree_simple_types@U?$pair@$$CBHI@std@@@std@@@std@@@2@AEBH@Z 00000001800126a8     game.obj
 0004:000006a8       $pdata$?lower_bound@?$_Tree@V?$_Tmap_traits@H_NU?$less@H@std@@V?$allocator@U?$pair@$$CBH_N@std@@@2@$0A@@std@@@std@@QEAA?AV?$_Tree_iterator@V?$_Tree_val@U?$_Tree_simple_types@U?$pair@$$CBH_N@std@@@std@@@std@@@2@AEBH@Z 00000001800126a8     game.obj
 0004:000006b4       $pdata$?max_size@?$_Tree@V?$_Tmap_traits@HIU?$less@H@std@@V?$allocator@U?$pair@$$CBHI@std@@@2@$0A@@std@@@std@@QEBA_KXZ 00000001800126b4     game.obj
 0004:000006b4       $pdata$?max_size@?$_Tree@V?$_Tmap_traits@H_NU?$less@H@std@@V?$allocator@U?$pair@$$CBH_N@std@@@2@$0A@@std@@@std@@QEBA_KXZ 00000001800126b4     game.obj
 0004:000006c0       $pdata$?max_size@?$_Wrap_alloc@V?$allocator@U?$_Tree_node@U?$pair@$$CBHI@std@@PEAX@std@@@std@@@std@@QEBA_KU_Nil@2@@Z 00000001800126c0     game.obj
 0004:000006c0       $pdata$?max_size@?$_Wrap_alloc@V?$allocator@U?$_Tree_node@U?$pair@$$CBH_N@std@@PEAX@std@@@std@@@std@@QEBA_KU_Nil@2@@Z 00000001800126c0     game.obj
 0004:000006cc       $pdata$?max_size@?$allocator_traits@V?$allocator@U?$_Tree_node@U?$pair@$$CBH_N@std@@PEAX@std@@@std@@@std@@SA_KAEBV?$allocator@U?$_Tree_node@U?$pair@$$CBH_N@std@@PEAX@std@@@2@@Z 00000001800126cc     game.obj
 0004:000006cc       $pdata$?max_size@?$allocator_traits@V?$allocator@U?$_Tree_node@U?$pair@$$CBHI@std@@PEAX@std@@@std@@@std@@SA_KAEBV?$allocator@U?$_Tree_node@U?$pair@$$CBHI@std@@PEAX@std@@@2@@Z 00000001800126cc     game.obj
 0004:000006d8       $pdata$?_Left@?$_Tree_comp_alloc@V?$_Tmap_traits@H_NU?$less@H@std@@V?$allocator@U?$pair@$$CBH_N@std@@@2@$0A@@std@@@std@@SAAEAPEAU?$_Tree_node@U?$pair@$$CBH_N@std@@PEAX@2@PEAU32@@Z 00000001800126d8     game.obj
 0004:000006d8       $pdata$?_Left@?$_Tree_comp_alloc@V?$_Tmap_traits@HIU?$less@H@std@@V?$allocator@U?$pair@$$CBHI@std@@@2@$0A@@std@@@std@@SAAEAPEAU?$_Tree_node@U?$pair@$$CBHI@std@@PEAX@2@PEAU32@@Z 00000001800126d8     game.obj
 0004:000006d8       $pdata$?pointer_to@?$pointer_traits@PEAU?$pair@$$CBH_N@std@@@std@@SAPEAU?$pair@$$CBH_N@2@AEAU32@@Z 00000001800126d8     game.obj
 0004:000006d8       $pdata$?pointer_to@?$pointer_traits@PEAU?$pair@$$CBHI@std@@@std@@SAPEAU?$pair@$$CBHI@2@AEAU32@@Z 00000001800126d8     game.obj
 0004:000006e4       $pdata$?size@?$_Tree@V?$_Tmap_traits@HIU?$less@H@std@@V?$allocator@U?$pair@$$CBHI@std@@@2@$0A@@std@@@std@@QEBA_KXZ 00000001800126e4     game.obj
 0004:000006e4       $pdata$?size@?$_Tree@V?$_Tmap_traits@H_NU?$less@H@std@@V?$allocator@U?$pair@$$CBH_N@std@@@2@$0A@@std@@@std@@QEBA_KXZ 00000001800126e4     game.obj
 0004:000006f0       $pdata$?sqrt@@YAMM@Z       00000001800126f0     game.obj
 0004:000006fc       $pdata$_glfwInputError     00000001800126fc     glfw3:init.c.obj
 0004:00000708       $pdata$0$_glfwInputError   0000000180012708     glfw3:init.c.obj
 0004:00000714       $pdata$1$_glfwInputError   0000000180012714     glfw3:init.c.obj
 0004:00000720       $pdata$glfwTerminate       0000000180012720     glfw3:init.c.obj
 0004:0000072c       $pdata$0$glfwTerminate     000000018001272c     glfw3:init.c.obj
 0004:00000738       $pdata$1$glfwTerminate     0000000180012738     glfw3:init.c.obj
 0004:00000744       $pdata$2$glfwTerminate     0000000180012744     glfw3:init.c.obj
 0004:00000750       $pdata$3$glfwTerminate     0000000180012750     glfw3:init.c.obj
 0004:0000075c       $pdata$glfwDestroyWindow   000000018001275c     glfw3:window.c.obj
 0004:00000768       $pdata$glfwGetWindowUserPointer 0000000180012768     glfw3:window.c.obj
 0004:00000774       $pdata$glfwDestroyCursor   0000000180012774     glfw3:input.c.obj
 0004:00000780       $pdata$0$glfwDestroyCursor 0000000180012780     glfw3:input.c.obj
 0004:0000078c       $pdata$1$glfwDestroyCursor 000000018001278c     glfw3:input.c.obj
 0004:00000798       $pdata$2$glfwDestroyCursor 0000000180012798     glfw3:input.c.obj
 0004:000007a4       $pdata$3$glfwDestroyCursor 00000001800127a4     glfw3:input.c.obj
 0004:000007b0       $pdata$_glfwPlatformTerminate 00000001800127b0     glfw3:win32_init.c.obj
 0004:000007bc       $pdata$freeLibraries       00000001800127bc     glfw3:win32_init.c.obj
 0004:000007c8       $pdata$_glfwPlatformSetGammaRamp 00000001800127c8     glfw3:win32_monitor.c.obj
 0004:000007d4       $pdata$_glfwRestoreVideoModeWin32 00000001800127d4     glfw3:win32_monitor.c.obj
 0004:000007e0       $pdata$_glfwFreeMonitors   00000001800127e0     glfw3:monitor.c.obj
 0004:000007ec       $pdata$0$_glfwFreeMonitors 00000001800127ec     glfw3:monitor.c.obj
 0004:000007f8       $pdata$1$_glfwFreeMonitors 00000001800127f8     glfw3:monitor.c.obj
 0004:00000804       $pdata$_glfwTerminateVulkan 0000000180012804     glfw3:vulkan.c.obj
 0004:00000810       $pdata$glfwMakeContextCurrent 0000000180012810     glfw3:context.c.obj
 0004:0000081c       $pdata$_glfwPlatformDestroyWindow 000000018001281c     glfw3:win32_window.c.obj
 0004:00000828       $pdata$_glfwPlatformGetFramebufferSize 0000000180012828     glfw3:win32_window.c.obj
 0004:00000834       $pdata$_glfwPlatformSetCursor 0000000180012834     glfw3:win32_window.c.obj
 0004:00000840       $pdata$_glfwUnregisterWindowClassWin32 0000000180012840     glfw3:win32_window.c.obj
 0004:0000084c       $pdata$cursorInClientArea  000000018001284c     glfw3:win32_window.c.obj
 0004:00000858       $pdata$_glfwTerminateJoysticksWin32 0000000180012858     glfw3:win32_joystick.c.obj
 0004:00000864       $pdata$_glfwTerminateEGL   0000000180012864     glfw3:egl_context.c.obj
 0004:00000870       $pdata$??2@YAPEAX_K@Z      0000000180012870     MSVCRT:new_scalar.obj
 0004:0000087c       $pdata$__GSHandlerCheck    000000018001287c     MSVCRT:_gshandler_.obj
 0004:00000888       $pdata$__GSHandlerCheckCommon 0000000180012888     MSVCRT:_gshandler_.obj
 0004:000008a0       $pdata$?dllmain_crt_dispatch@@YAHQEAUHINSTANCE__@@KQEAX@Z 00000001800128a0     MSVCRT:dll_dllmain.obj
 0004:000008ac       $pdata$?dllmain_crt_process_attach@@YAHQEAUHINSTANCE__@@QEAX@Z 00000001800128ac     MSVCRT:dll_dllmain.obj
 0004:000008b8       $pdata$?dllmain_crt_process_detach@@YAH_N@Z 00000001800128b8     MSVCRT:dll_dllmain.obj
 0004:000008c4       $pdata$?dllmain_dispatch@@YAHQEAUHINSTANCE__@@KQEAX@Z 00000001800128c4     MSVCRT:dll_dllmain.obj
 0004:000008d0       $pdata$?dllmain_raw@@YAHQEAUHINSTANCE__@@KQEAX@Z 00000001800128d0     MSVCRT:dll_dllmain.obj
 0004:000008dc       $pdata$_DllMainCRTStartup  00000001800128dc     MSVCRT:dll_dllmain.obj
 0004:000008f4       $pdata$??0bad_alloc@std@@QEAA@AEBV01@@Z 00000001800128f4     MSVCRT:throw_bad_alloc.obj
 0004:00000900       $pdata$??0bad_array_new_length@std@@QEAA@AEBV01@@Z 0000000180012900     MSVCRT:throw_bad_alloc.obj
 0004:0000090c       $pdata$??0exception@std@@QEAA@AEBV01@@Z 000000018001290c     MSVCRT:throw_bad_alloc.obj
 0004:00000918       $pdata$??_Gexception@std@@UEAAPEAXI@Z 0000000180012918     MSVCRT:throw_bad_alloc.obj
 0004:00000918       $pdata$??_Gbad_array_new_length@std@@UEAAPEAXI@Z 0000000180012918     MSVCRT:throw_bad_alloc.obj
 0004:00000918       $pdata$??_Gbad_alloc@std@@UEAAPEAXI@Z 0000000180012918     MSVCRT:throw_bad_alloc.obj
 0004:00000924       $pdata$?__scrt_throw_std_bad_alloc@@YAXXZ 0000000180012924     MSVCRT:throw_bad_alloc.obj
 0004:00000930       $pdata$?__scrt_throw_std_bad_array_new_length@@YAXXZ 0000000180012930     MSVCRT:throw_bad_alloc.obj
 0004:0000093c       $pdata$__raise_securityfailure 000000018001293c     MSVCRT:gs_report.obj
 0004:00000948       $pdata$__report_gsfailure  0000000180012948     MSVCRT:gs_report.obj
 0004:00000954       $pdata$capture_previous_context 0000000180012954     MSVCRT:gs_report.obj
 0004:00000960       $pdata$__scrt_acquire_startup_lock 0000000180012960     MSVCRT:utility.obj
 0004:0000096c       $pdata$__scrt_dllmain_after_initialize_c 000000018001296c     MSVCRT:utility.obj
 0004:00000978       $pdata$__scrt_dllmain_before_initialize_c 0000000180012978     MSVCRT:utility.obj
 0004:00000984       $pdata$__scrt_dllmain_crt_thread_attach 0000000180012984     MSVCRT:utility.obj
 0004:00000990       $pdata$__scrt_dllmain_crt_thread_detach 0000000180012990     MSVCRT:utility.obj
 0004:0000099c       $pdata$__scrt_dllmain_exception_filter 000000018001299c     MSVCRT:utility.obj
 0004:000009a8       $pdata$__scrt_dllmain_uninitialize_c 00000001800129a8     MSVCRT:utility.obj
 0004:000009b4       $pdata$__scrt_dllmain_uninitialize_critical 00000001800129b4     MSVCRT:utility.obj
 0004:000009c0       $pdata$__scrt_initialize_crt 00000001800129c0     MSVCRT:utility.obj
 0004:000009cc       $pdata$__scrt_initialize_onexit_tables 00000001800129cc     MSVCRT:utility.obj
 0004:000009d8       $pdata$__scrt_is_nonwritable_in_current_image 00000001800129d8     MSVCRT:utility.obj
 0004:000009e4       $pdata$__scrt_release_startup_lock 00000001800129e4     MSVCRT:utility.obj
 0004:000009f0       $pdata$__scrt_uninitialize_crt 00000001800129f0     MSVCRT:utility.obj
 0004:000009fc       $pdata$_onexit             00000001800129fc     MSVCRT:utility.obj
 0004:00000a08       $pdata$atexit              0000000180012a08     MSVCRT:utility.obj
 0004:00000a14       $pdata$__security_init_cookie 0000000180012a14     MSVCRT:gs_support.obj
 0004:00000a20       $pdata$DllMain             0000000180012a20     MSVCRT:dll_dllmain_stub.obj
 0004:00000a2c       $pdata$__scrt_initialize_default_local_stdio_options 0000000180012a2c     MSVCRT:default_local_stdio_options.obj
 0004:00000a38       $pdata$__scrt_fastfail     0000000180012a38     MSVCRT:utility_desktop.obj
 0004:00000a44       $pdata$_RTC_Initialize     0000000180012a44     MSVCRT:_initsect_.obj
 0004:00000a50       $pdata$_RTC_Terminate      0000000180012a50     MSVCRT:_initsect_.obj
 0004:00000a5c       $pdata$??_Gtype_info@@UEAAPEAXI@Z 0000000180012a5c     MSVCRT:std_type_info_static.obj
 0004:00000a68       $pdata$__isa_available_init 0000000180012a68     MSVCRT:_cpu_disp_.obj
 0004:00000a80       $pdata$?catch$0@?0???$_Buynode@AEBUpiecewise_construct_t@std@@V?$tuple@AEBH@2@V?$tuple@$$V@2@@?$_Tree_comp_alloc@V?$_Tmap_traits@HIU?$less@H@std@@V?$allocator@U?$pair@$$CBHI@std@@@2@$0A@@std@@@std@@QEAAPEAU?$_Tree_node@U?$pair@$$CBHI@std@@PEAX@1@AEBUpiecewise_construct_t@1@$$QEAV?$tuple@AEBH@1@$$QEAV?$tuple@$$V@1@@Z@4HA 0000000180012a80     game.obj
 0004:00000a8c       $pdata$?catch$0@?0???$_Buynode@AEBUpiecewise_construct_t@std@@V?$tuple@AEBH@2@V?$tuple@$$V@2@@?$_Tree_comp_alloc@V?$_Tmap_traits@H_NU?$less@H@std@@V?$allocator@U?$pair@$$CBH_N@std@@@2@$0A@@std@@@std@@QEAAPEAU?$_Tree_node@U?$pair@$$CBH_N@std@@PEAX@1@AEBUpiecewise_construct_t@1@$$QEAV?$tuple@AEBH@1@$$QEAV?$tuple@$$V@1@@Z@4HA 0000000180012a8c     game.obj
 0004:00000a98       $pdata$?catch$0@?0???$_Insert_hint@AEAU?$pair@$$CBHI@std@@PEAU?$_Tree_node@U?$pair@$$CBHI@std@@PEAX@2@@?$_Tree@V?$_Tmap_traits@HIU?$less@H@std@@V?$allocator@U?$pair@$$CBHI@std@@@2@$0A@@std@@@std@@IEAA?AV?$_Tree_iterator@V?$_Tree_val@U?$_Tree_simple_types@U?$pair@$$CBHI@std@@@std@@@std@@@1@V?$_Tree_const_iterator@V?$_Tree_val@U?$_Tree_simple_types@U?$pair@$$CBHI@std@@@std@@@std@@@1@AEAU?$pair@$$CBHI@1@PEAU?$_Tree_node@U?$pair@$$CBHI@std@@PEAX@1@@Z@4HA 0000000180012a98     game.obj
 0004:00000aa4       $pdata$?catch$0@?0???$_Insert_hint@AEAU?$pair@$$CBH_N@std@@PEAU?$_Tree_node@U?$pair@$$CBH_N@std@@PEAX@2@@?$_Tree@V?$_Tmap_traits@H_NU?$less@H@std@@V?$allocator@U?$pair@$$CBH_N@std@@@2@$0A@@std@@@std@@IEAA?AV?$_Tree_iterator@V?$_Tree_val@U?$_Tree_simple_types@U?$pair@$$CBH_N@std@@@std@@@std@@@1@V?$_Tree_const_iterator@V?$_Tree_val@U?$_Tree_simple_types@U?$pair@$$CBH_N@std@@@std@@@std@@@1@AEAU?$pair@$$CBH_N@1@PEAU?$_Tree_node@U?$pair@$$CBH_N@std@@PEAX@1@@Z@4HA 0000000180012aa4     game.obj
 0004:00000ab0       $pdata$?catch$0@?0???$_Insert_nohint@AEAU?$pair@$$CBHI@std@@PEAU?$_Tree_node@U?$pair@$$CBHI@std@@PEAX@2@@?$_Tree@V?$_Tmap_traits@HIU?$less@H@std@@V?$allocator@U?$pair@$$CBHI@std@@@2@$0A@@std@@@std@@IEAA?AU?$pair@V?$_Tree_iterator@V?$_Tree_val@U?$_Tree_simple_types@U?$pair@$$CBHI@std@@@std@@@std@@@std@@_N@1@_NAEAU?$pair@$$CBHI@1@PEAU?$_Tree_node@U?$pair@$$CBHI@std@@PEAX@1@@Z@4HA 0000000180012ab0     game.obj
 0004:00000abc       $pdata$?catch$0@?0???$_Insert_nohint@AEAU?$pair@$$CBH_N@std@@PEAU?$_Tree_node@U?$pair@$$CBH_N@std@@PEAX@2@@?$_Tree@V?$_Tmap_traits@H_NU?$less@H@std@@V?$allocator@U?$pair@$$CBH_N@std@@@2@$0A@@std@@@std@@IEAA?AU?$pair@V?$_Tree_iterator@V?$_Tree_val@U?$_Tree_simple_types@U?$pair@$$CBH_N@std@@@std@@@std@@@std@@_N@1@_NAEAU?$pair@$$CBH_N@1@PEAU?$_Tree_node@U?$pair@$$CBH_N@std@@PEAX@1@@Z@4HA 0000000180012abc     game.obj
 0004:00000ac8       $pdata$?dtor$0@?0???$construct@U?$pair@$$CBHI@std@@AEBUpiecewise_construct_t@2@V?$tuple@AEBH@2@V?$tuple@$$V@2@@?$allocator@U?$_Tree_node@U?$pair@$$CBHI@std@@PEAX@std@@@std@@QEAAXPEAU?$pair@$$CBHI@1@AEBUpiecewise_construct_t@1@$$QEAV?$tuple@AEBH@1@$$QEAV?$tuple@$$V@1@@Z@4HA 0000000180012ac8     game.obj
 0004:00000ac8       $pdata$?dtor$0@?0???$construct@U?$pair@$$CBH_N@std@@AEBUpiecewise_construct_t@2@V?$tuple@AEBH@2@V?$tuple@$$V@2@@?$allocator@U?$_Tree_node@U?$pair@$$CBH_N@std@@PEAX@std@@@std@@QEAAXPEAU?$pair@$$CBH_N@1@AEBUpiecewise_construct_t@1@$$QEAV?$tuple@AEBH@1@$$QEAV?$tuple@$$V@1@@Z@4HA 0000000180012ac8     game.obj
 0004:00000ad4       $pdata$?catch$0@?0??_Buynode0@?$_Tree_comp_alloc@V?$_Tmap_traits@HIU?$less@H@std@@V?$allocator@U?$pair@$$CBHI@std@@@2@$0A@@std@@@std@@QEAAPEAU?$_Tree_node@U?$pair@$$CBHI@std@@PEAX@2@XZ@4HA 0000000180012ad4     game.obj
 0004:00000ae0       $pdata$?catch$0@?0??_Buynode0@?$_Tree_comp_alloc@V?$_Tmap_traits@H_NU?$less@H@std@@V?$allocator@U?$pair@$$CBH_N@std@@@2@$0A@@std@@@std@@QEAAPEAU?$_Tree_node@U?$pair@$$CBH_N@std@@PEAX@2@XZ@4HA 0000000180012ae0     game.obj
 0004:00000aec       $pdata$?fin$0@?0??dllmain_crt_process_attach@@YAHQEAUHINSTANCE__@@QEAX@Z@4HA 0000000180012aec     MSVCRT:dll_dllmain.obj
 0004:00000af8       $pdata$?fin$0@?0??dllmain_crt_process_detach@@YAH_N@Z@4HA 0000000180012af8     MSVCRT:dll_dllmain.obj
 0004:00000b04       $pdata$?filt$0@?0??dllmain_dispatch@@YAHQEAUHINSTANCE__@@KQEAX@Z@4HA 0000000180012b04     MSVCRT:dll_dllmain.obj
 0004:00000b10       $pdata$__scrt_is_nonwritable_in_current_image$filt$0 0000000180012b10     MSVCRT:utility.obj
 0005:00000000       __guard_fids_?dllmain_crt_process_attach@@YAHQEAUHINSTANCE__@@QEAX@Z 0000000180013000     MSVCRT:dll_dllmain.obj
 0005:00000008       __guard_fids_?dllmain_dispatch@@YAHQEAUHINSTANCE__@@KQEAX@Z 0000000180013008     MSVCRT:dll_dllmain.obj
 0005:0000000c       __guard_fids__             000000018001300c     MSVCRT:throw_bad_alloc.obj
 0005:00000014       __guard_fids__             0000000180013014     MSVCRT:throw_bad_alloc.obj
 0005:0000001c       __guard_fids__             000000018001301c     MSVCRT:throw_bad_alloc.obj
 0005:00000024       __guard_fids__             0000000180013024     MSVCRT:std_type_info_static.obj
 0005:00000028       __guard_fids__             0000000180013028     MSVCRT:guard_support.obj
