 game

 Timestamp is 58f66241 (Tue Apr 18 21:00:17 2017)

 Preferred load address is 0000000180000000

 Start         Length     Name                   Class
 0001:00000000 0000bf40H .text$mn                CODE
 0001:0000bf40 00000020H .text$mn$00             CODE
 0001:0000bf60 000002b4H .text$x                 CODE
 0002:00000000 000002b8H .idata$5                DATA
 0002:000002b8 00000010H .00cfg                  DATA
 0002:000002c8 00000008H .CRT$XCA                DATA
 0002:000002d0 00000008H .CRT$XCZ                DATA
 0002:000002d8 00000008H .CRT$XIA                DATA
 0002:000002e0 00000008H .CRT$XIZ                DATA
 0002:000002e8 00000008H .CRT$XPA                DATA
 0002:000002f0 00000008H .CRT$XPZ                DATA
 0002:000002f8 00000008H .CRT$XTA                DATA
 0002:00000300 00000010H .CRT$XTZ                DATA
 0002:00000310 00000ce8H .rdata                  DATA
 0002:00000ff8 000001f4H .rdata$r                DATA
 0002:000011ec 000002c4H .rdata$zzzdbg           DATA
 0002:000014b0 00000008H .rtc$IAA                DATA
 0002:000014b8 00000008H .rtc$IZZ                DATA
 0002:000014c0 00000008H .rtc$TAA                DATA
 0002:000014c8 00000008H .rtc$TZZ                DATA
 0002:000014d0 00000930H .xdata                  DATA
 0002:00001e00 000000f0H .xdata$x                DATA
 0002:00001ef0 00000044H .edata                  DATA
 0002:00001f34 000000c8H .idata$2                DATA
 0002:00001ffc 00000014H .idata$3                DATA
 0002:00002010 000002b8H .idata$4                DATA
 0002:000022c8 0000069aH .idata$6                DATA
 0003:00000000 00000788H .data                   DATA
 0003:00000788 000000b8H .data$r                 DATA
 0003:00000840 00001638H .bss                    DATA
 0004:00000000 00000b4cH .pdata                  DATA
 0005:00000000 0000002cH .gfids$y                DATA

  Address         Publics by Value              Rva+Base               Lib:Object

 0000:00000000       __dynamic_value_reloc_table 0000000000000000     <absolute>
 0000:00000000       __guard_longjmp_count      0000000000000000     <absolute>
 0000:00000000       __guard_fids_count         0000000000000000     <absolute>
 0000:00000000       __guard_longjmp_table      0000000000000000     <absolute>
 0000:00000000       ___safe_se_handler_table   0000000000000000     <absolute>
 0000:00000000       ___safe_se_handler_count   0000000000000000     <absolute>
 0000:00000000       __guard_iat_table          0000000000000000     <absolute>
 0000:00000000       __guard_fids_table         0000000000000000     <absolute>
 0000:00000000       __guard_iat_count          0000000000000000     <absolute>
 0000:00000100       __guard_flags              0000000000000100     <absolute>
 0000:00000000       __ImageBase                0000000180000000     <linker-defined>
 0001:00000130       stb_perlin_noise3          0000000180001130 f   game.obj
 0001:000007a0       stb_perlin_ridge_noise3    00000001800017a0 f   game.obj
 0001:00000940       stb_perlin_fbm_noise3      0000000180001940 f   game.obj
 0001:00000a60       stb_perlin_turbulence_noise3 0000000180001a60 f   game.obj
 0001:00000cd0       ?UpdateStub@@YAXNPEAUgame_state@@@Z 0000000180001cd0 f   game.obj
 0001:00000cf0       ?CharacterCallback@@YAXPEAUGLFWwindow@@I@Z 0000000180001cf0 f   game.obj
 0001:00000e00       ?PlaySoundA@@YAXPEAUloaded_sound@@@Z 0000000180001e00 f   game.obj
 0001:00000f50       ?PlaySoundOnce@@YAXPEAUloaded_sound@@@Z 0000000180001f50 f   game.obj
 0001:00000fb0       ?PauseSound@@YAXPEAUloaded_sound@@@Z 0000000180001fb0 f   game.obj
 0001:00000fe0       ?StopSound@@YAXPEAUloaded_sound@@@Z 0000000180001fe0 f   game.obj
 0001:00001010       ?ExecuteCommand@@YAXPEAUgame_state@@@Z 0000000180002010 f   game.obj
 0001:00001220       Update                     0000000180002220 f   game.obj
 0001:000019a0       ??$?0AEBH$$Z$$V@?$pair@$$CBHI@std@@QEAA@Upiecewise_construct_t@1@V?$tuple@AEBH@1@V?$tuple@$$V@1@@Z 00000001800029a0 f i game.obj
 0001:000019f0       ??$?0AEBH$$Z$$V@?$pair@$$CBH_N@std@@QEAA@Upiecewise_construct_t@1@V?$tuple@AEBH@1@V?$tuple@$$V@1@@Z 00000001800029f0 f i game.obj
 0001:00001a40       ??$?0AEBH$0A@@?$tuple@AEBH@std@@QEAA@AEBH@Z 0000000180002a40 f i game.obj
 0001:00001a90       ??$?0AEBH@?$_Tuple_val@AEBH@std@@QEAA@AEBH@Z 0000000180002a90 f i game.obj
 0001:00001ac0       ??$?0HHHH@?$tvec4@M$0A@@glm@@QEAA@HHHH@Z 0000000180002ac0 f i game.obj
 0001:00001b20       ??$?0HHHM@?$tvec4@M$0A@@glm@@QEAA@HHHM@Z 0000000180002b20 f i game.obj
 0001:00001b80       ??$?0HHM@?$tvec3@M$0A@@glm@@QEAA@HHM@Z 0000000180002b80 f i game.obj
 0001:00001bd0       ??$?0HHMH@?$tvec4@M$0A@@glm@@QEAA@HHMH@Z 0000000180002bd0 f i game.obj
 0001:00001c30       ??$?0HMHH@?$tvec4@M$0A@@glm@@QEAA@HMHH@Z 0000000180002c30 f i game.obj
 0001:00001c90       ??$?0M$0A@@?$tvec3@M$0A@@glm@@QEAA@AEBU?$tvec4@M$0A@@1@@Z 0000000180002c90 f i game.obj
 0001:00001ce0       ??$?0MHHH@?$tvec4@M$0A@@glm@@QEAA@MHHH@Z 0000000180002ce0 f i game.obj
 0001:00001d40       ??$?0MM$0A@@?$tvec4@M$0A@@glm@@QEAA@AEBU?$tvec3@M$0A@@1@M@Z 0000000180002d40 f i game.obj
 0001:00001da0       ??$?0MMH@?$tvec3@M$0A@@glm@@QEAA@MMH@Z 0000000180002da0 f i game.obj
 0001:00001df0       ??$?0NNH@?$tvec3@M$0A@@glm@@QEAA@NNH@Z 0000000180002df0 f i game.obj
 0001:00001e40       ??$?0U_Exact_args_t@std@@$0A@@?$tuple@$$V@std@@QEAA@U_Exact_args_t@1@@Z 0000000180002e40 f i game.obj
 0001:00001e50       ??$?0V?$_Tree_iterator@V?$_Tree_val@U?$_Tree_simple_types@U?$pair@$$CBHI@std@@@std@@@std@@@std@@_NX$0A@@?$pair@V?$_Tree_iterator@V?$_Tree_val@U?$_Tree_simple_types@U?$pair@$$CBHI@std@@@std@@@std@@@std@@_N@std@@QEAA@$$QEAV?$_Tree_iterator@V?$_Tree_val@U?$_Tree_simple_types@U?$pair@$$CBHI@std@@@std@@@std@@@1@$$QEA_N@Z 0000000180002e50 f i game.obj
 0001:00001e50       ??$?0V?$_Tree_iterator@V?$_Tree_val@U?$_Tree_simple_types@U?$pair@$$CBH_N@std@@@std@@@std@@@std@@_NX$0A@@?$pair@V?$_Tree_iterator@V?$_Tree_val@U?$_Tree_simple_types@U?$pair@$$CBH_N@std@@@std@@@std@@@std@@_N@std@@QEAA@$$QEAV?$_Tree_iterator@V?$_Tree_val@U?$_Tree_simple_types@U?$pair@$$CBH_N@std@@@std@@@std@@@1@$$QEA_N@Z 0000000180002e50 f i game.obj
 0001:00001e50       ??$?0AEAV?$_Tree_iterator@V?$_Tree_val@U?$_Tree_simple_types@U?$pair@$$CBH_N@std@@@std@@@std@@@std@@_NX$0A@@?$pair@V?$_Tree_iterator@V?$_Tree_val@U?$_Tree_simple_types@U?$pair@$$CBH_N@std@@@std@@@std@@@std@@_N@std@@QEAA@AEAV?$_Tree_iterator@V?$_Tree_val@U?$_Tree_simple_types@U?$pair@$$CBH_N@std@@@std@@@std@@@1@$$QEA_N@Z 0000000180002e50 f i game.obj
 0001:00001e50       ??$?0AEAV?$_Tree_iterator@V?$_Tree_val@U?$_Tree_simple_types@U?$pair@$$CBHI@std@@@std@@@std@@@std@@_NX$0A@@?$pair@V?$_Tree_iterator@V?$_Tree_val@U?$_Tree_simple_types@U?$pair@$$CBHI@std@@@std@@@std@@@std@@_N@std@@QEAA@AEAV?$_Tree_iterator@V?$_Tree_val@U?$_Tree_simple_types@U?$pair@$$CBHI@std@@@std@@@std@@@1@$$QEA_N@Z 0000000180002e50 f i game.obj
 0001:00001ea0       ??$?0V?$tuple@AEBH@std@@V?$tuple@$$V@1@$0A@$$Z$S@?$pair@$$CBHI@std@@QEAA@AEAV?$tuple@AEBH@1@AEAV?$tuple@$$V@1@U?$integer_sequence@_K$0A@@1@U?$integer_sequence@_K$S@1@@Z 0000000180002ea0 f i game.obj
 0001:00001ef0       ??$?0V?$tuple@AEBH@std@@V?$tuple@$$V@1@$0A@$$Z$S@?$pair@$$CBH_N@std@@QEAA@AEAV?$tuple@AEBH@1@AEAV?$tuple@$$V@1@U?$integer_sequence@_K$0A@@1@U?$integer_sequence@_K$S@1@@Z 0000000180002ef0 f i game.obj
 0001:00001f40       ??$?DM$0A@@glm@@YA?AU?$tmat4x4@M$0A@@0@AEBU10@0@Z 0000000180002f40 f i game.obj
 0001:00002590       ??$?DM$0A@@glm@@YA?AU?$tmat4x4@M$0A@@0@AEBU10@AEBM@Z 0000000180003590 f i game.obj
 0001:000026a0       ??$?DM$0A@@glm@@YA?AU?$tvec2@M$0A@@0@AEBU10@0@Z 00000001800036a0 f i game.obj
 0001:000026f0       ??$?DM$0A@@glm@@YA?AU?$tvec2@M$0A@@0@AEBU10@M@Z 00000001800036f0 f i game.obj
 0001:00002740       ??$?DM$0A@@glm@@YA?AU?$tvec4@M$0A@@0@AEBU10@0@Z 0000000180003740 f i game.obj
 0001:000027a0       ??$?DM$0A@@glm@@YA?AU?$tvec4@M$0A@@0@AEBU10@M@Z 00000001800037a0 f i game.obj
 0001:00002800       ??$?DM$0A@@glm@@YA?AU?$tvec4@M$0A@@0@AEBU?$tmat4x4@M$0A@@0@AEBU10@@Z 0000000180003800 f i game.obj
 0001:000029b0       ??$?GM$0A@@glm@@YA?AU?$tvec2@M$0A@@0@AEBU10@0@Z 00000001800039b0 f i game.obj
 0001:00002a00       ??$?GM$0A@@glm@@YA?AU?$tvec4@M$0A@@0@AEBU10@0@Z 0000000180003a00 f i game.obj
 0001:00002a60       ??$?GM$0A@@glm@@YA?AU?$tvec4@M$0A@@0@AEBU10@M@Z 0000000180003a60 f i game.obj
 0001:00002ac0       ??$?HM$0A@@glm@@YA?AU?$tvec4@M$0A@@0@AEBU10@0@Z 0000000180003ac0 f i game.obj
 0001:00002b20       ??$?XM@?$tvec4@M$0A@@glm@@QEAAAEAU01@AEBU01@@Z 0000000180003b20 f i game.obj
 0001:00002b80       ??$?XM@?$tvec4@M$0A@@glm@@QEAAAEAU01@M@Z 0000000180003b80 f i game.obj
 0001:00002bd0       ??$?YM@?$tvec4@M$0A@@glm@@QEAAAEAU01@AEBU01@@Z 0000000180003bd0 f i game.obj
 0001:00002c30       ??$?ZM@?$tvec4@M$0A@@glm@@QEAAAEAU01@AEBU01@@Z 0000000180003c30 f i game.obj
 0001:00002c90       ??$?ZM@?$tvec4@M$0A@@glm@@QEAAAEAU01@M@Z 0000000180003c90 f i game.obj
 0001:00002ce0       ??$?_0M@?$tvec4@M$0A@@glm@@QEAAAEAU01@M@Z 0000000180003ce0 f i game.obj
 0001:00002d30       ??$_Buynode@AEBUpiecewise_construct_t@std@@V?$tuple@AEBH@2@V?$tuple@$$V@2@@?$_Tree_comp_alloc@V?$_Tmap_traits@HIU?$less@H@std@@V?$allocator@U?$pair@$$CBHI@std@@@2@$0A@@std@@@std@@QEAAPEAU?$_Tree_node@U?$pair@$$CBHI@std@@PEAX@1@AEBUpiecewise_construct_t@1@$$QEAV?$tuple@AEBH@1@$$QEAV?$tuple@$$V@1@@Z 0000000180003d30 f i game.obj
 0001:00002e20       ??$_Buynode@AEBUpiecewise_construct_t@std@@V?$tuple@AEBH@2@V?$tuple@$$V@2@@?$_Tree_comp_alloc@V?$_Tmap_traits@H_NU?$less@H@std@@V?$allocator@U?$pair@$$CBH_N@std@@@2@$0A@@std@@@std@@QEAAPEAU?$_Tree_node@U?$pair@$$CBH_N@std@@PEAX@1@AEBUpiecewise_construct_t@1@$$QEAV?$tuple@AEBH@1@$$QEAV?$tuple@$$V@1@@Z 0000000180003e20 f i game.obj
 0001:00002f10       ??$_Buynode_if_nil@AEAU?$pair@$$CBH_N@std@@@?$_Tree@V?$_Tmap_traits@H_NU?$less@H@std@@V?$allocator@U?$pair@$$CBH_N@std@@@2@$0A@@std@@@std@@IEAAPEAU?$_Tree_node@U?$pair@$$CBH_N@std@@PEAX@1@PEAU21@AEAU?$pair@$$CBH_N@1@@Z 0000000180003f10 f i game.obj
 0001:00002f10       ??$_Buynode_if_nil@AEAU?$pair@$$CBHI@std@@@?$_Tree@V?$_Tmap_traits@HIU?$less@H@std@@V?$allocator@U?$pair@$$CBHI@std@@@2@$0A@@std@@@std@@IEAAPEAU?$_Tree_node@U?$pair@$$CBHI@std@@PEAX@1@PEAU21@AEAU?$pair@$$CBHI@1@@Z 0000000180003f10 f i game.obj
 0001:00002f30       ??$_Insert_at@AEAU?$pair@$$CBHI@std@@PEAU?$_Tree_node@U?$pair@$$CBHI@std@@PEAX@2@@?$_Tree@V?$_Tmap_traits@HIU?$less@H@std@@V?$allocator@U?$pair@$$CBHI@std@@@2@$0A@@std@@@std@@IEAA?AV?$_Tree_iterator@V?$_Tree_val@U?$_Tree_simple_types@U?$pair@$$CBHI@std@@@std@@@std@@@1@_NPEAU?$_Tree_node@U?$pair@$$CBHI@std@@PEAX@1@AEAU?$pair@$$CBHI@1@1@Z 0000000180003f30 f i game.obj
 0001:00002f30       ??$_Insert_at@AEAU?$pair@$$CBH_N@std@@PEAU?$_Tree_node@U?$pair@$$CBH_N@std@@PEAX@2@@?$_Tree@V?$_Tmap_traits@H_NU?$less@H@std@@V?$allocator@U?$pair@$$CBH_N@std@@@2@$0A@@std@@@std@@IEAA?AV?$_Tree_iterator@V?$_Tree_val@U?$_Tree_simple_types@U?$pair@$$CBH_N@std@@@std@@@std@@@1@_NPEAU?$_Tree_node@U?$pair@$$CBH_N@std@@PEAX@1@AEAU?$pair@$$CBH_N@1@1@Z 0000000180003f30 f i game.obj
 0001:00003390       ??$_Insert_hint@AEAU?$pair@$$CBHI@std@@PEAU?$_Tree_node@U?$pair@$$CBHI@std@@PEAX@2@@?$_Tree@V?$_Tmap_traits@HIU?$less@H@std@@V?$allocator@U?$pair@$$CBHI@std@@@2@$0A@@std@@@std@@IEAA?AV?$_Tree_iterator@V?$_Tree_val@U?$_Tree_simple_types@U?$pair@$$CBHI@std@@@std@@@std@@@1@V?$_Tree_const_iterator@V?$_Tree_val@U?$_Tree_simple_types@U?$pair@$$CBHI@std@@@std@@@std@@@1@AEAU?$pair@$$CBHI@1@PEAU?$_Tree_node@U?$pair@$$CBHI@std@@PEAX@1@@Z 0000000180004390 f i game.obj
 0001:00004270       ??$_Insert_hint@AEAU?$pair@$$CBH_N@std@@PEAU?$_Tree_node@U?$pair@$$CBH_N@std@@PEAX@2@@?$_Tree@V?$_Tmap_traits@H_NU?$less@H@std@@V?$allocator@U?$pair@$$CBH_N@std@@@2@$0A@@std@@@std@@IEAA?AV?$_Tree_iterator@V?$_Tree_val@U?$_Tree_simple_types@U?$pair@$$CBH_N@std@@@std@@@std@@@1@V?$_Tree_const_iterator@V?$_Tree_val@U?$_Tree_simple_types@U?$pair@$$CBH_N@std@@@std@@@std@@@1@AEAU?$pair@$$CBH_N@1@PEAU?$_Tree_node@U?$pair@$$CBH_N@std@@PEAX@1@@Z 0000000180005270 f i game.obj
 0001:00005150       ??$_Insert_nohint@AEAU?$pair@$$CBHI@std@@PEAU?$_Tree_node@U?$pair@$$CBHI@std@@PEAX@2@@?$_Tree@V?$_Tmap_traits@HIU?$less@H@std@@V?$allocator@U?$pair@$$CBHI@std@@@2@$0A@@std@@@std@@IEAA?AU?$pair@V?$_Tree_iterator@V?$_Tree_val@U?$_Tree_simple_types@U?$pair@$$CBHI@std@@@std@@@std@@@std@@_N@1@_NAEAU?$pair@$$CBHI@1@PEAU?$_Tree_node@U?$pair@$$CBHI@std@@PEAX@1@@Z 0000000180006150 f i game.obj
 0001:000055c0       ??$_Insert_nohint@AEAU?$pair@$$CBH_N@std@@PEAU?$_Tree_node@U?$pair@$$CBH_N@std@@PEAX@2@@?$_Tree@V?$_Tmap_traits@H_NU?$less@H@std@@V?$allocator@U?$pair@$$CBH_N@std@@@2@$0A@@std@@@std@@IEAA?AU?$pair@V?$_Tree_iterator@V?$_Tree_val@U?$_Tree_simple_types@U?$pair@$$CBH_N@std@@@std@@@std@@@std@@_N@1@_NAEAU?$pair@$$CBH_N@1@PEAU?$_Tree_node@U?$pair@$$CBH_N@std@@PEAX@1@@Z 00000001800065c0 f i game.obj
 0001:00005a30       ??$_Lbound@H@?$_Tree@V?$_Tmap_traits@H_NU?$less@H@std@@V?$allocator@U?$pair@$$CBH_N@std@@@2@$0A@@std@@@std@@IEBAPEAU?$_Tree_node@U?$pair@$$CBH_N@std@@PEAX@1@AEBH@Z 0000000180006a30 f i game.obj
 0001:00005a30       ??$_Lbound@H@?$_Tree@V?$_Tmap_traits@HIU?$less@H@std@@V?$allocator@U?$pair@$$CBHI@std@@@2@$0A@@std@@@std@@IEBAPEAU?$_Tree_node@U?$pair@$$CBHI@std@@PEAX@1@AEBH@Z 0000000180006a30 f i game.obj
 0001:00005ae0       ??$_Try_emplace@AEBH$$V@?$map@HIU?$less@H@std@@V?$allocator@U?$pair@$$CBHI@std@@@2@@std@@QEAA?AU?$pair@V?$_Tree_iterator@V?$_Tree_val@U?$_Tree_simple_types@U?$pair@$$CBHI@std@@@std@@@std@@@std@@_N@1@AEBH@Z 0000000180006ae0 f i game.obj
 0001:00005c40       ??$_Try_emplace@AEBH$$V@?$map@H_NU?$less@H@std@@V?$allocator@U?$pair@$$CBH_N@std@@@2@@std@@QEAA?AU?$pair@V?$_Tree_iterator@V?$_Tree_val@U?$_Tree_simple_types@U?$pair@$$CBH_N@std@@@std@@@std@@@std@@_N@1@AEBH@Z 0000000180006c40 f i game.obj
 0001:00005da0       ??$__vcrt_va_start_verify_argument_type@QEBD@@YAXXZ 0000000180006da0 f i game.obj
 0001:00005db0       ??$construct@PEAU?$_Tree_node@U?$pair@$$CBH_N@std@@PEAX@std@@AEAPEAU12@@?$_Wrap_alloc@V?$allocator@U?$_Tree_node@U?$pair@$$CBH_N@std@@PEAX@std@@@std@@@std@@QEAAXPEAPEAU?$_Tree_node@U?$pair@$$CBH_N@std@@PEAX@1@AEAPEAU21@@Z 0000000180006db0 f i game.obj
 0001:00005db0       ??$construct@PEAU?$_Tree_node@U?$pair@$$CBHI@std@@PEAX@std@@AEAPEAU12@@?$_Wrap_alloc@V?$allocator@U?$_Tree_node@U?$pair@$$CBHI@std@@PEAX@std@@@std@@@std@@QEAAXPEAPEAU?$_Tree_node@U?$pair@$$CBHI@std@@PEAX@1@AEAPEAU21@@Z 0000000180006db0 f i game.obj
 0001:00005df0       ??$construct@PEAU?$_Tree_node@U?$pair@$$CBH_N@std@@PEAX@std@@AEAPEAU12@@?$allocator@U?$_Tree_node@U?$pair@$$CBH_N@std@@PEAX@std@@@std@@QEAAXPEAPEAU?$_Tree_node@U?$pair@$$CBH_N@std@@PEAX@1@AEAPEAU21@@Z 0000000180006df0 f i game.obj
 0001:00005df0       ??$construct@PEAU?$_Tree_node@U?$pair@$$CBHI@std@@PEAX@std@@AEAPEAU12@@?$allocator@U?$_Tree_node@U?$pair@$$CBHI@std@@PEAX@std@@@std@@QEAAXPEAPEAU?$_Tree_node@U?$pair@$$CBHI@std@@PEAX@1@AEAPEAU21@@Z 0000000180006df0 f i game.obj
 0001:00005e50       ??$construct@PEAU?$_Tree_node@U?$pair@$$CBHI@std@@PEAX@std@@AEAPEAU12@@?$allocator_traits@V?$allocator@U?$_Tree_node@U?$pair@$$CBHI@std@@PEAX@std@@@std@@@std@@SAXAEAV?$allocator@U?$_Tree_node@U?$pair@$$CBHI@std@@PEAX@std@@@1@PEAPEAU?$_Tree_node@U?$pair@$$CBHI@std@@PEAX@1@AEAPEAU31@@Z 0000000180006e50 f i game.obj
 0001:00005e50       ??$construct@PEAU?$_Tree_node@U?$pair@$$CBH_N@std@@PEAX@std@@AEAPEAU12@@?$allocator_traits@V?$allocator@U?$_Tree_node@U?$pair@$$CBH_N@std@@PEAX@std@@@std@@@std@@SAXAEAV?$allocator@U?$_Tree_node@U?$pair@$$CBH_N@std@@PEAX@std@@@1@PEAPEAU?$_Tree_node@U?$pair@$$CBH_N@std@@PEAX@1@AEAPEAU31@@Z 0000000180006e50 f i game.obj
 0001:00005e90       ??$construct@U?$pair@$$CBHI@std@@AEBUpiecewise_construct_t@2@V?$tuple@AEBH@2@V?$tuple@$$V@2@@?$_Wrap_alloc@V?$allocator@U?$_Tree_node@U?$pair@$$CBHI@std@@PEAX@std@@@std@@@std@@QEAAXPEAU?$pair@$$CBHI@1@AEBUpiecewise_construct_t@1@$$QEAV?$tuple@AEBH@1@$$QEAV?$tuple@$$V@1@@Z 0000000180006e90 f i game.obj
 0001:00005f00       ??$construct@U?$pair@$$CBHI@std@@AEBUpiecewise_construct_t@2@V?$tuple@AEBH@2@V?$tuple@$$V@2@@?$allocator@U?$_Tree_node@U?$pair@$$CBHI@std@@PEAX@std@@@std@@QEAAXPEAU?$pair@$$CBHI@1@AEBUpiecewise_construct_t@1@$$QEAV?$tuple@AEBH@1@$$QEAV?$tuple@$$V@1@@Z 0000000180006f00 f i game.obj
 0001:00005fe0       ??$construct@U?$pair@$$CBHI@std@@AEBUpiecewise_construct_t@2@V?$tuple@AEBH@2@V?$tuple@$$V@2@@?$allocator_traits@V?$allocator@U?$_Tree_node@U?$pair@$$CBHI@std@@PEAX@std@@@std@@@std@@SAXAEAV?$allocator@U?$_Tree_node@U?$pair@$$CBHI@std@@PEAX@std@@@1@PEAU?$pair@$$CBHI@1@AEBUpiecewise_construct_t@1@$$QEAV?$tuple@AEBH@1@$$QEAV?$tuple@$$V@1@@Z 0000000180006fe0 f i game.obj
 0001:00006050       ??$construct@U?$pair@$$CBH_N@std@@AEBUpiecewise_construct_t@2@V?$tuple@AEBH@2@V?$tuple@$$V@2@@?$_Wrap_alloc@V?$allocator@U?$_Tree_node@U?$pair@$$CBH_N@std@@PEAX@std@@@std@@@std@@QEAAXPEAU?$pair@$$CBH_N@1@AEBUpiecewise_construct_t@1@$$QEAV?$tuple@AEBH@1@$$QEAV?$tuple@$$V@1@@Z 0000000180007050 f i game.obj
 0001:000060c0       ??$construct@U?$pair@$$CBH_N@std@@AEBUpiecewise_construct_t@2@V?$tuple@AEBH@2@V?$tuple@$$V@2@@?$allocator@U?$_Tree_node@U?$pair@$$CBH_N@std@@PEAX@std@@@std@@QEAAXPEAU?$pair@$$CBH_N@1@AEBUpiecewise_construct_t@1@$$QEAV?$tuple@AEBH@1@$$QEAV?$tuple@$$V@1@@Z 00000001800070c0 f i game.obj
 0001:000061a0       ??$construct@U?$pair@$$CBH_N@std@@AEBUpiecewise_construct_t@2@V?$tuple@AEBH@2@V?$tuple@$$V@2@@?$allocator_traits@V?$allocator@U?$_Tree_node@U?$pair@$$CBH_N@std@@PEAX@std@@@std@@@std@@SAXAEAV?$allocator@U?$_Tree_node@U?$pair@$$CBH_N@std@@PEAX@std@@@1@PEAU?$pair@$$CBH_N@1@AEBUpiecewise_construct_t@1@$$QEAV?$tuple@AEBH@1@$$QEAV?$tuple@$$V@1@@Z 00000001800071a0 f i game.obj
 0001:00006210       ??$destroy@PEAU?$_Tree_node@U?$pair@$$CBHI@std@@PEAX@std@@@?$_Wrap_alloc@V?$allocator@U?$_Tree_node@U?$pair@$$CBHI@std@@PEAX@std@@@std@@@std@@QEAAXPEAPEAU?$_Tree_node@U?$pair@$$CBHI@std@@PEAX@1@@Z 0000000180007210 f i game.obj
 0001:00006210       ??$destroy@PEAU?$_Tree_node@U?$pair@$$CBH_N@std@@PEAX@std@@@?$_Wrap_alloc@V?$allocator@U?$_Tree_node@U?$pair@$$CBH_N@std@@PEAX@std@@@std@@@std@@QEAAXPEAPEAU?$_Tree_node@U?$pair@$$CBH_N@std@@PEAX@1@@Z 0000000180007210 f i game.obj
 0001:00006210       ??$destroy@U?$pair@$$CBH_N@std@@@?$_Wrap_alloc@V?$allocator@U?$_Tree_node@U?$pair@$$CBH_N@std@@PEAX@std@@@std@@@std@@QEAAXPEAU?$pair@$$CBH_N@1@@Z 0000000180007210 f i game.obj
 0001:00006210       ??$destroy@U?$pair@$$CBHI@std@@@?$_Wrap_alloc@V?$allocator@U?$_Tree_node@U?$pair@$$CBHI@std@@PEAX@std@@@std@@@std@@QEAAXPEAU?$pair@$$CBHI@1@@Z 0000000180007210 f i game.obj
 0001:00006240       ??3@YAXPEAX0@Z             0000000180007240 f i game.obj
 0001:00006240       ??$destroy@U?$pair@$$CBH_N@std@@@?$allocator@U?$_Tree_node@U?$pair@$$CBH_N@std@@PEAX@std@@@std@@QEAAXPEAU?$pair@$$CBH_N@1@@Z 0000000180007240 f i game.obj
 0001:00006240       ??$destroy@PEAU?$_Tree_node@U?$pair@$$CBH_N@std@@PEAX@std@@@?$allocator@U?$_Tree_node@U?$pair@$$CBH_N@std@@PEAX@std@@@std@@QEAAXPEAPEAU?$_Tree_node@U?$pair@$$CBH_N@std@@PEAX@1@@Z 0000000180007240 f i game.obj
 0001:00006240       ?_Adopt@_Iterator_base0@std@@QEAAXPEBX@Z 0000000180007240 f i game.obj
 0001:00006240       ??$destroy@U?$pair@$$CBHI@std@@@?$allocator@U?$_Tree_node@U?$pair@$$CBHI@std@@PEAX@std@@@std@@QEAAXPEAU?$pair@$$CBHI@1@@Z 0000000180007240 f i game.obj
 0001:00006240       ??$destroy@PEAU?$_Tree_node@U?$pair@$$CBHI@std@@PEAX@std@@@?$allocator@U?$_Tree_node@U?$pair@$$CBHI@std@@PEAX@std@@@std@@QEAAXPEAPEAU?$_Tree_node@U?$pair@$$CBHI@std@@PEAX@1@@Z 0000000180007240 f i game.obj
 0001:00006250       ??$destroy@U?$pair@$$CBHI@std@@@?$allocator_traits@V?$allocator@U?$_Tree_node@U?$pair@$$CBHI@std@@PEAX@std@@@std@@@std@@SAXAEAV?$allocator@U?$_Tree_node@U?$pair@$$CBHI@std@@PEAX@std@@@1@PEAU?$pair@$$CBHI@1@@Z 0000000180007250 f i game.obj
 0001:00006250       ??$destroy@U?$pair@$$CBH_N@std@@@?$allocator_traits@V?$allocator@U?$_Tree_node@U?$pair@$$CBH_N@std@@PEAX@std@@@std@@@std@@SAXAEAV?$allocator@U?$_Tree_node@U?$pair@$$CBH_N@std@@PEAX@std@@@1@PEAU?$pair@$$CBH_N@1@@Z 0000000180007250 f i game.obj
 0001:00006250       ??$destroy@PEAU?$_Tree_node@U?$pair@$$CBH_N@std@@PEAX@std@@@?$allocator_traits@V?$allocator@U?$_Tree_node@U?$pair@$$CBH_N@std@@PEAX@std@@@std@@@std@@SAXAEAV?$allocator@U?$_Tree_node@U?$pair@$$CBH_N@std@@PEAX@std@@@1@PEAPEAU?$_Tree_node@U?$pair@$$CBH_N@std@@PEAX@1@@Z 0000000180007250 f i game.obj
 0001:00006250       ??$destroy@PEAU?$_Tree_node@U?$pair@$$CBHI@std@@PEAX@std@@@?$allocator_traits@V?$allocator@U?$_Tree_node@U?$pair@$$CBHI@std@@PEAX@std@@@std@@@std@@SAXAEAV?$allocator@U?$_Tree_node@U?$pair@$$CBHI@std@@PEAX@std@@@1@PEAPEAU?$_Tree_node@U?$pair@$$CBHI@std@@PEAX@1@@Z 0000000180007250 f i game.obj
 0001:00006280       ??$dot@M$0A@Utvec2@glm@@@glm@@YAMAEBU?$tvec2@M$0A@@0@0@Z 0000000180007280 f i game.obj
 0001:000062b0       ??$emplace_hint@AEBUpiecewise_construct_t@std@@V?$tuple@AEBH@2@V?$tuple@$$V@2@@?$_Tree@V?$_Tmap_traits@HIU?$less@H@std@@V?$allocator@U?$pair@$$CBHI@std@@@2@$0A@@std@@@std@@QEAA?AV?$_Tree_iterator@V?$_Tree_val@U?$_Tree_simple_types@U?$pair@$$CBHI@std@@@std@@@std@@@1@V?$_Tree_const_iterator@V?$_Tree_val@U?$_Tree_simple_types@U?$pair@$$CBHI@std@@@std@@@std@@@1@AEBUpiecewise_construct_t@1@$$QEAV?$tuple@AEBH@1@$$QEAV?$tuple@$$V@1@@Z 00000001800072b0 f i game.obj
 0001:00006350       ??$emplace_hint@AEBUpiecewise_construct_t@std@@V?$tuple@AEBH@2@V?$tuple@$$V@2@@?$_Tree@V?$_Tmap_traits@H_NU?$less@H@std@@V?$allocator@U?$pair@$$CBH_N@std@@@2@$0A@@std@@@std@@QEAA?AV?$_Tree_iterator@V?$_Tree_val@U?$_Tree_simple_types@U?$pair@$$CBH_N@std@@@std@@@std@@@1@V?$_Tree_const_iterator@V?$_Tree_val@U?$_Tree_simple_types@U?$pair@$$CBH_N@std@@@std@@@std@@@1@AEBUpiecewise_construct_t@1@$$QEAV?$tuple@AEBH@1@$$QEAV?$tuple@$$V@1@@Z 0000000180007350 f i game.obj
 0001:000063f0       ??$forward_as_tuple@$$V@std@@YA?AV?$tuple@$$V@0@XZ 00000001800073f0 f i game.obj
 0001:00006410       ??$forward_as_tuple@AEBH@std@@YA?AV?$tuple@AEBH@0@AEBH@Z 0000000180007410 f i game.obj
 0001:00006450       ??$get@$0A@AEBH@std@@YAAEBH$$QEAV?$tuple@AEBH@0@@Z 0000000180007450 f i game.obj
 0001:00006470       ??$inverse@M$0A@Utmat4x4@glm@@@glm@@YA?AU?$tmat4x4@M$0A@@0@AEBU10@@Z 0000000180007470 f i game.obj
 0001:000064a0       ??$inversesqrt@M@glm@@YAMM@Z 00000001800074a0 f i game.obj
 0001:000064d0       ??$normalize@M$0A@Utvec2@glm@@@glm@@YA?AU?$tvec2@M$0A@@0@AEBU10@@Z 00000001800074d0 f i game.obj
 0001:00006500       ??$ortho@M@glm@@YA?AU?$tmat4x4@M$0A@@0@MMMMMM@Z 0000000180007500 f i game.obj
 0001:00006570       ??$orthoRH@M@glm@@YA?AU?$tmat4x4@M$0A@@0@MMMMMM@Z 0000000180007570 f i game.obj
 0001:000067f0       ??$translate@M$0A@@glm@@YA?AU?$tmat4x4@M$0A@@0@AEBU10@AEBU?$tvec3@M$0A@@0@@Z 00000001800077f0 f i game.obj
 0001:000069c0       ??$try_emplace@$$V@?$map@HIU?$less@H@std@@V?$allocator@U?$pair@$$CBHI@std@@@2@@std@@QEAA?AU?$pair@V?$_Tree_iterator@V?$_Tree_val@U?$_Tree_simple_types@U?$pair@$$CBHI@std@@@std@@@std@@@std@@_N@1@AEBH@Z 00000001800079c0 f i game.obj
 0001:00006a00       ??$try_emplace@$$V@?$map@H_NU?$less@H@std@@V?$allocator@U?$pair@$$CBH_N@std@@@2@@std@@QEAA?AU?$pair@V?$_Tree_iterator@V?$_Tree_val@U?$_Tree_simple_types@U?$pair@$$CBH_N@std@@@std@@@std@@@std@@_N@1@AEBH@Z 0000000180007a00 f i game.obj
 0001:00006a40       ??$unProject@MM$0A@@glm@@YA?AU?$tvec3@M$0A@@0@AEBU10@AEBU?$tmat4x4@M$0A@@0@1AEBU?$tvec4@M$0A@@0@@Z 0000000180007a40 f i game.obj
 0001:00006bd0       ??0?$_Tree_const_iterator@V?$_Tree_val@U?$_Tree_simple_types@U?$pair@$$CBH_N@std@@@std@@@std@@@std@@QEAA@PEAU?$_Tree_node@U?$pair@$$CBH_N@std@@PEAX@1@PEBV?$_Tree_val@U?$_Tree_simple_types@U?$pair@$$CBH_N@std@@@std@@@1@@Z 0000000180007bd0 f i game.obj
 0001:00006bd0       ??0?$_Tree_const_iterator@V?$_Tree_val@U?$_Tree_simple_types@U?$pair@$$CBHI@std@@@std@@@std@@@std@@QEAA@PEAU?$_Tree_node@U?$pair@$$CBHI@std@@PEAX@1@PEBV?$_Tree_val@U?$_Tree_simple_types@U?$pair@$$CBHI@std@@@std@@@1@@Z 0000000180007bd0 f i game.obj
 0001:00006c10       ??0?$_Tree_const_iterator@V?$_Tree_val@U?$_Tree_simple_types@U?$pair@$$CBHI@std@@@std@@@std@@@std@@QEAA@XZ 0000000180007c10 f i game.obj
 0001:00006c10       ??0?$_Tree_const_iterator@V?$_Tree_val@U?$_Tree_simple_types@U?$pair@$$CBH_N@std@@@std@@@std@@@std@@QEAA@XZ 0000000180007c10 f i game.obj
 0001:00006c30       ??0?$_Tree_iterator@V?$_Tree_val@U?$_Tree_simple_types@U?$pair@$$CBH_N@std@@@std@@@std@@@std@@QEAA@PEAU?$_Tree_node@U?$pair@$$CBH_N@std@@PEAX@1@PEBV?$_Tree_val@U?$_Tree_simple_types@U?$pair@$$CBH_N@std@@@std@@@1@@Z 0000000180007c30 f i game.obj
 0001:00006c30       ??0?$_Tree_iterator@V?$_Tree_val@U?$_Tree_simple_types@U?$pair@$$CBHI@std@@@std@@@std@@@std@@QEAA@PEAU?$_Tree_node@U?$pair@$$CBHI@std@@PEAX@1@PEBV?$_Tree_val@U?$_Tree_simple_types@U?$pair@$$CBHI@std@@@std@@@1@@Z 0000000180007c30 f i game.obj
 0001:00006c70       ??0?$_Tree_unchecked_const_iterator@V?$_Tree_val@U?$_Tree_simple_types@U?$pair@$$CBH_N@std@@@std@@@std@@U_Iterator_base0@2@@std@@QEAA@XZ 0000000180007c70 f i game.obj
 0001:00006c70       ??0?$_Tree_unchecked_const_iterator@V?$_Tree_val@U?$_Tree_simple_types@U?$pair@$$CBHI@std@@@std@@@std@@U_Iterator_base0@2@@std@@QEAA@XZ 0000000180007c70 f i game.obj
 0001:00006c90       ??0?$_Tree_unchecked_const_iterator@V?$_Tree_val@U?$_Tree_simple_types@U?$pair@$$CBHI@std@@@std@@@std@@U_Iterator_base0@2@@std@@QEAA@PEAU?$_Tree_node@U?$pair@$$CBHI@std@@PEAX@1@PEBV?$_Tree_val@U?$_Tree_simple_types@U?$pair@$$CBHI@std@@@std@@@1@@Z 0000000180007c90 f i game.obj
 0001:00006c90       ??0?$_Tree_unchecked_const_iterator@V?$_Tree_val@U?$_Tree_simple_types@U?$pair@$$CBH_N@std@@@std@@@std@@U_Iterator_base0@2@@std@@QEAA@PEAU?$_Tree_node@U?$pair@$$CBH_N@std@@PEAX@1@PEBV?$_Tree_val@U?$_Tree_simple_types@U?$pair@$$CBH_N@std@@@std@@@1@@Z 0000000180007c90 f i game.obj
 0001:00006cd0       ??0?$tmat4x4@M$0A@@glm@@QEAA@AEBM@Z 0000000180007cd0 f i game.obj
 0001:00006e20       ??0?$tmat4x4@M$0A@@glm@@QEAA@AEBU?$tvec4@M$0A@@1@000@Z 0000000180007e20 f i game.obj
 0001:00006ee0       ??0?$tmat4x4@M$0A@@glm@@QEAA@W4ctor@1@@Z 0000000180007ee0 f i game.obj
 0001:00006f20       ??0?$tuple@$$V@std@@QEAA@AEBV01@@Z 0000000180007f20 f i game.obj
 0001:00006f30       ??0?$tuple@AEBH@std@@QEAA@$$QEAV01@@Z 0000000180007f30 f i game.obj
 0001:00006f70       ??0?$tvec2@M$0A@@glm@@QEAA@MM@Z 0000000180007f70 f i game.obj
 0001:00006fb0       ??0?$tvec4@M$0A@@glm@@QEAA@M@Z 0000000180007fb0 f i game.obj
 0001:00007000       ??0?$tvec4@M$0A@@glm@@QEAA@MMMM@Z 0000000180008000 f i game.obj
 0001:00007060       ??0?$tvec4@M$0A@@glm@@QEAA@XZ 0000000180008060 f i game.obj
 0001:000070a0       ??2@YAPEAX_KPEAX@Z         00000001800080a0 f i game.obj
 0001:000070b0       ??8?$_Tree_const_iterator@V?$_Tree_val@U?$_Tree_simple_types@U?$pair@$$CBH_N@std@@@std@@@std@@@std@@QEBA_NAEBV01@@Z 00000001800080b0 f i game.obj
 0001:000070b0       ??8?$_Tree_const_iterator@V?$_Tree_val@U?$_Tree_simple_types@U?$pair@$$CBHI@std@@@std@@@std@@@std@@QEBA_NAEBV01@@Z 00000001800080b0 f i game.obj
 0001:000070f0       ??A?$map@HIU?$less@H@std@@V?$allocator@U?$pair@$$CBHI@std@@@2@@std@@QEAAAEAIAEBH@Z 00000001800080f0 f i game.obj
 0001:00007130       ??A?$map@H_NU?$less@H@std@@V?$allocator@U?$pair@$$CBH_N@std@@@2@@std@@QEAAAEA_NAEBH@Z 0000000180008130 f i game.obj
 0001:00007170       ??A?$tmat4x4@M$0A@@glm@@QEAAAEAU?$tvec4@M$0A@@1@H@Z 0000000180008170 f i game.obj
 0001:000071c0       ??A?$tmat4x4@M$0A@@glm@@QEBAAEBU?$tvec4@M$0A@@1@H@Z 00000001800081c0 f i game.obj
 0001:00007210       ??A?$tvec3@M$0A@@glm@@QEBAAEBMH@Z 0000000180008210 f i game.obj
 0001:00007260       ??A?$tvec4@M$0A@@glm@@QEAAAEAMH@Z 0000000180008260 f i game.obj
 0001:000072b0       ??A?$tvec4@M$0A@@glm@@QEBAAEBMH@Z 00000001800082b0 f i game.obj
 0001:00007300       ??C?$_Tree_iterator@V?$_Tree_val@U?$_Tree_simple_types@U?$pair@$$CBH_N@std@@@std@@@std@@@std@@QEBAPEAU?$pair@$$CBH_N@1@XZ 0000000180008300 f i game.obj
 0001:00007300       ??C?$_Tree_iterator@V?$_Tree_val@U?$_Tree_simple_types@U?$pair@$$CBHI@std@@@std@@@std@@@std@@QEBAPEAU?$pair@$$CBHI@1@XZ 0000000180008300 f i game.obj
 0001:00007320       ??D?$_Tree_const_iterator@V?$_Tree_val@U?$_Tree_simple_types@U?$pair@$$CBH_N@std@@@std@@@std@@@std@@QEBAAEBU?$pair@$$CBH_N@1@XZ 0000000180008320 f i game.obj
 0001:00007320       ??D?$_Tree_const_iterator@V?$_Tree_val@U?$_Tree_simple_types@U?$pair@$$CBHI@std@@@std@@@std@@@std@@QEBAAEBU?$pair@$$CBHI@1@XZ 0000000180008320 f i game.obj
 0001:00007340       ??D?$_Tree_iterator@V?$_Tree_val@U?$_Tree_simple_types@U?$pair@$$CBH_N@std@@@std@@@std@@@std@@QEBAAEAU?$pair@$$CBH_N@1@XZ 0000000180008340 f i game.obj
 0001:00007340       ??D?$_Tree_iterator@V?$_Tree_val@U?$_Tree_simple_types@U?$pair@$$CBHI@std@@@std@@@std@@@std@@QEBAAEAU?$pair@$$CBHI@1@XZ 0000000180008340 f i game.obj
 0001:00007360       ??E?$_Tree_const_iterator@V?$_Tree_val@U?$_Tree_simple_types@U?$pair@$$CBHI@std@@@std@@@std@@@std@@QEAAAEAV01@XZ 0000000180008360 f i game.obj
 0001:00007360       ??E?$_Tree_const_iterator@V?$_Tree_val@U?$_Tree_simple_types@U?$pair@$$CBH_N@std@@@std@@@std@@@std@@QEAAAEAV01@XZ 0000000180008360 f i game.obj
 0001:00007380       ??E?$_Tree_unchecked_const_iterator@V?$_Tree_val@U?$_Tree_simple_types@U?$pair@$$CBHI@std@@@std@@@std@@U_Iterator_base0@2@@std@@QEAAAEAV01@XZ 0000000180008380 f i game.obj
 0001:00007380       ??E?$_Tree_unchecked_const_iterator@V?$_Tree_val@U?$_Tree_simple_types@U?$pair@$$CBH_N@std@@@std@@@std@@U_Iterator_base0@2@@std@@QEAAAEAV01@XZ 0000000180008380 f i game.obj
 0001:00007440       ??F?$_Tree_const_iterator@V?$_Tree_val@U?$_Tree_simple_types@U?$pair@$$CBHI@std@@@std@@@std@@@std@@QEAAAEAV01@XZ 0000000180008440 f i game.obj
 0001:00007440       ??F?$_Tree_const_iterator@V?$_Tree_val@U?$_Tree_simple_types@U?$pair@$$CBH_N@std@@@std@@@std@@@std@@QEAAAEAV01@XZ 0000000180008440 f i game.obj
 0001:00007460       ??F?$_Tree_iterator@V?$_Tree_val@U?$_Tree_simple_types@U?$pair@$$CBH_N@std@@@std@@@std@@@std@@QEAAAEAV01@XZ 0000000180008460 f i game.obj
 0001:00007460       ??F?$_Tree_iterator@V?$_Tree_val@U?$_Tree_simple_types@U?$pair@$$CBHI@std@@@std@@@std@@@std@@QEAAAEAV01@XZ 0000000180008460 f i game.obj
 0001:00007480       ??F?$_Tree_unchecked_const_iterator@V?$_Tree_val@U?$_Tree_simple_types@U?$pair@$$CBH_N@std@@@std@@@std@@U_Iterator_base0@2@@std@@QEAAAEAV01@XZ 0000000180008480 f i game.obj
 0001:00007480       ??F?$_Tree_unchecked_const_iterator@V?$_Tree_val@U?$_Tree_simple_types@U?$pair@$$CBHI@std@@@std@@@std@@U_Iterator_base0@2@@std@@QEAAAEAV01@XZ 0000000180008480 f i game.obj
 0001:00007570       ??R?$less@H@std@@QEBA_NAEBH0@Z 0000000180008570 f i game.obj
 0001:000075b0       ??_H@YAXPEAX_K1P6APEAX0@Z@Z 00000001800085b0 f i game.obj
 0001:00007610       ?_Allocate@std@@YAPEAX_K0_N@Z 0000000180008610 f i game.obj
 0001:00007710       ?_Buynode0@?$_Tree_comp_alloc@V?$_Tmap_traits@HIU?$less@H@std@@V?$allocator@U?$pair@$$CBHI@std@@@2@$0A@@std@@@std@@QEAAPEAU?$_Tree_node@U?$pair@$$CBHI@std@@PEAX@2@XZ 0000000180008710 f i game.obj
 0001:00007860       ?_Buynode0@?$_Tree_comp_alloc@V?$_Tmap_traits@H_NU?$less@H@std@@V?$allocator@U?$pair@$$CBH_N@std@@@2@$0A@@std@@@std@@QEAAPEAU?$_Tree_node@U?$pair@$$CBH_N@std@@PEAX@2@XZ 0000000180008860 f i game.obj
 0001:000079b0       ?_Color@?$_Tree_comp_alloc@V?$_Tmap_traits@HIU?$less@H@std@@V?$allocator@U?$pair@$$CBHI@std@@@2@$0A@@std@@@std@@SAAEADPEAU?$_Tree_node@U?$pair@$$CBHI@std@@PEAX@2@@Z 00000001800089b0 f i game.obj
 0001:000079b0       ?_Color@?$_Tree_comp_alloc@V?$_Tmap_traits@H_NU?$less@H@std@@V?$allocator@U?$pair@$$CBH_N@std@@@2@$0A@@std@@@std@@SAAEADPEAU?$_Tree_node@U?$pair@$$CBH_N@std@@PEAX@2@@Z 00000001800089b0 f i game.obj
 0001:000079d0       ?_Color@?$_Tree_val@U?$_Tree_simple_types@U?$pair@$$CBH_N@std@@@std@@@std@@SAAEADPEAU?$_Tree_node@U?$pair@$$CBH_N@std@@PEAX@2@@Z 00000001800089d0 f i game.obj
 0001:000079d0       ?_Color@?$_Tree_val@U?$_Tree_simple_types@U?$pair@$$CBHI@std@@@std@@@std@@SAAEADPEAU?$_Tree_node@U?$pair@$$CBHI@std@@PEAX@2@@Z 00000001800089d0 f i game.obj
 0001:000079e0       ?_Compare@?$_Tree@V?$_Tmap_traits@HIU?$less@H@std@@V?$allocator@U?$pair@$$CBHI@std@@@2@$0A@@std@@@std@@IEBA_NAEBH0@Z 00000001800089e0 f i game.obj
 0001:000079e0       ?_Compare@?$_Tree@V?$_Tmap_traits@H_NU?$less@H@std@@V?$allocator@U?$pair@$$CBH_N@std@@@2@$0A@@std@@@std@@IEBA_NAEBH0@Z 00000001800089e0 f i game.obj
 0001:00007a20       ?_Deallocate@std@@YAXPEAX_K1@Z 0000000180008a20 f i game.obj
 0001:00007b10       ?_Destroy_if_not_nil@?$_Tree@V?$_Tmap_traits@H_NU?$less@H@std@@V?$allocator@U?$pair@$$CBH_N@std@@@2@$0A@@std@@@std@@IEAAXPEAU?$_Tree_node@U?$pair@$$CBH_N@std@@PEAX@2@@Z 0000000180008b10 f i game.obj
 0001:00007b10       ?_Destroy_if_not_nil@?$_Tree@V?$_Tmap_traits@HIU?$less@H@std@@V?$allocator@U?$pair@$$CBHI@std@@@2@$0A@@std@@@std@@IEAAXPEAU?$_Tree_node@U?$pair@$$CBHI@std@@PEAX@2@@Z 0000000180008b10 f i game.obj
 0001:00007b80       ?_Freenode0@?$_Tree_comp_alloc@V?$_Tmap_traits@HIU?$less@H@std@@V?$allocator@U?$pair@$$CBHI@std@@@2@$0A@@std@@@std@@QEAAXPEAU?$_Tree_node@U?$pair@$$CBHI@std@@PEAX@2@@Z 0000000180008b80 f i game.obj
 0001:00007b80       ?_Freenode0@?$_Tree_comp_alloc@V?$_Tmap_traits@H_NU?$less@H@std@@V?$allocator@U?$pair@$$CBH_N@std@@@2@$0A@@std@@@std@@QEAAXPEAU?$_Tree_node@U?$pair@$$CBH_N@std@@PEAX@2@@Z 0000000180008b80 f i game.obj
 0001:00007c50       ?_Get_first@?$_Compressed_pair@U?$_Wrap_alloc@V?$allocator@U?$_Tree_node@U?$pair@$$CBH_N@std@@PEAX@std@@@std@@@std@@V?$_Tree_val@U?$_Tree_simple_types@U?$pair@$$CBH_N@std@@@std@@@2@$00@std@@QEBAAEBU?$_Wrap_alloc@V?$allocator@U?$_Tree_node@U?$pair@$$CBH_N@std@@PEAX@std@@@std@@@2@XZ 0000000180008c50 f i game.obj
 0001:00007c50       ?_Get_first@?$_Compressed_pair@U?$_Wrap_alloc@V?$allocator@U?$_Tree_node@U?$pair@$$CBH_N@std@@PEAX@std@@@std@@@std@@V?$_Tree_val@U?$_Tree_simple_types@U?$pair@$$CBH_N@std@@@std@@@2@$00@std@@QEAAAEAU?$_Wrap_alloc@V?$allocator@U?$_Tree_node@U?$pair@$$CBH_N@std@@PEAX@std@@@std@@@2@XZ 0000000180008c50 f i game.obj
 0001:00007c50       ??$forward@AEAU?$pair@$$CBH_N@std@@@std@@YAAEAU?$pair@$$CBH_N@0@AEAU10@@Z 0000000180008c50 f i game.obj
 0001:00007c50       ??$forward@V?$tuple@$$V@std@@@std@@YA$$QEAV?$tuple@$$V@0@AEAV10@@Z 0000000180008c50 f i game.obj
 0001:00007c50       ?_Get_second@?$_Compressed_pair@U?$_Wrap_alloc@V?$allocator@U?$_Tree_node@U?$pair@$$CBHI@std@@PEAX@std@@@std@@@std@@V?$_Tree_val@U?$_Tree_simple_types@U?$pair@$$CBHI@std@@@std@@@2@$00@std@@QEAAAEAV?$_Tree_val@U?$_Tree_simple_types@U?$pair@$$CBHI@std@@@std@@@2@XZ 0000000180008c50 f i game.obj
 0001:00007c50       ?_Get_first@?$_Compressed_pair@U?$_Wrap_alloc@V?$allocator@U?$_Tree_node@U?$pair@$$CBHI@std@@PEAX@std@@@std@@@std@@V?$_Tree_val@U?$_Tree_simple_types@U?$pair@$$CBHI@std@@@std@@@2@$00@std@@QEAAAEAU?$_Wrap_alloc@V?$allocator@U?$_Tree_node@U?$pair@$$CBHI@std@@PEAX@std@@@std@@@2@XZ 0000000180008c50 f i game.obj
 0001:00007c50       ?_Get_second@?$_Compressed_pair@U?$_Wrap_alloc@V?$allocator@U?$_Tree_node@U?$pair@$$CBH_N@std@@PEAX@std@@@std@@@std@@V?$_Tree_val@U?$_Tree_simple_types@U?$pair@$$CBH_N@std@@@std@@@2@$00@std@@QEBAAEBV?$_Tree_val@U?$_Tree_simple_types@U?$pair@$$CBH_N@std@@@std@@@2@XZ 0000000180008c50 f i game.obj
 0001:00007c50       ?_Get_first@?$_Compressed_pair@U?$less@H@std@@V?$_Compressed_pair@U?$_Wrap_alloc@V?$allocator@U?$_Tree_node@U?$pair@$$CBH_N@std@@PEAX@std@@@std@@@std@@V?$_Tree_val@U?$_Tree_simple_types@U?$pair@$$CBH_N@std@@@std@@@2@$00@2@$00@std@@QEAAAEAU?$less@H@2@XZ 0000000180008c50 f i game.obj
 0001:00007c50       ??$addressof@U?$pair@$$CBH_N@std@@@std@@YAPEAU?$pair@$$CBH_N@0@AEAU10@@Z 0000000180008c50 f i game.obj
 0001:00007c50       ?_Get_second@?$_Compressed_pair@U?$_Wrap_alloc@V?$allocator@U?$_Tree_node@U?$pair@$$CBHI@std@@PEAX@std@@@std@@@std@@V?$_Tree_val@U?$_Tree_simple_types@U?$pair@$$CBHI@std@@@std@@@2@$00@std@@QEBAAEBV?$_Tree_val@U?$_Tree_simple_types@U?$pair@$$CBHI@std@@@std@@@2@XZ 0000000180008c50 f i game.obj
 0001:00007c50       ?_Get_first@?$_Compressed_pair@U?$less@H@std@@V?$_Compressed_pair@U?$_Wrap_alloc@V?$allocator@U?$_Tree_node@U?$pair@$$CBH_N@std@@PEAX@std@@@std@@@std@@V?$_Tree_val@U?$_Tree_simple_types@U?$pair@$$CBH_N@std@@@std@@@2@$00@2@$00@std@@QEBAAEBU?$less@H@2@XZ 0000000180008c50 f i game.obj
 0001:00007c50       ?_Get_second@?$_Compressed_pair@U?$less@H@std@@V?$_Compressed_pair@U?$_Wrap_alloc@V?$allocator@U?$_Tree_node@U?$pair@$$CBH_N@std@@PEAX@std@@@std@@@std@@V?$_Tree_val@U?$_Tree_simple_types@U?$pair@$$CBH_N@std@@@std@@@2@$00@2@$00@std@@QEBAAEBV?$_Compressed_pair@U?$_Wrap_alloc@V?$allocator@U?$_Tree_node@U?$pair@$$CBH_N@std@@PEAX@std@@@std@@@std@@V?$_Tree_val@U?$_Tree_simple_types@U?$pair@$$CBH_N@std@@@std@@@2@$00@2@XZ 0000000180008c50 f i game.obj
 0001:00007c50       ?_Get_first@?$_Compressed_pair@U?$less@H@std@@V?$_Compressed_pair@U?$_Wrap_alloc@V?$allocator@U?$_Tree_node@U?$pair@$$CBHI@std@@PEAX@std@@@std@@@std@@V?$_Tree_val@U?$_Tree_simple_types@U?$pair@$$CBHI@std@@@std@@@2@$00@2@$00@std@@QEBAAEBU?$less@H@2@XZ 0000000180008c50 f i game.obj
 0001:00007c50       ??$forward@AEAV?$_Tree_iterator@V?$_Tree_val@U?$_Tree_simple_types@U?$pair@$$CBH_N@std@@@std@@@std@@@std@@@std@@YAAEAV?$_Tree_iterator@V?$_Tree_val@U?$_Tree_simple_types@U?$pair@$$CBH_N@std@@@std@@@std@@@0@AEAV10@@Z 0000000180008c50 f i game.obj
 0001:00007c50       ?_Get_second@?$_Compressed_pair@U?$less@H@std@@V?$_Compressed_pair@U?$_Wrap_alloc@V?$allocator@U?$_Tree_node@U?$pair@$$CBH_N@std@@PEAX@std@@@std@@@std@@V?$_Tree_val@U?$_Tree_simple_types@U?$pair@$$CBH_N@std@@@std@@@2@$00@2@$00@std@@QEAAAEAV?$_Compressed_pair@U?$_Wrap_alloc@V?$allocator@U?$_Tree_node@U?$pair@$$CBH_N@std@@PEAX@std@@@std@@@std@@V?$_Tree_val@U?$_Tree_simple_types@U?$pair@$$CBH_N@std@@@std@@@2@$00@2@XZ 0000000180008c50 f i game.obj
 0001:00007c50       ??$forward@AEBH@std@@YAAEBHAEBH@Z 0000000180008c50 f i game.obj
 0001:00007c50       ??$forward@AEAV?$_Tree_iterator@V?$_Tree_val@U?$_Tree_simple_types@U?$pair@$$CBHI@std@@@std@@@std@@@std@@@std@@YAAEAV?$_Tree_iterator@V?$_Tree_val@U?$_Tree_simple_types@U?$pair@$$CBHI@std@@@std@@@std@@@0@AEAV10@@Z 0000000180008c50 f i game.obj
 0001:00007c50       ??$forward@V?$tuple@AEBH@std@@@std@@YA$$QEAV?$tuple@AEBH@0@AEAV10@@Z 0000000180008c50 f i game.obj
 0001:00007c50       ??$_Kfn@$$CBH_N@?$_Tmap_traits@H_NU?$less@H@std@@V?$allocator@U?$pair@$$CBH_N@std@@@2@$0A@@std@@SAAEBHAEBU?$pair@$$CBH_N@1@@Z 0000000180008c50 f i game.obj
 0001:00007c50       ??$addressof@PEAU?$_Tree_node@U?$pair@$$CBH_N@std@@PEAX@std@@@std@@YAPEAPEAU?$_Tree_node@U?$pair@$$CBH_N@std@@PEAX@0@AEAPEAU10@@Z 0000000180008c50 f i game.obj
 0001:00007c50       ??$forward@AEBUpiecewise_construct_t@std@@@std@@YAAEBUpiecewise_construct_t@0@AEBU10@@Z 0000000180008c50 f i game.obj
 0001:00007c50       ?_Left@?$_Tree_val@U?$_Tree_simple_types@U?$pair@$$CBH_N@std@@@std@@@std@@SAAEAPEAU?$_Tree_node@U?$pair@$$CBH_N@std@@PEAX@2@PEAU32@@Z 0000000180008c50 f i game.obj
 0001:00007c50       ?_Get_second@?$_Compressed_pair@U?$less@H@std@@V?$_Compressed_pair@U?$_Wrap_alloc@V?$allocator@U?$_Tree_node@U?$pair@$$CBHI@std@@PEAX@std@@@std@@@std@@V?$_Tree_val@U?$_Tree_simple_types@U?$pair@$$CBHI@std@@@std@@@2@$00@2@$00@std@@QEBAAEBV?$_Compressed_pair@U?$_Wrap_alloc@V?$allocator@U?$_Tree_node@U?$pair@$$CBHI@std@@PEAX@std@@@std@@@std@@V?$_Tree_val@U?$_Tree_simple_types@U?$pair@$$CBHI@std@@@std@@@2@$00@2@XZ 0000000180008c50 f i game.obj
 0001:00007c50       ??$forward@AEAPEAU?$_Tree_node@U?$pair@$$CBHI@std@@PEAX@std@@@std@@YAAEAPEAU?$_Tree_node@U?$pair@$$CBHI@std@@PEAX@0@AEAPEAU10@@Z 0000000180008c50 f i game.obj
 0001:00007c50       ?_Get_second@?$_Compressed_pair@U?$less@H@std@@V?$_Compressed_pair@U?$_Wrap_alloc@V?$allocator@U?$_Tree_node@U?$pair@$$CBHI@std@@PEAX@std@@@std@@@std@@V?$_Tree_val@U?$_Tree_simple_types@U?$pair@$$CBHI@std@@@std@@@2@$00@2@$00@std@@QEAAAEAV?$_Compressed_pair@U?$_Wrap_alloc@V?$allocator@U?$_Tree_node@U?$pair@$$CBHI@std@@PEAX@std@@@std@@@std@@V?$_Tree_val@U?$_Tree_simple_types@U?$pair@$$CBHI@std@@@std@@@2@$00@2@XZ 0000000180008c50 f i game.obj
 0001:00007c50       ??0?$tuple@$$V@std@@QEAA@XZ 0000000180008c50 f i game.obj
 0001:00007c50       ??$forward@V?$_Tree_iterator@V?$_Tree_val@U?$_Tree_simple_types@U?$pair@$$CBHI@std@@@std@@@std@@@std@@@std@@YA$$QEAV?$_Tree_iterator@V?$_Tree_val@U?$_Tree_simple_types@U?$pair@$$CBHI@std@@@std@@@std@@@0@AEAV10@@Z 0000000180008c50 f i game.obj
 0001:00007c50       ??$_Kfn@$$CBHI@?$_Tmap_traits@HIU?$less@H@std@@V?$allocator@U?$pair@$$CBHI@std@@@2@$0A@@std@@SAAEBHAEBU?$pair@$$CBHI@1@@Z 0000000180008c50 f i game.obj
 0001:00007c50       ??$move@AEAV?$tuple@AEBH@std@@@std@@YA$$QEAV?$tuple@AEBH@0@AEAV10@@Z 0000000180008c50 f i game.obj
 0001:00007c50       ??$addressof@U?$pair@$$CBHI@std@@@std@@YAPEAU?$pair@$$CBHI@0@AEAU10@@Z 0000000180008c50 f i game.obj
 0001:00007c50       ?_Left@?$_Tree_val@U?$_Tree_simple_types@U?$pair@$$CBHI@std@@@std@@@std@@SAAEAPEAU?$_Tree_node@U?$pair@$$CBHI@std@@PEAX@2@PEAU32@@Z 0000000180008c50 f i game.obj
 0001:00007c50       ??$forward@AEAPEAU?$_Tree_node@U?$pair@$$CBH_N@std@@PEAX@std@@@std@@YAAEAPEAU?$_Tree_node@U?$pair@$$CBH_N@std@@PEAX@0@AEAPEAU10@@Z 0000000180008c50 f i game.obj
 0001:00007c50       ?_Get_second@?$_Compressed_pair@U?$_Wrap_alloc@V?$allocator@U?$_Tree_node@U?$pair@$$CBH_N@std@@PEAX@std@@@std@@@std@@V?$_Tree_val@U?$_Tree_simple_types@U?$pair@$$CBH_N@std@@@std@@@2@$00@std@@QEAAAEAV?$_Tree_val@U?$_Tree_simple_types@U?$pair@$$CBH_N@std@@@std@@@2@XZ 0000000180008c50 f i game.obj
 0001:00007c50       ??$forward@V?$_Tree_iterator@V?$_Tree_val@U?$_Tree_simple_types@U?$pair@$$CBH_N@std@@@std@@@std@@@std@@@std@@YA$$QEAV?$_Tree_iterator@V?$_Tree_val@U?$_Tree_simple_types@U?$pair@$$CBH_N@std@@@std@@@std@@@0@AEAV10@@Z 0000000180008c50 f i game.obj
 0001:00007c50       ?_Get_first@?$_Compressed_pair@U?$less@H@std@@V?$_Compressed_pair@U?$_Wrap_alloc@V?$allocator@U?$_Tree_node@U?$pair@$$CBHI@std@@PEAX@std@@@std@@@std@@V?$_Tree_val@U?$_Tree_simple_types@U?$pair@$$CBHI@std@@@std@@@2@$00@2@$00@std@@QEAAAEAU?$less@H@2@XZ 0000000180008c50 f i game.obj
 0001:00007c50       ?_Get_first@?$_Compressed_pair@U?$_Wrap_alloc@V?$allocator@U?$_Tree_node@U?$pair@$$CBHI@std@@PEAX@std@@@std@@@std@@V?$_Tree_val@U?$_Tree_simple_types@U?$pair@$$CBHI@std@@@std@@@2@$00@std@@QEBAAEBU?$_Wrap_alloc@V?$allocator@U?$_Tree_node@U?$pair@$$CBHI@std@@PEAX@std@@@std@@@2@XZ 0000000180008c50 f i game.obj
 0001:00007c50       ??$forward@AEAU?$pair@$$CBHI@std@@@std@@YAAEAU?$pair@$$CBHI@0@AEAU10@@Z 0000000180008c50 f i game.obj
 0001:00007c50       ??$forward@_N@std@@YA$$QEA_NAEA_N@Z 0000000180008c50 f i game.obj
 0001:00007c50       ??$addressof@PEAU?$_Tree_node@U?$pair@$$CBHI@std@@PEAX@std@@@std@@YAPEAPEAU?$_Tree_node@U?$pair@$$CBHI@std@@PEAX@0@AEAPEAU10@@Z 0000000180008c50 f i game.obj
 0001:00007c60       ?_Get_data@?$_Tree_comp_alloc@V?$_Tmap_traits@HIU?$less@H@std@@V?$allocator@U?$pair@$$CBHI@std@@@2@$0A@@std@@@std@@QEAAAEAV?$_Tree_val@U?$_Tree_simple_types@U?$pair@$$CBHI@std@@@std@@@2@XZ 0000000180008c60 f i game.obj
 0001:00007c60       ?_Get_data@?$_Tree_comp_alloc@V?$_Tmap_traits@HIU?$less@H@std@@V?$allocator@U?$pair@$$CBHI@std@@@2@$0A@@std@@@std@@QEBAAEBV?$_Tree_val@U?$_Tree_simple_types@U?$pair@$$CBHI@std@@@std@@@2@XZ 0000000180008c60 f i game.obj
 0001:00007c60       ?_Getal@?$_Tree_comp_alloc@V?$_Tmap_traits@H_NU?$less@H@std@@V?$allocator@U?$pair@$$CBH_N@std@@@2@$0A@@std@@@std@@QEAAAEAU?$_Wrap_alloc@V?$allocator@U?$_Tree_node@U?$pair@$$CBH_N@std@@PEAX@std@@@std@@@2@XZ 0000000180008c60 f i game.obj
 0001:00007c60       ?_Getal@?$_Tree_comp_alloc@V?$_Tmap_traits@HIU?$less@H@std@@V?$allocator@U?$pair@$$CBHI@std@@@2@$0A@@std@@@std@@QEBAAEBU?$_Wrap_alloc@V?$allocator@U?$_Tree_node@U?$pair@$$CBHI@std@@PEAX@std@@@std@@@2@XZ 0000000180008c60 f i game.obj
 0001:00007c60       ?_Get_data@?$_Tree_comp_alloc@V?$_Tmap_traits@H_NU?$less@H@std@@V?$allocator@U?$pair@$$CBH_N@std@@@2@$0A@@std@@@std@@QEBAAEBV?$_Tree_val@U?$_Tree_simple_types@U?$pair@$$CBH_N@std@@@std@@@2@XZ 0000000180008c60 f i game.obj
 0001:00007c60       ?_Getal@?$_Tree_comp_alloc@V?$_Tmap_traits@H_NU?$less@H@std@@V?$allocator@U?$pair@$$CBH_N@std@@@2@$0A@@std@@@std@@QEBAAEBU?$_Wrap_alloc@V?$allocator@U?$_Tree_node@U?$pair@$$CBH_N@std@@PEAX@std@@@std@@@2@XZ 0000000180008c60 f i game.obj
 0001:00007c60       ?_Get_data@?$_Tree_comp_alloc@V?$_Tmap_traits@H_NU?$less@H@std@@V?$allocator@U?$pair@$$CBH_N@std@@@2@$0A@@std@@@std@@QEAAAEAV?$_Tree_val@U?$_Tree_simple_types@U?$pair@$$CBH_N@std@@@std@@@2@XZ 0000000180008c60 f i game.obj
 0001:00007c60       ?_Getal@?$_Tree_comp_alloc@V?$_Tmap_traits@HIU?$less@H@std@@V?$allocator@U?$pair@$$CBHI@std@@@2@$0A@@std@@@std@@QEAAAEAU?$_Wrap_alloc@V?$allocator@U?$_Tree_node@U?$pair@$$CBHI@std@@PEAX@std@@@std@@@2@XZ 0000000180008c60 f i game.obj
 0001:00007c90       ?_Getcomp@?$_Tree_comp_alloc@V?$_Tmap_traits@HIU?$less@H@std@@V?$allocator@U?$pair@$$CBHI@std@@@2@$0A@@std@@@std@@QEAAAEAU?$less@H@2@XZ 0000000180008c90 f i game.obj
 0001:00007c90       ?_Getcomp@?$_Tree_comp_alloc@V?$_Tmap_traits@H_NU?$less@H@std@@V?$allocator@U?$pair@$$CBH_N@std@@@2@$0A@@std@@@std@@QEBAAEBU?$less@H@2@XZ 0000000180008c90 f i game.obj
 0001:00007c90       ?_Getcomp@?$_Tree_comp_alloc@V?$_Tmap_traits@HIU?$less@H@std@@V?$allocator@U?$pair@$$CBHI@std@@@2@$0A@@std@@@std@@QEBAAEBU?$less@H@2@XZ 0000000180008c90 f i game.obj
 0001:00007c90       ?_Getcomp@?$_Tree_comp_alloc@V?$_Tmap_traits@H_NU?$less@H@std@@V?$allocator@U?$pair@$$CBH_N@std@@@2@$0A@@std@@@std@@QEAAAEAU?$less@H@2@XZ 0000000180008c90 f i game.obj
 0001:00007cb0       ?_Isnil@?$_Tree_comp_alloc@V?$_Tmap_traits@H_NU?$less@H@std@@V?$allocator@U?$pair@$$CBH_N@std@@@2@$0A@@std@@@std@@SAAEADPEAU?$_Tree_node@U?$pair@$$CBH_N@std@@PEAX@2@@Z 0000000180008cb0 f i game.obj
 0001:00007cb0       ?_Isnil@?$_Tree_comp_alloc@V?$_Tmap_traits@HIU?$less@H@std@@V?$allocator@U?$pair@$$CBHI@std@@@2@$0A@@std@@@std@@SAAEADPEAU?$_Tree_node@U?$pair@$$CBHI@std@@PEAX@2@@Z 0000000180008cb0 f i game.obj
 0001:00007cd0       ?_Isnil@?$_Tree_val@U?$_Tree_simple_types@U?$pair@$$CBHI@std@@@std@@@std@@SAAEADPEAU?$_Tree_node@U?$pair@$$CBHI@std@@PEAX@2@@Z 0000000180008cd0 f i game.obj
 0001:00007cd0       ?_Isnil@?$_Tree_val@U?$_Tree_simple_types@U?$pair@$$CBH_N@std@@@std@@@std@@SAAEADPEAU?$_Tree_node@U?$pair@$$CBH_N@std@@PEAX@2@@Z 0000000180008cd0 f i game.obj
 0001:00007ce0       ?_Key@?$_Tree@V?$_Tmap_traits@HIU?$less@H@std@@V?$allocator@U?$pair@$$CBHI@std@@@2@$0A@@std@@@std@@IEBAAEBHPEAU?$_Tree_node@U?$pair@$$CBHI@std@@PEAX@2@@Z 0000000180008ce0 f i game.obj
 0001:00007ce0       ?_Key@?$_Tree@V?$_Tmap_traits@H_NU?$less@H@std@@V?$allocator@U?$pair@$$CBH_N@std@@@2@$0A@@std@@@std@@IEBAAEBHPEAU?$_Tree_node@U?$pair@$$CBH_N@std@@PEAX@2@@Z 0000000180008ce0 f i game.obj
 0001:00007d10       ?_Kfn@?$_Tree@V?$_Tmap_traits@HIU?$less@H@std@@V?$allocator@U?$pair@$$CBHI@std@@@2@$0A@@std@@@std@@IEBAAEBHAEBU?$pair@$$CBHI@2@@Z 0000000180008d10 f i game.obj
 0001:00007d10       ?_Kfn@?$_Tree@V?$_Tmap_traits@H_NU?$less@H@std@@V?$allocator@U?$pair@$$CBH_N@std@@@2@$0A@@std@@@std@@IEBAAEBHAEBU?$pair@$$CBH_N@2@@Z 0000000180008d10 f i game.obj
 0001:00007d30       ?_Lmost@?$_Tree@V?$_Tmap_traits@H_NU?$less@H@std@@V?$allocator@U?$pair@$$CBH_N@std@@@2@$0A@@std@@@std@@IEBAAEAPEAU?$_Tree_node@U?$pair@$$CBH_N@std@@PEAX@2@XZ 0000000180008d30 f i game.obj
 0001:00007d30       ?_Lmost@?$_Tree@V?$_Tmap_traits@HIU?$less@H@std@@V?$allocator@U?$pair@$$CBHI@std@@@2@$0A@@std@@@std@@IEBAAEAPEAU?$_Tree_node@U?$pair@$$CBHI@std@@PEAX@2@XZ 0000000180008d30 f i game.obj
 0001:00007d50       ?_Lrotate@?$_Tree@V?$_Tmap_traits@HIU?$less@H@std@@V?$allocator@U?$pair@$$CBHI@std@@@2@$0A@@std@@@std@@IEAAXPEAU?$_Tree_node@U?$pair@$$CBHI@std@@PEAX@2@@Z 0000000180008d50 f i game.obj
 0001:00007d50       ?_Lrotate@?$_Tree@V?$_Tmap_traits@H_NU?$less@H@std@@V?$allocator@U?$pair@$$CBH_N@std@@@2@$0A@@std@@@std@@IEAAXPEAU?$_Tree_node@U?$pair@$$CBH_N@std@@PEAX@2@@Z 0000000180008d50 f i game.obj
 0001:00007e90       ?_Max@?$_Tree_val@U?$_Tree_simple_types@U?$pair@$$CBHI@std@@@std@@@std@@SAPEAU?$_Tree_node@U?$pair@$$CBHI@std@@PEAX@2@PEAU32@@Z 0000000180008e90 f i game.obj
 0001:00007e90       ?_Max@?$_Tree_val@U?$_Tree_simple_types@U?$pair@$$CBH_N@std@@@std@@@std@@SAPEAU?$_Tree_node@U?$pair@$$CBH_N@std@@PEAX@2@PEAU32@@Z 0000000180008e90 f i game.obj
 0001:00007ed0       ?_Min@?$_Tree_val@U?$_Tree_simple_types@U?$pair@$$CBH_N@std@@@std@@@std@@SAPEAU?$_Tree_node@U?$pair@$$CBH_N@std@@PEAX@2@PEAU32@@Z 0000000180008ed0 f i game.obj
 0001:00007ed0       ?_Min@?$_Tree_val@U?$_Tree_simple_types@U?$pair@$$CBHI@std@@@std@@@std@@SAPEAU?$_Tree_node@U?$pair@$$CBHI@std@@PEAX@2@PEAU32@@Z 0000000180008ed0 f i game.obj
 0001:00007f10       ?_Myhead@?$_Tree_comp_alloc@V?$_Tmap_traits@HIU?$less@H@std@@V?$allocator@U?$pair@$$CBHI@std@@@2@$0A@@std@@@std@@QEBAAEBQEAU?$_Tree_node@U?$pair@$$CBHI@std@@PEAX@2@XZ 0000000180008f10 f i game.obj
 0001:00007f10       ?_Myhead@?$_Tree_comp_alloc@V?$_Tmap_traits@H_NU?$less@H@std@@V?$allocator@U?$pair@$$CBH_N@std@@@2@$0A@@std@@@std@@QEBAAEBQEAU?$_Tree_node@U?$pair@$$CBH_N@std@@PEAX@2@XZ 0000000180008f10 f i game.obj
 0001:00007f10       ?_Myhead@?$_Tree_comp_alloc@V?$_Tmap_traits@HIU?$less@H@std@@V?$allocator@U?$pair@$$CBHI@std@@@2@$0A@@std@@@std@@QEAAAEAPEAU?$_Tree_node@U?$pair@$$CBHI@std@@PEAX@2@XZ 0000000180008f10 f i game.obj
 0001:00007f10       ?_Myhead@?$_Tree_comp_alloc@V?$_Tmap_traits@H_NU?$less@H@std@@V?$allocator@U?$pair@$$CBH_N@std@@@2@$0A@@std@@@std@@QEAAAEAPEAU?$_Tree_node@U?$pair@$$CBH_N@std@@PEAX@2@XZ 0000000180008f10 f i game.obj
 0001:00007f30       ?_Mynode@?$_Tree_unchecked_const_iterator@V?$_Tree_val@U?$_Tree_simple_types@U?$pair@$$CBH_N@std@@@std@@@std@@U_Iterator_base0@2@@std@@QEBAPEAU?$_Tree_node@U?$pair@$$CBH_N@std@@PEAX@2@XZ 0000000180008f30 f i game.obj
 0001:00007f30       ?_Mynode@?$_Tree_unchecked_const_iterator@V?$_Tree_val@U?$_Tree_simple_types@U?$pair@$$CBHI@std@@@std@@@std@@U_Iterator_base0@2@@std@@QEBAPEAU?$_Tree_node@U?$pair@$$CBHI@std@@PEAX@2@XZ 0000000180008f30 f i game.obj
 0001:00007f40       ?_Mysize@?$_Tree_comp_alloc@V?$_Tmap_traits@HIU?$less@H@std@@V?$allocator@U?$pair@$$CBHI@std@@@2@$0A@@std@@@std@@QEAAAEA_KXZ 0000000180008f40 f i game.obj
 0001:00007f40       ?_Mysize@?$_Tree_comp_alloc@V?$_Tmap_traits@HIU?$less@H@std@@V?$allocator@U?$pair@$$CBHI@std@@@2@$0A@@std@@@std@@QEBAAEB_KXZ 0000000180008f40 f i game.obj
 0001:00007f40       ?_Mysize@?$_Tree_comp_alloc@V?$_Tmap_traits@H_NU?$less@H@std@@V?$allocator@U?$pair@$$CBH_N@std@@@2@$0A@@std@@@std@@QEBAAEB_KXZ 0000000180008f40 f i game.obj
 0001:00007f40       ?_Mysize@?$_Tree_comp_alloc@V?$_Tmap_traits@H_NU?$less@H@std@@V?$allocator@U?$pair@$$CBH_N@std@@@2@$0A@@std@@@std@@QEAAAEA_KXZ 0000000180008f40 f i game.obj
 0001:00007f60       ?_Myval@?$_Tree_comp_alloc@V?$_Tmap_traits@HIU?$less@H@std@@V?$allocator@U?$pair@$$CBHI@std@@@2@$0A@@std@@@std@@SAAEAU?$pair@$$CBHI@2@PEAU?$_Tree_node@U?$pair@$$CBHI@std@@PEAX@2@@Z 0000000180008f60 f i game.obj
 0001:00007f60       ?_Myval@?$_Tree_comp_alloc@V?$_Tmap_traits@H_NU?$less@H@std@@V?$allocator@U?$pair@$$CBH_N@std@@@2@$0A@@std@@@std@@SAAEAU?$pair@$$CBH_N@2@PEAU?$_Tree_node@U?$pair@$$CBH_N@std@@PEAX@2@@Z 0000000180008f60 f i game.obj
 0001:00007f80       ?_Myval@?$_Tree_val@U?$_Tree_simple_types@U?$pair@$$CBHI@std@@@std@@@std@@SAAEAU?$pair@$$CBHI@2@PEAU?$_Tree_node@U?$pair@$$CBHI@std@@PEAX@2@@Z 0000000180008f80 f i game.obj
 0001:00007f80       ?_Myval@?$_Tree_val@U?$_Tree_simple_types@U?$pair@$$CBH_N@std@@@std@@@std@@SAAEAU?$pair@$$CBH_N@2@PEAU?$_Tree_node@U?$pair@$$CBH_N@std@@PEAX@2@@Z 0000000180008f80 f i game.obj
 0001:00007f90       ?_Parent@?$_Tree_comp_alloc@V?$_Tmap_traits@HIU?$less@H@std@@V?$allocator@U?$pair@$$CBHI@std@@@2@$0A@@std@@@std@@SAAEAPEAU?$_Tree_node@U?$pair@$$CBHI@std@@PEAX@2@PEAU32@@Z 0000000180008f90 f i game.obj
 0001:00007f90       ?_Parent@?$_Tree_comp_alloc@V?$_Tmap_traits@H_NU?$less@H@std@@V?$allocator@U?$pair@$$CBH_N@std@@@2@$0A@@std@@@std@@SAAEAPEAU?$_Tree_node@U?$pair@$$CBH_N@std@@PEAX@2@PEAU32@@Z 0000000180008f90 f i game.obj
 0001:00007fb0       ?_Parent@?$_Tree_val@U?$_Tree_simple_types@U?$pair@$$CBHI@std@@@std@@@std@@SAAEAPEAU?$_Tree_node@U?$pair@$$CBHI@std@@PEAX@2@PEAU32@@Z 0000000180008fb0 f i game.obj
 0001:00007fb0       ?_Parent@?$_Tree_val@U?$_Tree_simple_types@U?$pair@$$CBH_N@std@@@std@@@std@@SAAEAPEAU?$_Tree_node@U?$pair@$$CBH_N@std@@PEAX@2@PEAU32@@Z 0000000180008fb0 f i game.obj
 0001:00007fc0       ?_Right@?$_Tree_comp_alloc@V?$_Tmap_traits@H_NU?$less@H@std@@V?$allocator@U?$pair@$$CBH_N@std@@@2@$0A@@std@@@std@@SAAEAPEAU?$_Tree_node@U?$pair@$$CBH_N@std@@PEAX@2@PEAU32@@Z 0000000180008fc0 f i game.obj
 0001:00007fc0       ?_Right@?$_Tree_comp_alloc@V?$_Tmap_traits@HIU?$less@H@std@@V?$allocator@U?$pair@$$CBHI@std@@@2@$0A@@std@@@std@@SAAEAPEAU?$_Tree_node@U?$pair@$$CBHI@std@@PEAX@2@PEAU32@@Z 0000000180008fc0 f i game.obj
 0001:00007fe0       ?_Right@?$_Tree_val@U?$_Tree_simple_types@U?$pair@$$CBH_N@std@@@std@@@std@@SAAEAPEAU?$_Tree_node@U?$pair@$$CBH_N@std@@PEAX@2@PEAU32@@Z 0000000180008fe0 f i game.obj
 0001:00007fe0       ?_Right@?$_Tree_val@U?$_Tree_simple_types@U?$pair@$$CBHI@std@@@std@@@std@@SAAEAPEAU?$_Tree_node@U?$pair@$$CBHI@std@@PEAX@2@PEAU32@@Z 0000000180008fe0 f i game.obj
 0001:00007ff0       ?_Rmost@?$_Tree@V?$_Tmap_traits@HIU?$less@H@std@@V?$allocator@U?$pair@$$CBHI@std@@@2@$0A@@std@@@std@@IEBAAEAPEAU?$_Tree_node@U?$pair@$$CBHI@std@@PEAX@2@XZ 0000000180008ff0 f i game.obj
 0001:00007ff0       ?_Rmost@?$_Tree@V?$_Tmap_traits@H_NU?$less@H@std@@V?$allocator@U?$pair@$$CBH_N@std@@@2@$0A@@std@@@std@@IEBAAEAPEAU?$_Tree_node@U?$pair@$$CBH_N@std@@PEAX@2@XZ 0000000180008ff0 f i game.obj
 0001:00008010       ?_Root@?$_Tree@V?$_Tmap_traits@H_NU?$less@H@std@@V?$allocator@U?$pair@$$CBH_N@std@@@2@$0A@@std@@@std@@IEBAAEAPEAU?$_Tree_node@U?$pair@$$CBH_N@std@@PEAX@2@XZ 0000000180009010 f i game.obj
 0001:00008010       ?_Root@?$_Tree@V?$_Tmap_traits@HIU?$less@H@std@@V?$allocator@U?$pair@$$CBHI@std@@@2@$0A@@std@@@std@@IEBAAEAPEAU?$_Tree_node@U?$pair@$$CBHI@std@@PEAX@2@XZ 0000000180009010 f i game.obj
 0001:00008030       ?_Rrotate@?$_Tree@V?$_Tmap_traits@H_NU?$less@H@std@@V?$allocator@U?$pair@$$CBH_N@std@@@2@$0A@@std@@@std@@IEAAXPEAU?$_Tree_node@U?$pair@$$CBH_N@std@@PEAX@2@@Z 0000000180009030 f i game.obj
 0001:00008030       ?_Rrotate@?$_Tree@V?$_Tmap_traits@HIU?$less@H@std@@V?$allocator@U?$pair@$$CBHI@std@@@2@$0A@@std@@@std@@IEAAXPEAU?$_Tree_node@U?$pair@$$CBHI@std@@PEAX@2@@Z 0000000180009030 f i game.obj
 0001:00008170       ?allocate@?$_Wrap_alloc@V?$allocator@U?$_Tree_node@U?$pair@$$CBHI@std@@PEAX@std@@@std@@@std@@QEAAPEAU?$_Tree_node@U?$pair@$$CBHI@std@@PEAX@2@_K@Z 0000000180009170 f i game.obj
 0001:00008170       ?allocate@?$_Wrap_alloc@V?$allocator@U?$_Tree_node@U?$pair@$$CBH_N@std@@PEAX@std@@@std@@@std@@QEAAPEAU?$_Tree_node@U?$pair@$$CBH_N@std@@PEAX@2@_K@Z 0000000180009170 f i game.obj
 0001:000081a0       ?allocate@?$allocator@U?$_Tree_node@U?$pair@$$CBH_N@std@@PEAX@std@@@std@@QEAAPEAU?$_Tree_node@U?$pair@$$CBH_N@std@@PEAX@2@_K@Z 00000001800091a0 f i game.obj
 0001:000081a0       ?allocate@?$allocator@U?$_Tree_node@U?$pair@$$CBHI@std@@PEAX@std@@@std@@QEAAPEAU?$_Tree_node@U?$pair@$$CBHI@std@@PEAX@2@_K@Z 00000001800091a0 f i game.obj
 0001:000081d0       ?atan2@@YAMMM@Z            00000001800091d0 f i game.obj
 0001:00008200       ?begin@?$_Tree@V?$_Tmap_traits@HIU?$less@H@std@@V?$allocator@U?$pair@$$CBHI@std@@@2@$0A@@std@@@std@@QEAA?AV?$_Tree_iterator@V?$_Tree_val@U?$_Tree_simple_types@U?$pair@$$CBHI@std@@@std@@@std@@@2@XZ 0000000180009200 f i game.obj
 0001:00008260       ?begin@?$_Tree@V?$_Tmap_traits@H_NU?$less@H@std@@V?$allocator@U?$pair@$$CBH_N@std@@@2@$0A@@std@@@std@@QEAA?AV?$_Tree_iterator@V?$_Tree_val@U?$_Tree_simple_types@U?$pair@$$CBH_N@std@@@std@@@std@@@2@XZ 0000000180009260 f i game.obj
 0001:000082c0       ?call@?$compute_dot@Utvec2@glm@@M$0A@$0A@@detail@glm@@SAMAEBU?$tvec2@M$0A@@3@0@Z 00000001800092c0 f i game.obj
 0001:00008300       ?call@?$compute_inverse@Utmat4x4@glm@@M$0A@$0A@@detail@glm@@SA?AU?$tmat4x4@M$0A@@3@AEBU43@@Z 0000000180009300 f i game.obj
 0001:00009a30       ?call@?$compute_normalize@M$0A@Utvec2@glm@@$0A@@detail@glm@@SA?AU?$tvec2@M$0A@@3@AEBU43@@Z 000000018000aa30 f i game.obj
 0001:00009a70       ?call@?$compute_vec4_add@M$0A@$0A@@detail@glm@@SA?AU?$tvec4@M$0A@@3@AEBU43@0@Z 000000018000aa70 f i game.obj
 0001:00009b00       ?call@?$compute_vec4_div@M$0A@$0A@@detail@glm@@SA?AU?$tvec4@M$0A@@3@AEBU43@0@Z 000000018000ab00 f i game.obj
 0001:00009b90       ?call@?$compute_vec4_mul@M$0A@$0A@@detail@glm@@SA?AU?$tvec4@M$0A@@3@AEBU43@0@Z 000000018000ab90 f i game.obj
 0001:00009c20       ?call@?$compute_vec4_sub@M$0A@$0A@@detail@glm@@SA?AU?$tvec4@M$0A@@3@AEBU43@0@Z 000000018000ac20 f i game.obj
 0001:00009cb0       ?deallocate@?$_Wrap_alloc@V?$allocator@U?$_Tree_node@U?$pair@$$CBH_N@std@@PEAX@std@@@std@@@std@@QEAAXPEAU?$_Tree_node@U?$pair@$$CBH_N@std@@PEAX@2@_K@Z 000000018000acb0 f i game.obj
 0001:00009cb0       ?deallocate@?$_Wrap_alloc@V?$allocator@U?$_Tree_node@U?$pair@$$CBHI@std@@PEAX@std@@@std@@@std@@QEAAXPEAU?$_Tree_node@U?$pair@$$CBHI@std@@PEAX@2@_K@Z 000000018000acb0 f i game.obj
 0001:00009ce0       ?deallocate@?$allocator@U?$_Tree_node@U?$pair@$$CBH_N@std@@PEAX@std@@@std@@QEAAXPEAU?$_Tree_node@U?$pair@$$CBH_N@std@@PEAX@2@_K@Z 000000018000ace0 f i game.obj
 0001:00009ce0       ?deallocate@?$allocator@U?$_Tree_node@U?$pair@$$CBHI@std@@PEAX@std@@@std@@QEAAXPEAU?$_Tree_node@U?$pair@$$CBHI@std@@PEAX@2@_K@Z 000000018000ace0 f i game.obj
 0001:00009d10       ?end@?$_Tree@V?$_Tmap_traits@HIU?$less@H@std@@V?$allocator@U?$pair@$$CBHI@std@@@2@$0A@@std@@@std@@QEAA?AV?$_Tree_iterator@V?$_Tree_val@U?$_Tree_simple_types@U?$pair@$$CBHI@std@@@std@@@std@@@2@XZ 000000018000ad10 f i game.obj
 0001:00009d70       ?end@?$_Tree@V?$_Tmap_traits@H_NU?$less@H@std@@V?$allocator@U?$pair@$$CBH_N@std@@@2@$0A@@std@@@std@@QEAA?AV?$_Tree_iterator@V?$_Tree_val@U?$_Tree_simple_types@U?$pair@$$CBH_N@std@@@std@@@std@@@2@XZ 000000018000ad70 f i game.obj
 0001:00009dd0       ?length@?$tmat4x4@M$0A@@glm@@SAHXZ 000000018000add0 f i game.obj
 0001:00009dd0       ?length@?$tvec4@M$0A@@glm@@SAHXZ 000000018000add0 f i game.obj
 0001:00009de0       ?length@?$tvec3@M$0A@@glm@@SAHXZ 000000018000ade0 f i game.obj
 0001:00009df0       ?lower_bound@?$_Tree@V?$_Tmap_traits@HIU?$less@H@std@@V?$allocator@U?$pair@$$CBHI@std@@@2@$0A@@std@@@std@@QEAA?AV?$_Tree_iterator@V?$_Tree_val@U?$_Tree_simple_types@U?$pair@$$CBHI@std@@@std@@@std@@@2@AEBH@Z 000000018000adf0 f i game.obj
 0001:00009df0       ?lower_bound@?$_Tree@V?$_Tmap_traits@H_NU?$less@H@std@@V?$allocator@U?$pair@$$CBH_N@std@@@2@$0A@@std@@@std@@QEAA?AV?$_Tree_iterator@V?$_Tree_val@U?$_Tree_simple_types@U?$pair@$$CBH_N@std@@@std@@@std@@@2@AEBH@Z 000000018000adf0 f i game.obj
 0001:00009e40       ?max_size@?$_Tree@V?$_Tmap_traits@H_NU?$less@H@std@@V?$allocator@U?$pair@$$CBH_N@std@@@2@$0A@@std@@@std@@QEBA_KXZ 000000018000ae40 f i game.obj
 0001:00009e40       ?max_size@?$_Tree@V?$_Tmap_traits@HIU?$less@H@std@@V?$allocator@U?$pair@$$CBHI@std@@@2@$0A@@std@@@std@@QEBA_KXZ 000000018000ae40 f i game.obj
 0001:00009e70       ?max_size@?$_Wrap_alloc@V?$allocator@U?$_Tree_node@U?$pair@$$CBHI@std@@PEAX@std@@@std@@@std@@QEBA_KU_Nil@2@@Z 000000018000ae70 f i game.obj
 0001:00009e70       ?max_size@?$_Wrap_alloc@V?$allocator@U?$_Tree_node@U?$pair@$$CBH_N@std@@PEAX@std@@@std@@@std@@QEBA_KU_Nil@2@@Z 000000018000ae70 f i game.obj
 0001:00009e90       ?max_size@?$allocator@U?$_Tree_node@U?$pair@$$CBH_N@std@@PEAX@std@@@std@@QEBA_KXZ 000000018000ae90 f i game.obj
 0001:00009e90       ?max_size@?$allocator@U?$_Tree_node@U?$pair@$$CBHI@std@@PEAX@std@@@std@@QEBA_KXZ 000000018000ae90 f i game.obj
 0001:00009ea0       ?max_size@?$allocator_traits@V?$allocator@U?$_Tree_node@U?$pair@$$CBH_N@std@@PEAX@std@@@std@@@std@@SA_KAEBV?$allocator@U?$_Tree_node@U?$pair@$$CBH_N@std@@PEAX@std@@@2@@Z 000000018000aea0 f i game.obj
 0001:00009ea0       ?max_size@?$allocator_traits@V?$allocator@U?$_Tree_node@U?$pair@$$CBHI@std@@PEAX@std@@@std@@@std@@SA_KAEBV?$allocator@U?$_Tree_node@U?$pair@$$CBHI@std@@PEAX@std@@@2@@Z 000000018000aea0 f i game.obj
 0001:00009ec0       ?_Left@?$_Tree_comp_alloc@V?$_Tmap_traits@H_NU?$less@H@std@@V?$allocator@U?$pair@$$CBH_N@std@@@2@$0A@@std@@@std@@SAAEAPEAU?$_Tree_node@U?$pair@$$CBH_N@std@@PEAX@2@PEAU32@@Z 000000018000aec0 f i game.obj
 0001:00009ec0       ?pointer_to@?$pointer_traits@PEAU?$pair@$$CBHI@std@@@std@@SAPEAU?$pair@$$CBHI@2@AEAU32@@Z 000000018000aec0 f i game.obj
 0001:00009ec0       ?pointer_to@?$pointer_traits@PEAU?$pair@$$CBH_N@std@@@std@@SAPEAU?$pair@$$CBH_N@2@AEAU32@@Z 000000018000aec0 f i game.obj
 0001:00009ec0       ?_Left@?$_Tree_comp_alloc@V?$_Tmap_traits@HIU?$less@H@std@@V?$allocator@U?$pair@$$CBHI@std@@@2@$0A@@std@@@std@@SAAEAPEAU?$_Tree_node@U?$pair@$$CBHI@std@@PEAX@2@PEAU32@@Z 000000018000aec0 f i game.obj
 0001:00009ee0       ?size@?$_Tree@V?$_Tmap_traits@H_NU?$less@H@std@@V?$allocator@U?$pair@$$CBH_N@std@@@2@$0A@@std@@@std@@QEBA_KXZ 000000018000aee0 f i game.obj
 0001:00009ee0       ?size@?$_Tree@V?$_Tmap_traits@HIU?$less@H@std@@V?$allocator@U?$pair@$$CBHI@std@@@2@$0A@@std@@@std@@QEBA_KXZ 000000018000aee0 f i game.obj
 0001:00009f00       ?sqrt@@YAMM@Z              000000018000af00 f i game.obj
 0001:00009f20       __local_stdio_printf_options 000000018000af20 f i game.obj
 0001:00009f30       _vsnprintf_l               000000018000af30 f i game.obj
 0001:00009fb0       _vsprintf_l                000000018000afb0 f i game.obj
 0001:0000a000       sprintf                    000000018000b000 f i game.obj
 0001:0000a060       _glfwInputError            000000018000b060 f   glfw3:init.c.obj
 0001:0000a1f0       glfwTerminate              000000018000b1f0 f   glfw3:init.c.obj
 0001:0000a300       glfwDestroyWindow          000000018000b300 f   glfw3:window.c.obj
 0001:0000a390       glfwGetFramebufferSize     000000018000b390 f   glfw3:window.c.obj
 0001:0000a3c0       glfwGetWindowUserPointer   000000018000b3c0 f   glfw3:window.c.obj
 0001:0000a3f0       _glfwInputJoystickChange   000000018000b3f0 f   glfw3:input.c.obj
 0001:0000a400       glfwDestroyCursor          000000018000b400 f   glfw3:input.c.obj
 0001:0000a4c0       _glfwPlatformTerminate     000000018000b4c0 f   glfw3:win32_init.c.obj
 0001:0000a5a0       _glfwPlatformSetGammaRamp  000000018000b5a0 f   glfw3:win32_monitor.c.obj
 0001:0000a780       _glfwRestoreVideoModeWin32 000000018000b780 f   glfw3:win32_monitor.c.obj
 0001:0000a7c0       _glfwFreeMonitors          000000018000b7c0 f   glfw3:monitor.c.obj
 0001:0000a8a0       _glfwInputMonitorWindowChange 000000018000b8a0 f   glfw3:monitor.c.obj
 0001:0000a8b0       _glfwTerminateVulkan       000000018000b8b0 f   glfw3:vulkan.c.obj
 0001:0000a910       __local_stdio_scanf_options 000000018000b910 f i glfw3:context.c.obj
 0001:0000a920       glfwMakeContextCurrent     000000018000b920 f   glfw3:context.c.obj
 0001:0000a9b0       _glfwPlatformDestroyCursor 000000018000b9b0 f   glfw3:win32_window.c.obj
 0001:0000a9d0       _glfwPlatformDestroyWindow 000000018000b9d0 f   glfw3:win32_window.c.obj
 0001:0000aa80       _glfwPlatformGetFramebufferSize 000000018000ba80 f   glfw3:win32_window.c.obj
 0001:0000aae0       _glfwPlatformSetCursor     000000018000bae0 f   glfw3:win32_window.c.obj
 0001:0000ab50       _glfwUnregisterWindowClassWin32 000000018000bb50 f   glfw3:win32_window.c.obj
 0001:0000ac40       _glfwPlatformGetCurrentContext 000000018000bc40 f   glfw3:win32_tls.c.obj
 0001:0000ac50       _glfwTerminateThreadLocalStorageWin32 000000018000bc50 f   glfw3:win32_tls.c.obj
 0001:0000ac70       _glfwTerminateJoysticksWin32 000000018000bc70 f   glfw3:win32_joystick.c.obj
 0001:0000ad40       _glfwTerminateWGL          000000018000bd40 f   glfw3:wgl_context.c.obj
 0001:0000ad60       _glfwTerminateEGL          000000018000bd60 f   glfw3:egl_context.c.obj
 0001:0000ada4       ??2@YAPEAX_K@Z             000000018000bda4 f   MSVCRT:new_scalar.obj
 0001:0000ade0       ??3@YAXPEAX@Z              000000018000bde0 f   MSVCRT:delete_scalar.obj
 0001:0000ade8       __GSHandlerCheck           000000018000bde8 f   MSVCRT:_gshandler_.obj
 0001:0000ae08       __GSHandlerCheckCommon     000000018000be08 f   MSVCRT:_gshandler_.obj
 0001:0000ae80       __security_check_cookie    000000018000be80 f   MSVCRT:_amdsecgs_.obj
 0001:0000b1f0       _DllMainCRTStartup         000000018000c1f0 f   MSVCRT:dll_dllmain.obj
 0001:0000b240       _alloca_probe              000000018000c240 f   MSVCRT:_chkstk_.obj
 0001:0000b240       __chkstk                   000000018000c240 f   MSVCRT:_chkstk_.obj
 0001:0000b294       ??0bad_alloc@std@@QEAA@AEBV01@@Z 000000018000c294 f i MSVCRT:throw_bad_alloc.obj
 0001:0000b2d4       ??0bad_alloc@std@@QEAA@XZ  000000018000c2d4 f i MSVCRT:throw_bad_alloc.obj
 0001:0000b2f4       ??0bad_array_new_length@std@@QEAA@AEBV01@@Z 000000018000c2f4 f i MSVCRT:throw_bad_alloc.obj
 0001:0000b334       ??0bad_array_new_length@std@@QEAA@XZ 000000018000c334 f i MSVCRT:throw_bad_alloc.obj
 0001:0000b354       ??0exception@std@@QEAA@AEBV01@@Z 000000018000c354 f i MSVCRT:throw_bad_alloc.obj
 0001:0000b38c       ??1bad_array_new_length@std@@UEAA@XZ 000000018000c38c f i MSVCRT:throw_bad_alloc.obj
 0001:0000b38c       ??1bad_alloc@std@@UEAA@XZ  000000018000c38c f i MSVCRT:throw_bad_alloc.obj
 0001:0000b3a0       ??_Gbad_array_new_length@std@@UEAAPEAXI@Z 000000018000c3a0 f i MSVCRT:throw_bad_alloc.obj
 0001:0000b3a0       ??_Eexception@std@@UEAAPEAXI@Z 000000018000c3a0 f i MSVCRT:throw_bad_alloc.obj
 0001:0000b3a0       ??_Gbad_alloc@std@@UEAAPEAXI@Z 000000018000c3a0 f i MSVCRT:throw_bad_alloc.obj
 0001:0000b3a0       ??_Ebad_array_new_length@std@@UEAAPEAXI@Z 000000018000c3a0 f i MSVCRT:throw_bad_alloc.obj
 0001:0000b3a0       ??_Gexception@std@@UEAAPEAXI@Z 000000018000c3a0 f i MSVCRT:throw_bad_alloc.obj
 0001:0000b3a0       ??_Ebad_alloc@std@@UEAAPEAXI@Z 000000018000c3a0 f i MSVCRT:throw_bad_alloc.obj
 0001:0000b3e4       ?__scrt_throw_std_bad_alloc@@YAXXZ 000000018000c3e4 f   MSVCRT:throw_bad_alloc.obj
 0001:0000b404       ?__scrt_throw_std_bad_array_new_length@@YAXXZ 000000018000c404 f   MSVCRT:throw_bad_alloc.obj
 0001:0000b424       ?what@exception@std@@UEBAPEBDXZ 000000018000c424 f i MSVCRT:throw_bad_alloc.obj
 0001:0000b438       __raise_securityfailure    000000018000c438 f   MSVCRT:gs_report.obj
 0001:0000b46c       __report_gsfailure         000000018000c46c f   MSVCRT:gs_report.obj
 0001:0000b5b4       __scrt_acquire_startup_lock 000000018000c5b4 f   MSVCRT:utility.obj
 0001:0000b5f0       __scrt_dllmain_after_initialize_c 000000018000c5f0 f   MSVCRT:utility.obj
 0001:0000b624       __scrt_dllmain_before_initialize_c 000000018000c624 f   MSVCRT:utility.obj
 0001:0000b63c       __scrt_dllmain_crt_thread_attach 000000018000c63c f   MSVCRT:utility.obj
 0001:0000b664       __scrt_dllmain_crt_thread_detach 000000018000c664 f   MSVCRT:utility.obj
 0001:0000b67c       __scrt_dllmain_exception_filter 000000018000c67c f   MSVCRT:utility.obj
 0001:0000b6e0       __scrt_dllmain_uninitialize_c 000000018000c6e0 f   MSVCRT:utility.obj
 0001:0000b710       __scrt_dllmain_uninitialize_critical 000000018000c710 f   MSVCRT:utility.obj
 0001:0000b724       __scrt_initialize_crt      000000018000c724 f   MSVCRT:utility.obj
 0001:0000b770       __scrt_initialize_onexit_tables 000000018000c770 f   MSVCRT:utility.obj
 0001:0000b83c       __scrt_is_nonwritable_in_current_image 000000018000c83c f   MSVCRT:utility.obj
 0001:0000b8d8       __scrt_release_startup_lock 000000018000c8d8 f   MSVCRT:utility.obj
 0001:0000b8fc       __scrt_uninitialize_crt    000000018000c8fc f   MSVCRT:utility.obj
 0001:0000b928       _onexit                    000000018000c928 f   MSVCRT:utility.obj
 0001:0000b978       atexit                     000000018000c978 f   MSVCRT:utility.obj
 0001:0000b990       __security_init_cookie     000000018000c990 f   MSVCRT:gs_support.obj
 0001:0000ba3c       DllMain                    000000018000ca3c f   MSVCRT:dll_dllmain_stub.obj
 0001:0000ba60       ?__scrt_initialize_type_info@@YAXXZ 000000018000ca60 f   MSVCRT:tncleanup.obj
 0001:0000ba70       ?__scrt_uninitialize_type_info@@YAXXZ 000000018000ca70 f   MSVCRT:tncleanup.obj
 0001:0000ba7c       __scrt_initialize_default_local_stdio_options 000000018000ca7c f   MSVCRT:default_local_stdio_options.obj
 0001:0000ba98       __scrt_get_dyn_tls_init_callback 000000018000ca98 f   MSVCRT:dyn_tls_init.obj
 0001:0000baa0       __scrt_fastfail            000000018000caa0 f   MSVCRT:utility_desktop.obj
 0001:0000bbe8       _RTC_Initialize            000000018000cbe8 f   MSVCRT:_initsect_.obj
 0001:0000bc34       _RTC_Terminate             000000018000cc34 f   MSVCRT:_initsect_.obj
 0001:0000bc80       _guard_check_icall         000000018000cc80 f i MSVCRT:checkcfg.obj
 0001:0000bc88       ??3@YAXPEAX_K@Z            000000018000cc88 f   MSVCRT:delete_scalar_size.obj
 0001:0000bc90       ??_Etype_info@@UEAAPEAXI@Z 000000018000cc90 f i MSVCRT:std_type_info_static.obj
 0001:0000bc90       ??_Gtype_info@@UEAAPEAXI@Z 000000018000cc90 f i MSVCRT:std_type_info_static.obj
 0001:0000bcbc       __isa_available_init       000000018000ccbc f   MSVCRT:_cpu_disp_.obj
 0001:0000be84       _get_startup_argv_mode     000000018000ce84 f   MSVCRT:argv_mode.obj
 0001:0000be8c       __scrt_is_ucrt_dll_in_use  000000018000ce8c f   MSVCRT:ucrt_detection.obj
 0001:0000be98       _guard_check_icall_nop     000000018000ce98 f i MSVCRT:guard_support.obj
 0001:0000bea0       _CxxThrowException         000000018000cea0 f   vcruntime:VCRUNTIME140.dll
 0001:0000bea6       __CxxFrameHandler3         000000018000cea6 f   vcruntime:VCRUNTIME140.dll
 0001:0000beac       memset                     000000018000ceac f   vcruntime:VCRUNTIME140.dll
 0001:0000beb2       __C_specific_handler       000000018000ceb2 f   vcruntime:VCRUNTIME140.dll
 0001:0000beb8       __std_exception_copy       000000018000ceb8 f   vcruntime:VCRUNTIME140.dll
 0001:0000bebe       __std_exception_destroy    000000018000cebe f   vcruntime:VCRUNTIME140.dll
 0001:0000bec4       __std_type_info_destroy_list 000000018000cec4 f   vcruntime:VCRUNTIME140.dll
 0001:0000beca       malloc                     000000018000ceca f   ucrt:api-ms-win-crt-heap-l1-1-0.dll
 0001:0000bed0       atan2f                     000000018000ced0 f   ucrt:api-ms-win-crt-math-l1-1-0.dll
 0001:0000bed6       sqrtf                      000000018000ced6 f   ucrt:api-ms-win-crt-math-l1-1-0.dll
 0001:0000bedc       free                       000000018000cedc f   ucrt:api-ms-win-crt-heap-l1-1-0.dll
 0001:0000bee2       _callnewh                  000000018000cee2 f   ucrt:api-ms-win-crt-heap-l1-1-0.dll
 0001:0000bee8       _initterm                  000000018000cee8 f   ucrt:api-ms-win-crt-runtime-l1-1-0.dll
 0001:0000beee       _initterm_e                000000018000ceee f   ucrt:api-ms-win-crt-runtime-l1-1-0.dll
 0001:0000bef4       _seh_filter_dll            000000018000cef4 f   ucrt:api-ms-win-crt-runtime-l1-1-0.dll
 0001:0000befa       _configure_narrow_argv     000000018000cefa f   ucrt:api-ms-win-crt-runtime-l1-1-0.dll
 0001:0000bf00       _initialize_narrow_environment 000000018000cf00 f   ucrt:api-ms-win-crt-runtime-l1-1-0.dll
 0001:0000bf06       _initialize_onexit_table   000000018000cf06 f   ucrt:api-ms-win-crt-runtime-l1-1-0.dll
 0001:0000bf0c       _register_onexit_function  000000018000cf0c f   ucrt:api-ms-win-crt-runtime-l1-1-0.dll
 0001:0000bf12       _execute_onexit_table      000000018000cf12 f   ucrt:api-ms-win-crt-runtime-l1-1-0.dll
 0001:0000bf18       _crt_atexit                000000018000cf18 f   ucrt:api-ms-win-crt-runtime-l1-1-0.dll
 0001:0000bf1e       _cexit                     000000018000cf1e f   ucrt:api-ms-win-crt-runtime-l1-1-0.dll
 0001:0000bf24       IsProcessorFeaturePresent  000000018000cf24 f   kernel32:KERNEL32.dll
 0001:0000bf2c       __acrt_uninitialize_critical 000000018000cf2c f   MSVCRT:ucrt_stubs.obj
 0001:0000bf2c       __acrt_uninitialize        000000018000cf2c f   MSVCRT:ucrt_stubs.obj
 0001:0000bf2c       __scrt_stub_for_acrt_uninitialize 000000018000cf2c f   MSVCRT:ucrt_stubs.obj
 0001:0000bf2c       __vcrt_thread_detach       000000018000cf2c f   MSVCRT:ucrt_stubs.obj
 0001:0000bf2c       __acrt_initialize          000000018000cf2c f   MSVCRT:ucrt_stubs.obj
 0001:0000bf2c       __scrt_stub_for_acrt_thread_detach 000000018000cf2c f   MSVCRT:ucrt_stubs.obj
 0001:0000bf2c       __scrt_stub_for_acrt_thread_attach 000000018000cf2c f   MSVCRT:ucrt_stubs.obj
 0001:0000bf2c       __vcrt_thread_attach       000000018000cf2c f   MSVCRT:ucrt_stubs.obj
 0001:0000bf2c       __scrt_stub_for_acrt_initialize 000000018000cf2c f   MSVCRT:ucrt_stubs.obj
 0001:0000bf2c       __vcrt_uninitialize        000000018000cf2c f   MSVCRT:ucrt_stubs.obj
 0001:0000bf2c       __acrt_thread_detach       000000018000cf2c f   MSVCRT:ucrt_stubs.obj
 0001:0000bf2c       __acrt_thread_attach       000000018000cf2c f   MSVCRT:ucrt_stubs.obj
 0001:0000bf2c       __vcrt_uninitialize_critical 000000018000cf2c f   MSVCRT:ucrt_stubs.obj
 0001:0000bf2c       __vcrt_initialize          000000018000cf2c f   MSVCRT:ucrt_stubs.obj
 0001:0000bf2c       __scrt_stub_for_acrt_uninitialize_critical 000000018000cf2c f   MSVCRT:ucrt_stubs.obj
 0001:0000bf30       _is_c_termination_complete 000000018000cf30 f   MSVCRT:ucrt_stubs.obj
 0001:0000bf30       __scrt_stub_for_is_c_termination_complete 000000018000cf30 f   MSVCRT:ucrt_stubs.obj
 0001:0000bf50       _guard_dispatch_icall_nop  000000018000cf50 f   MSVCRT:_guard_dispatch_.obj
 0002:00000000       __imp_CreateDCW            000000018000e000     gdi32:GDI32.dll
 0002:00000008       __imp_SetDeviceGammaRamp   000000018000e008     gdi32:GDI32.dll
 0002:00000010       __imp_DeleteDC             000000018000e010     gdi32:GDI32.dll
 0002:00000018       \177GDI32_NULL_THUNK_DATA  000000018000e018     gdi32:GDI32.dll
 0002:00000020       __imp_TlsGetValue          000000018000e020     kernel32:KERNEL32.dll
 0002:00000028       __imp_TlsFree              000000018000e028     kernel32:KERNEL32.dll
 0002:00000030       __imp_QueryPerformanceCounter 000000018000e030     kernel32:KERNEL32.dll
 0002:00000038       __imp_GetModuleHandleW     000000018000e038     kernel32:KERNEL32.dll
 0002:00000040       __imp_InitializeSListHead  000000018000e040     kernel32:KERNEL32.dll
 0002:00000048       __imp_IsDebuggerPresent    000000018000e048     kernel32:KERNEL32.dll
 0002:00000050       __imp_RtlCaptureContext    000000018000e050     kernel32:KERNEL32.dll
 0002:00000058       __imp_DisableThreadLibraryCalls 000000018000e058     kernel32:KERNEL32.dll
 0002:00000060       __imp_GetSystemTimeAsFileTime 000000018000e060     kernel32:KERNEL32.dll
 0002:00000068       __imp_GetCurrentThreadId   000000018000e068     kernel32:KERNEL32.dll
 0002:00000070       __imp_GetCurrentProcessId  000000018000e070     kernel32:KERNEL32.dll
 0002:00000078       __imp_IsProcessorFeaturePresent 000000018000e078     kernel32:KERNEL32.dll
 0002:00000080       __imp_TerminateProcess     000000018000e080     kernel32:KERNEL32.dll
 0002:00000088       __imp_GetCurrentProcess    000000018000e088     kernel32:KERNEL32.dll
 0002:00000090       __imp_SetUnhandledExceptionFilter 000000018000e090     kernel32:KERNEL32.dll
 0002:00000098       __imp_UnhandledExceptionFilter 000000018000e098     kernel32:KERNEL32.dll
 0002:000000a0       __imp_RtlVirtualUnwind     000000018000e0a0     kernel32:KERNEL32.dll
 0002:000000a8       __imp_RtlLookupFunctionEntry 000000018000e0a8     kernel32:KERNEL32.dll
 0002:000000b0       __imp_FreeLibrary          000000018000e0b0     kernel32:KERNEL32.dll
 0002:000000b8       \177KERNEL32_NULL_THUNK_DATA 000000018000e0b8     kernel32:KERNEL32.dll
 0002:000000c0       __imp_?_Xlength_error@std@@YAXPEBD@Z 000000018000e0c0     msvcprt:MSVCP140.dll
 0002:000000c8       __imp_?_Xbad_alloc@std@@YAXXZ 000000018000e0c8     msvcprt:MSVCP140.dll
 0002:000000d0       \177MSVCP140_NULL_THUNK_DATA 000000018000e0d0     msvcprt:MSVCP140.dll
 0002:000000d8       __imp_alcCloseDevice       000000018000e0d8     OpenAL32:OpenAL32.dll
 0002:000000e0       __imp_alcGetContextsDevice 000000018000e0e0     OpenAL32:OpenAL32.dll
 0002:000000e8       __imp_alcDestroyContext    000000018000e0e8     OpenAL32:OpenAL32.dll
 0002:000000f0       __imp_alcMakeContextCurrent 000000018000e0f0     OpenAL32:OpenAL32.dll
 0002:000000f8       __imp_alDeleteBuffers      000000018000e0f8     OpenAL32:OpenAL32.dll
 0002:00000100       __imp_alSourcePause        000000018000e100     OpenAL32:OpenAL32.dll
 0002:00000108       __imp_alSourceStop         000000018000e108     OpenAL32:OpenAL32.dll
 0002:00000110       __imp_alSourcePlay         000000018000e110     OpenAL32:OpenAL32.dll
 0002:00000118       __imp_alGetSourcei         000000018000e118     OpenAL32:OpenAL32.dll
 0002:00000120       __imp_alSourcei            000000018000e120     OpenAL32:OpenAL32.dll
 0002:00000128       __imp_alSource3f           000000018000e128     OpenAL32:OpenAL32.dll
 0002:00000130       __imp_alSourcef            000000018000e130     OpenAL32:OpenAL32.dll
 0002:00000138       __imp_alDeleteSources      000000018000e138     OpenAL32:OpenAL32.dll
 0002:00000140       \177OpenAL32_NULL_THUNK_DATA 000000018000e140     OpenAL32:OpenAL32.dll
 0002:00000148       __imp_DestroyIcon          000000018000e148     user32:USER32.dll
 0002:00000150       __imp_LoadCursorW          000000018000e150     user32:USER32.dll
 0002:00000158       __imp_PtInRect             000000018000e158     user32:USER32.dll
 0002:00000160       __imp_WindowFromPoint      000000018000e160     user32:USER32.dll
 0002:00000168       __imp_ClientToScreen       000000018000e168     user32:USER32.dll
 0002:00000170       __imp_GetCursorPos         000000018000e170     user32:USER32.dll
 0002:00000178       __imp_SetCursor            000000018000e178     user32:USER32.dll
 0002:00000180       __imp_GetClientRect        000000018000e180     user32:USER32.dll
 0002:00000188       __imp_RemovePropW          000000018000e188     user32:USER32.dll
 0002:00000190       __imp_DestroyWindow        000000018000e190     user32:USER32.dll
 0002:00000198       __imp_SystemParametersInfoW 000000018000e198     user32:USER32.dll
 0002:000001a0       __imp_ChangeDisplaySettingsExW 000000018000e1a0     user32:USER32.dll
 0002:000001a8       __imp_UnregisterClassW     000000018000e1a8     user32:USER32.dll
 0002:000001b0       \177USER32_NULL_THUNK_DATA 000000018000e1b0     user32:USER32.dll
 0002:000001b8       __imp___C_specific_handler 000000018000e1b8     vcruntime:VCRUNTIME140.dll
 0002:000001c0       __imp___std_exception_destroy 000000018000e1c0     vcruntime:VCRUNTIME140.dll
 0002:000001c8       __imp___std_type_info_destroy_list 000000018000e1c8     vcruntime:VCRUNTIME140.dll
 0002:000001d0       __imp___std_exception_copy 000000018000e1d0     vcruntime:VCRUNTIME140.dll
 0002:000001d8       __imp_memset               000000018000e1d8     vcruntime:VCRUNTIME140.dll
 0002:000001e0       __imp___CxxFrameHandler3   000000018000e1e0     vcruntime:VCRUNTIME140.dll
 0002:000001e8       __imp__CxxThrowException   000000018000e1e8     vcruntime:VCRUNTIME140.dll
 0002:000001f0       \177VCRUNTIME140_NULL_THUNK_DATA 000000018000e1f0     vcruntime:VCRUNTIME140.dll
 0002:000001f8       __imp__callnewh            000000018000e1f8     ucrt:api-ms-win-crt-heap-l1-1-0.dll
 0002:00000200       __imp_free                 000000018000e200     ucrt:api-ms-win-crt-heap-l1-1-0.dll
 0002:00000208       __imp_malloc               000000018000e208     ucrt:api-ms-win-crt-heap-l1-1-0.dll
 0002:00000210       \177api-ms-win-crt-heap-l1-1-0_NULL_THUNK_DATA 000000018000e210     ucrt:api-ms-win-crt-heap-l1-1-0.dll
 0002:00000218       __imp_sqrtf                000000018000e218     ucrt:api-ms-win-crt-math-l1-1-0.dll
 0002:00000220       __imp_atan2f               000000018000e220     ucrt:api-ms-win-crt-math-l1-1-0.dll
 0002:00000228       \177api-ms-win-crt-math-l1-1-0_NULL_THUNK_DATA 000000018000e228     ucrt:api-ms-win-crt-math-l1-1-0.dll
[...]
 0004:000005dc       $pdata$?_Root@?$_Tree@V?$_Tmap_traits@HIU?$less@H@std@@V?$allocator@U?$pair@$$CBHI@std@@@2@$0A@@std@@@std@@IEBAAEAPEAU?$_Tree_node@U?$pair@$$CBHI@std@@PEAX@2@XZ 00000001800135dc     game.obj
 0004:000005dc       $pdata$?_Root@?$_Tree@V?$_Tmap_traits@H_NU?$less@H@std@@V?$allocator@U?$pair@$$CBH_N@std@@@2@$0A@@std@@@std@@IEBAAEAPEAU?$_Tree_node@U?$pair@$$CBH_N@std@@PEAX@2@XZ 00000001800135dc     game.obj
 0004:000005e8       $pdata$?_Rrotate@?$_Tree@V?$_Tmap_traits@H_NU?$less@H@std@@V?$allocator@U?$pair@$$CBH_N@std@@@2@$0A@@std@@@std@@IEAAXPEAU?$_Tree_node@U?$pair@$$CBH_N@std@@PEAX@2@@Z 00000001800135e8     game.obj
 0004:000005e8       $pdata$?_Rrotate@?$_Tree@V?$_Tmap_traits@HIU?$less@H@std@@V?$allocator@U?$pair@$$CBHI@std@@@2@$0A@@std@@@std@@IEAAXPEAU?$_Tree_node@U?$pair@$$CBHI@std@@PEAX@2@@Z 00000001800135e8     game.obj
 0004:000005f4       $pdata$?allocate@?$_Wrap_alloc@V?$allocator@U?$_Tree_node@U?$pair@$$CBH_N@std@@PEAX@std@@@std@@@std@@QEAAPEAU?$_Tree_node@U?$pair@$$CBH_N@std@@PEAX@2@_K@Z 00000001800135f4     game.obj
 0004:000005f4       $pdata$?allocate@?$_Wrap_alloc@V?$allocator@U?$_Tree_node@U?$pair@$$CBHI@std@@PEAX@std@@@std@@@std@@QEAAPEAU?$_Tree_node@U?$pair@$$CBHI@std@@PEAX@2@_K@Z 00000001800135f4     game.obj
 0004:00000600       $pdata$?allocate@?$allocator@U?$_Tree_node@U?$pair@$$CBHI@std@@PEAX@std@@@std@@QEAAPEAU?$_Tree_node@U?$pair@$$CBHI@std@@PEAX@2@_K@Z 0000000180013600     game.obj
 0004:00000600       $pdata$?allocate@?$allocator@U?$_Tree_node@U?$pair@$$CBH_N@std@@PEAX@std@@@std@@QEAAPEAU?$_Tree_node@U?$pair@$$CBH_N@std@@PEAX@2@_K@Z 0000000180013600     game.obj
 0004:0000060c       $pdata$?atan2@@YAMMM@Z     000000018001360c     game.obj
 0004:00000618       $pdata$?begin@?$_Tree@V?$_Tmap_traits@HIU?$less@H@std@@V?$allocator@U?$pair@$$CBHI@std@@@2@$0A@@std@@@std@@QEAA?AV?$_Tree_iterator@V?$_Tree_val@U?$_Tree_simple_types@U?$pair@$$CBHI@std@@@std@@@std@@@2@XZ 0000000180013618     game.obj
 0004:00000624       $pdata$?begin@?$_Tree@V?$_Tmap_traits@H_NU?$less@H@std@@V?$allocator@U?$pair@$$CBH_N@std@@@2@$0A@@std@@@std@@QEAA?AV?$_Tree_iterator@V?$_Tree_val@U?$_Tree_simple_types@U?$pair@$$CBH_N@std@@@std@@@std@@@2@XZ 0000000180013624     game.obj
 0004:00000630       $pdata$?call@?$compute_dot@Utvec2@glm@@M$0A@$0A@@detail@glm@@SAMAEBU?$tvec2@M$0A@@3@0@Z 0000000180013630     game.obj
 0004:0000063c       $pdata$?call@?$compute_inverse@Utmat4x4@glm@@M$0A@$0A@@detail@glm@@SA?AU?$tmat4x4@M$0A@@3@AEBU43@@Z 000000018001363c     game.obj
 0004:00000648       $pdata$?call@?$compute_normalize@M$0A@Utvec2@glm@@$0A@@detail@glm@@SA?AU?$tvec2@M$0A@@3@AEBU43@@Z 0000000180013648     game.obj
 0004:00000654       $pdata$?call@?$compute_vec4_add@M$0A@$0A@@detail@glm@@SA?AU?$tvec4@M$0A@@3@AEBU43@0@Z 0000000180013654     game.obj
 0004:00000660       $pdata$?call@?$compute_vec4_div@M$0A@$0A@@detail@glm@@SA?AU?$tvec4@M$0A@@3@AEBU43@0@Z 0000000180013660     game.obj
 0004:0000066c       $pdata$?call@?$compute_vec4_mul@M$0A@$0A@@detail@glm@@SA?AU?$tvec4@M$0A@@3@AEBU43@0@Z 000000018001366c     game.obj
 0004:00000678       $pdata$?call@?$compute_vec4_sub@M$0A@$0A@@detail@glm@@SA?AU?$tvec4@M$0A@@3@AEBU43@0@Z 0000000180013678     game.obj
 0004:00000684       $pdata$?deallocate@?$_Wrap_alloc@V?$allocator@U?$_Tree_node@U?$pair@$$CBH_N@std@@PEAX@std@@@std@@@std@@QEAAXPEAU?$_Tree_node@U?$pair@$$CBH_N@std@@PEAX@2@_K@Z 0000000180013684     game.obj
 0004:00000684       $pdata$?deallocate@?$_Wrap_alloc@V?$allocator@U?$_Tree_node@U?$pair@$$CBHI@std@@PEAX@std@@@std@@@std@@QEAAXPEAU?$_Tree_node@U?$pair@$$CBHI@std@@PEAX@2@_K@Z 0000000180013684     game.obj
 0004:00000690       $pdata$?deallocate@?$allocator@U?$_Tree_node@U?$pair@$$CBH_N@std@@PEAX@std@@@std@@QEAAXPEAU?$_Tree_node@U?$pair@$$CBH_N@std@@PEAX@2@_K@Z 0000000180013690     game.obj
 0004:00000690       $pdata$?deallocate@?$allocator@U?$_Tree_node@U?$pair@$$CBHI@std@@PEAX@std@@@std@@QEAAXPEAU?$_Tree_node@U?$pair@$$CBHI@std@@PEAX@2@_K@Z 0000000180013690     game.obj
 0004:0000069c       $pdata$?end@?$_Tree@V?$_Tmap_traits@HIU?$less@H@std@@V?$allocator@U?$pair@$$CBHI@std@@@2@$0A@@std@@@std@@QEAA?AV?$_Tree_iterator@V?$_Tree_val@U?$_Tree_simple_types@U?$pair@$$CBHI@std@@@std@@@std@@@2@XZ 000000018001369c     game.obj
 0004:000006a8       $pdata$?end@?$_Tree@V?$_Tmap_traits@H_NU?$less@H@std@@V?$allocator@U?$pair@$$CBH_N@std@@@2@$0A@@std@@@std@@QEAA?AV?$_Tree_iterator@V?$_Tree_val@U?$_Tree_simple_types@U?$pair@$$CBH_N@std@@@std@@@std@@@2@XZ 00000001800136a8     game.obj
 0004:000006b4       $pdata$?lower_bound@?$_Tree@V?$_Tmap_traits@H_NU?$less@H@std@@V?$allocator@U?$pair@$$CBH_N@std@@@2@$0A@@std@@@std@@QEAA?AV?$_Tree_iterator@V?$_Tree_val@U?$_Tree_simple_types@U?$pair@$$CBH_N@std@@@std@@@std@@@2@AEBH@Z 00000001800136b4     game.obj
 0004:000006b4       $pdata$?lower_bound@?$_Tree@V?$_Tmap_traits@HIU?$less@H@std@@V?$allocator@U?$pair@$$CBHI@std@@@2@$0A@@std@@@std@@QEAA?AV?$_Tree_iterator@V?$_Tree_val@U?$_Tree_simple_types@U?$pair@$$CBHI@std@@@std@@@std@@@2@AEBH@Z 00000001800136b4     game.obj
 0004:000006c0       $pdata$?max_size@?$_Tree@V?$_Tmap_traits@H_NU?$less@H@std@@V?$allocator@U?$pair@$$CBH_N@std@@@2@$0A@@std@@@std@@QEBA_KXZ 00000001800136c0     game.obj
 0004:000006c0       $pdata$?max_size@?$_Tree@V?$_Tmap_traits@HIU?$less@H@std@@V?$allocator@U?$pair@$$CBHI@std@@@2@$0A@@std@@@std@@QEBA_KXZ 00000001800136c0     game.obj
 0004:000006cc       $pdata$?max_size@?$_Wrap_alloc@V?$allocator@U?$_Tree_node@U?$pair@$$CBH_N@std@@PEAX@std@@@std@@@std@@QEBA_KU_Nil@2@@Z 00000001800136cc     game.obj
 0004:000006cc       $pdata$?max_size@?$_Wrap_alloc@V?$allocator@U?$_Tree_node@U?$pair@$$CBHI@std@@PEAX@std@@@std@@@std@@QEBA_KU_Nil@2@@Z 00000001800136cc     game.obj
 0004:000006d8       $pdata$?max_size@?$allocator_traits@V?$allocator@U?$_Tree_node@U?$pair@$$CBHI@std@@PEAX@std@@@std@@@std@@SA_KAEBV?$allocator@U?$_Tree_node@U?$pair@$$CBHI@std@@PEAX@std@@@2@@Z 00000001800136d8     game.obj
 0004:000006d8       $pdata$?max_size@?$allocator_traits@V?$allocator@U?$_Tree_node@U?$pair@$$CBH_N@std@@PEAX@std@@@std@@@std@@SA_KAEBV?$allocator@U?$_Tree_node@U?$pair@$$CBH_N@std@@PEAX@std@@@2@@Z 00000001800136d8     game.obj
 0004:000006e4       $pdata$?pointer_to@?$pointer_traits@PEAU?$pair@$$CBH_N@std@@@std@@SAPEAU?$pair@$$CBH_N@2@AEAU32@@Z 00000001800136e4     game.obj
 0004:000006e4       $pdata$?_Left@?$_Tree_comp_alloc@V?$_Tmap_traits@H_NU?$less@H@std@@V?$allocator@U?$pair@$$CBH_N@std@@@2@$0A@@std@@@std@@SAAEAPEAU?$_Tree_node@U?$pair@$$CBH_N@std@@PEAX@2@PEAU32@@Z 00000001800136e4     game.obj
 0004:000006e4       $pdata$?_Left@?$_Tree_comp_alloc@V?$_Tmap_traits@HIU?$less@H@std@@V?$allocator@U?$pair@$$CBHI@std@@@2@$0A@@std@@@std@@SAAEAPEAU?$_Tree_node@U?$pair@$$CBHI@std@@PEAX@2@PEAU32@@Z 00000001800136e4     game.obj
 0004:000006e4       $pdata$?pointer_to@?$pointer_traits@PEAU?$pair@$$CBHI@std@@@std@@SAPEAU?$pair@$$CBHI@2@AEAU32@@Z 00000001800136e4     game.obj
 0004:000006f0       $pdata$?size@?$_Tree@V?$_Tmap_traits@HIU?$less@H@std@@V?$allocator@U?$pair@$$CBHI@std@@@2@$0A@@std@@@std@@QEBA_KXZ 00000001800136f0     game.obj
 0004:000006f0       $pdata$?size@?$_Tree@V?$_Tmap_traits@H_NU?$less@H@std@@V?$allocator@U?$pair@$$CBH_N@std@@@2@$0A@@std@@@std@@QEBA_KXZ 00000001800136f0     game.obj
 0004:000006fc       $pdata$?sqrt@@YAMM@Z       00000001800136fc     game.obj
 0004:00000708       $pdata$_vsnprintf_l        0000000180013708     game.obj
 0004:00000714       $pdata$_vsprintf_l         0000000180013714     game.obj
 0004:00000720       $pdata$sprintf             0000000180013720     game.obj
 0004:0000072c       $pdata$_glfwInputError     000000018001372c     glfw3:init.c.obj
 0004:00000738       $pdata$0$_glfwInputError   0000000180013738     glfw3:init.c.obj
 0004:00000744       $pdata$1$_glfwInputError   0000000180013744     glfw3:init.c.obj
 0004:00000750       $pdata$glfwTerminate       0000000180013750     glfw3:init.c.obj
 0004:0000075c       $pdata$0$glfwTerminate     000000018001375c     glfw3:init.c.obj
 0004:00000768       $pdata$1$glfwTerminate     0000000180013768     glfw3:init.c.obj
 0004:00000774       $pdata$2$glfwTerminate     0000000180013774     glfw3:init.c.obj
 0004:00000780       $pdata$3$glfwTerminate     0000000180013780     glfw3:init.c.obj
 0004:0000078c       $pdata$glfwDestroyWindow   000000018001378c     glfw3:window.c.obj
 0004:00000798       $pdata$glfwGetWindowUserPointer 0000000180013798     glfw3:window.c.obj
 0004:000007a4       $pdata$glfwDestroyCursor   00000001800137a4     glfw3:input.c.obj
 0004:000007b0       $pdata$0$glfwDestroyCursor 00000001800137b0     glfw3:input.c.obj
 0004:000007bc       $pdata$1$glfwDestroyCursor 00000001800137bc     glfw3:input.c.obj
 0004:000007c8       $pdata$2$glfwDestroyCursor 00000001800137c8     glfw3:input.c.obj
 0004:000007d4       $pdata$3$glfwDestroyCursor 00000001800137d4     glfw3:input.c.obj
 0004:000007e0       $pdata$_glfwPlatformTerminate 00000001800137e0     glfw3:win32_init.c.obj
 0004:000007ec       $pdata$freeLibraries       00000001800137ec     glfw3:win32_init.c.obj
 0004:000007f8       $pdata$_glfwPlatformSetGammaRamp 00000001800137f8     glfw3:win32_monitor.c.obj
 0004:00000804       $pdata$_glfwRestoreVideoModeWin32 0000000180013804     glfw3:win32_monitor.c.obj
 0004:00000810       $pdata$_glfwFreeMonitors   0000000180013810     glfw3:monitor.c.obj
 0004:0000081c       $pdata$0$_glfwFreeMonitors 000000018001381c     glfw3:monitor.c.obj
 0004:00000828       $pdata$1$_glfwFreeMonitors 0000000180013828     glfw3:monitor.c.obj
 0004:00000834       $pdata$_glfwTerminateVulkan 0000000180013834     glfw3:vulkan.c.obj
 0004:00000840       $pdata$glfwMakeContextCurrent 0000000180013840     glfw3:context.c.obj
 0004:0000084c       $pdata$_glfwPlatformDestroyWindow 000000018001384c     glfw3:win32_window.c.obj
 0004:00000858       $pdata$_glfwPlatformGetFramebufferSize 0000000180013858     glfw3:win32_window.c.obj
 0004:00000864       $pdata$_glfwPlatformSetCursor 0000000180013864     glfw3:win32_window.c.obj
 0004:00000870       $pdata$_glfwUnregisterWindowClassWin32 0000000180013870     glfw3:win32_window.c.obj
 0004:0000087c       $pdata$cursorInClientArea  000000018001387c     glfw3:win32_window.c.obj
 0004:00000888       $pdata$_glfwTerminateJoysticksWin32 0000000180013888     glfw3:win32_joystick.c.obj
 0004:00000894       $pdata$_glfwTerminateEGL   0000000180013894     glfw3:egl_context.c.obj
 0004:000008a0       $pdata$??2@YAPEAX_K@Z      00000001800138a0     MSVCRT:new_scalar.obj
 0004:000008ac       $pdata$__GSHandlerCheck    00000001800138ac     MSVCRT:_gshandler_.obj
 0004:000008b8       $pdata$__GSHandlerCheckCommon 00000001800138b8     MSVCRT:_gshandler_.obj
 0004:000008d0       $pdata$?dllmain_crt_dispatch@@YAHQEAUHINSTANCE__@@KQEAX@Z 00000001800138d0     MSVCRT:dll_dllmain.obj
 0004:000008dc       $pdata$?dllmain_crt_process_attach@@YAHQEAUHINSTANCE__@@QEAX@Z 00000001800138dc     MSVCRT:dll_dllmain.obj
 0004:000008e8       $pdata$?dllmain_crt_process_detach@@YAH_N@Z 00000001800138e8     MSVCRT:dll_dllmain.obj
 0004:000008f4       $pdata$?dllmain_dispatch@@YAHQEAUHINSTANCE__@@KQEAX@Z 00000001800138f4     MSVCRT:dll_dllmain.obj
 0004:00000900       $pdata$?dllmain_raw@@YAHQEAUHINSTANCE__@@KQEAX@Z 0000000180013900     MSVCRT:dll_dllmain.obj
 0004:0000090c       $pdata$_DllMainCRTStartup  000000018001390c     MSVCRT:dll_dllmain.obj
 0004:00000924       $pdata$??0bad_alloc@std@@QEAA@AEBV01@@Z 0000000180013924     MSVCRT:throw_bad_alloc.obj
 0004:00000930       $pdata$??0bad_array_new_length@std@@QEAA@AEBV01@@Z 0000000180013930     MSVCRT:throw_bad_alloc.obj
 0004:0000093c       $pdata$??0exception@std@@QEAA@AEBV01@@Z 000000018001393c     MSVCRT:throw_bad_alloc.obj
 0004:00000948       $pdata$??_Gbad_alloc@std@@UEAAPEAXI@Z 0000000180013948     MSVCRT:throw_bad_alloc.obj
 0004:00000948       $pdata$??_Gbad_array_new_length@std@@UEAAPEAXI@Z 0000000180013948     MSVCRT:throw_bad_alloc.obj
 0004:00000948       $pdata$??_Gexception@std@@UEAAPEAXI@Z 0000000180013948     MSVCRT:throw_bad_alloc.obj
 0004:00000954       $pdata$?__scrt_throw_std_bad_alloc@@YAXXZ 0000000180013954     MSVCRT:throw_bad_alloc.obj
 0004:00000960       $pdata$?__scrt_throw_std_bad_array_new_length@@YAXXZ 0000000180013960     MSVCRT:throw_bad_alloc.obj
 0004:0000096c       $pdata$__raise_securityfailure 000000018001396c     MSVCRT:gs_report.obj
 0004:00000978       $pdata$__report_gsfailure  0000000180013978     MSVCRT:gs_report.obj
 0004:00000984       $pdata$capture_previous_context 0000000180013984     MSVCRT:gs_report.obj
 0004:00000990       $pdata$__scrt_acquire_startup_lock 0000000180013990     MSVCRT:utility.obj
 0004:0000099c       $pdata$__scrt_dllmain_after_initialize_c 000000018001399c     MSVCRT:utility.obj
 0004:000009a8       $pdata$__scrt_dllmain_before_initialize_c 00000001800139a8     MSVCRT:utility.obj
 0004:000009b4       $pdata$__scrt_dllmain_crt_thread_attach 00000001800139b4     MSVCRT:utility.obj
 0004:000009c0       $pdata$__scrt_dllmain_crt_thread_detach 00000001800139c0     MSVCRT:utility.obj
 0004:000009cc       $pdata$__scrt_dllmain_exception_filter 00000001800139cc     MSVCRT:utility.obj
 0004:000009d8       $pdata$__scrt_dllmain_uninitialize_c 00000001800139d8     MSVCRT:utility.obj
 0004:000009e4       $pdata$__scrt_dllmain_uninitialize_critical 00000001800139e4     MSVCRT:utility.obj
 0004:000009f0       $pdata$__scrt_initialize_crt 00000001800139f0     MSVCRT:utility.obj
 0004:000009fc       $pdata$__scrt_initialize_onexit_tables 00000001800139fc     MSVCRT:utility.obj
 0004:00000a08       $pdata$__scrt_is_nonwritable_in_current_image 0000000180013a08     MSVCRT:utility.obj
 0004:00000a14       $pdata$__scrt_release_startup_lock 0000000180013a14     MSVCRT:utility.obj
 0004:00000a20       $pdata$__scrt_uninitialize_crt 0000000180013a20     MSVCRT:utility.obj
 0004:00000a2c       $pdata$_onexit             0000000180013a2c     MSVCRT:utility.obj
 0004:00000a38       $pdata$atexit              0000000180013a38     MSVCRT:utility.obj
 0004:00000a44       $pdata$__security_init_cookie 0000000180013a44     MSVCRT:gs_support.obj
 0004:00000a50       $pdata$DllMain             0000000180013a50     MSVCRT:dll_dllmain_stub.obj
 0004:00000a5c       $pdata$__scrt_initialize_default_local_stdio_options 0000000180013a5c     MSVCRT:default_local_stdio_options.obj
 0004:00000a68       $pdata$__scrt_fastfail     0000000180013a68     MSVCRT:utility_desktop.obj
 0004:00000a74       $pdata$_RTC_Initialize     0000000180013a74     MSVCRT:_initsect_.obj
 0004:00000a80       $pdata$_RTC_Terminate      0000000180013a80     MSVCRT:_initsect_.obj
 0004:00000a8c       $pdata$??_Gtype_info@@UEAAPEAXI@Z 0000000180013a8c     MSVCRT:std_type_info_static.obj
 0004:00000a98       $pdata$__isa_available_init 0000000180013a98     MSVCRT:_cpu_disp_.obj
 0004:00000ab0       $pdata$?catch$0@?0???$_Buynode@AEBUpiecewise_construct_t@std@@V?$tuple@AEBH@2@V?$tuple@$$V@2@@?$_Tree_comp_alloc@V?$_Tmap_traits@HIU?$less@H@std@@V?$allocator@U?$pair@$$CBHI@std@@@2@$0A@@std@@@std@@QEAAPEAU?$_Tree_node@U?$pair@$$CBHI@std@@PEAX@1@AEBUpiecewise_construct_t@1@$$QEAV?$tuple@AEBH@1@$$QEAV?$tuple@$$V@1@@Z@4HA 0000000180013ab0     game.obj
 0004:00000abc       $pdata$?catch$0@?0???$_Buynode@AEBUpiecewise_construct_t@std@@V?$tuple@AEBH@2@V?$tuple@$$V@2@@?$_Tree_comp_alloc@V?$_Tmap_traits@H_NU?$less@H@std@@V?$allocator@U?$pair@$$CBH_N@std@@@2@$0A@@std@@@std@@QEAAPEAU?$_Tree_node@U?$pair@$$CBH_N@std@@PEAX@1@AEBUpiecewise_construct_t@1@$$QEAV?$tuple@AEBH@1@$$QEAV?$tuple@$$V@1@@Z@4HA 0000000180013abc     game.obj
 0004:00000ac8       $pdata$?catch$0@?0???$_Insert_hint@AEAU?$pair@$$CBHI@std@@PEAU?$_Tree_node@U?$pair@$$CBHI@std@@PEAX@2@@?$_Tree@V?$_Tmap_traits@HIU?$less@H@std@@V?$allocator@U?$pair@$$CBHI@std@@@2@$0A@@std@@@std@@IEAA?AV?$_Tree_iterator@V?$_Tree_val@U?$_Tree_simple_types@U?$pair@$$CBHI@std@@@std@@@std@@@1@V?$_Tree_const_iterator@V?$_Tree_val@U?$_Tree_simple_types@U?$pair@$$CBHI@std@@@std@@@std@@@1@AEAU?$pair@$$CBHI@1@PEAU?$_Tree_node@U?$pair@$$CBHI@std@@PEAX@1@@Z@4HA 0000000180013ac8     game.obj
 0004:00000ad4       $pdata$?catch$0@?0???$_Insert_hint@AEAU?$pair@$$CBH_N@std@@PEAU?$_Tree_node@U?$pair@$$CBH_N@std@@PEAX@2@@?$_Tree@V?$_Tmap_traits@H_NU?$less@H@std@@V?$allocator@U?$pair@$$CBH_N@std@@@2@$0A@@std@@@std@@IEAA?AV?$_Tree_iterator@V?$_Tree_val@U?$_Tree_simple_types@U?$pair@$$CBH_N@std@@@std@@@std@@@1@V?$_Tree_const_iterator@V?$_Tree_val@U?$_Tree_simple_types@U?$pair@$$CBH_N@std@@@std@@@std@@@1@AEAU?$pair@$$CBH_N@1@PEAU?$_Tree_node@U?$pair@$$CBH_N@std@@PEAX@1@@Z@4HA 0000000180013ad4     game.obj
 0004:00000ae0       $pdata$?catch$0@?0???$_Insert_nohint@AEAU?$pair@$$CBHI@std@@PEAU?$_Tree_node@U?$pair@$$CBHI@std@@PEAX@2@@?$_Tree@V?$_Tmap_traits@HIU?$less@H@std@@V?$allocator@U?$pair@$$CBHI@std@@@2@$0A@@std@@@std@@IEAA?AU?$pair@V?$_Tree_iterator@V?$_Tree_val@U?$_Tree_simple_types@U?$pair@$$CBHI@std@@@std@@@std@@@std@@_N@1@_NAEAU?$pair@$$CBHI@1@PEAU?$_Tree_node@U?$pair@$$CBHI@std@@PEAX@1@@Z@4HA 0000000180013ae0     game.obj
 0004:00000aec       $pdata$?catch$0@?0???$_Insert_nohint@AEAU?$pair@$$CBH_N@std@@PEAU?$_Tree_node@U?$pair@$$CBH_N@std@@PEAX@2@@?$_Tree@V?$_Tmap_traits@H_NU?$less@H@std@@V?$allocator@U?$pair@$$CBH_N@std@@@2@$0A@@std@@@std@@IEAA?AU?$pair@V?$_Tree_iterator@V?$_Tree_val@U?$_Tree_simple_types@U?$pair@$$CBH_N@std@@@std@@@std@@@std@@_N@1@_NAEAU?$pair@$$CBH_N@1@PEAU?$_Tree_node@U?$pair@$$CBH_N@std@@PEAX@1@@Z@4HA 0000000180013aec     game.obj
 0004:00000af8       $pdata$?dtor$0@?0???$construct@U?$pair@$$CBHI@std@@AEBUpiecewise_construct_t@2@V?$tuple@AEBH@2@V?$tuple@$$V@2@@?$allocator@U?$_Tree_node@U?$pair@$$CBHI@std@@PEAX@std@@@std@@QEAAXPEAU?$pair@$$CBHI@1@AEBUpiecewise_construct_t@1@$$QEAV?$tuple@AEBH@1@$$QEAV?$tuple@$$V@1@@Z@4HA 0000000180013af8     game.obj
 0004:00000af8       $pdata$?dtor$0@?0???$construct@U?$pair@$$CBH_N@std@@AEBUpiecewise_construct_t@2@V?$tuple@AEBH@2@V?$tuple@$$V@2@@?$allocator@U?$_Tree_node@U?$pair@$$CBH_N@std@@PEAX@std@@@std@@QEAAXPEAU?$pair@$$CBH_N@1@AEBUpiecewise_construct_t@1@$$QEAV?$tuple@AEBH@1@$$QEAV?$tuple@$$V@1@@Z@4HA 0000000180013af8     game.obj
 0004:00000b04       $pdata$?catch$0@?0??_Buynode0@?$_Tree_comp_alloc@V?$_Tmap_traits@HIU?$less@H@std@@V?$allocator@U?$pair@$$CBHI@std@@@2@$0A@@std@@@std@@QEAAPEAU?$_Tree_node@U?$pair@$$CBHI@std@@PEAX@2@XZ@4HA 0000000180013b04     game.obj
 0004:00000b10       $pdata$?catch$0@?0??_Buynode0@?$_Tree_comp_alloc@V?$_Tmap_traits@H_NU?$less@H@std@@V?$allocator@U?$pair@$$CBH_N@std@@@2@$0A@@std@@@std@@QEAAPEAU?$_Tree_node@U?$pair@$$CBH_N@std@@PEAX@2@XZ@4HA 0000000180013b10     game.obj
 0004:00000b1c       $pdata$?fin$0@?0??dllmain_crt_process_attach@@YAHQEAUHINSTANCE__@@QEAX@Z@4HA 0000000180013b1c     MSVCRT:dll_dllmain.obj
 0004:00000b28       $pdata$?fin$0@?0??dllmain_crt_process_detach@@YAH_N@Z@4HA 0000000180013b28     MSVCRT:dll_dllmain.obj
 0004:00000b34       $pdata$?filt$0@?0??dllmain_dispatch@@YAHQEAUHINSTANCE__@@KQEAX@Z@4HA 0000000180013b34     MSVCRT:dll_dllmain.obj
 0004:00000b40       $pdata$__scrt_is_nonwritable_in_current_image$filt$0 0000000180013b40     MSVCRT:utility.obj
 0005:00000000       __guard_fids_?dllmain_crt_process_attach@@YAHQEAUHINSTANCE__@@QEAX@Z 0000000180014000     MSVCRT:dll_dllmain.obj
 0005:00000008       __guard_fids_?dllmain_dispatch@@YAHQEAUHINSTANCE__@@KQEAX@Z 0000000180014008     MSVCRT:dll_dllmain.obj
 0005:0000000c       __guard_fids__             000000018001400c     MSVCRT:throw_bad_alloc.obj
 0005:00000014       __guard_fids__             0000000180014014     MSVCRT:throw_bad_alloc.obj
 0005:0000001c       __guard_fids__             000000018001401c     MSVCRT:throw_bad_alloc.obj
 0005:00000024       __guard_fids__             0000000180014024     MSVCRT:std_type_info_static.obj
 0005:00000028       __guard_fids__             0000000180014028     MSVCRT:guard_support.obj
